10-25 20:51:59.729 27760  4220 W ErrorProcessor: 	at com.google.android.apps.gsa.staticplugins.microdetection.d.l.run(Unknown Source:14)
10-25 20:51:59.729 27760  4220 W ErrorProcessor: 	at com.google.android.libraries.gsa.runner.a.a.b(SourceFile:32)
10-25 20:51:59.729 27760  4220 W ErrorProcessor: 	at com.google.android.libraries.gsa.runner.a.c.call(Unknown Source:4)
10-25 20:51:59.729 27760  4220 W ErrorProcessor: 	at java.util.concurrent.FutureTask.run(FutureTask.java:266)
10-25 20:51:59.729 27760  4220 W ErrorProcessor: 	at java.util.concurrent.Executors$RunnableAdapter.call(Executors.java:458)
10-25 20:51:59.729 27760  4220 W ErrorProcessor: 	at java.util.concurrent.FutureTask.run(FutureTask.java:266)
10-25 20:51:59.729 27760  4220 W ErrorProcessor: 	at com.google.android.apps.gsa.shared.util.concurrent.b.g.run(Unknown Source:4)
10-25 20:51:59.729 27760  4220 W ErrorProcessor: 	at com.google.android.apps.gsa.shared.util.concurrent.b.aw.run(SourceFile:4)
10-25 20:51:59.729 27760  4220 W ErrorProcessor: 	at com.google.android.apps.gsa.shared.util.concurrent.b.aw.run(SourceFile:4)
10-25 20:51:59.729 27760  4220 W ErrorProcessor: 	at java.util.concurrent.ThreadPoolExecutor.runWorker(ThreadPoolExecutor.java:1167)
10-25 20:51:59.729 27760  4220 W ErrorProcessor: 	at java.util.concurrent.ThreadPoolExecutor$Worker.run(ThreadPoolExecutor.java:641)
10-25 20:51:59.729 27760  4220 W ErrorProcessor: 	at java.lang.Thread.run(Thread.java:764)
10-25 20:51:59.729 27760  4220 W ErrorProcessor: 	at com.google.android.apps.gsa.shared.util.concurrent.b.i.run(SourceFile:6)
10-25 20:51:59.729 27760  4220 W ErrorProcessor: Caused by: com.google.android.apps.gsa.shared.exception.GsaIOException: Error code: 393238 | Buffer overflow, no available space.
10-25 20:51:59.729 27760  4220 W ErrorProcessor: 	at com.google.android.apps.gsa.speech.audio.Tee.j(SourceFile:103)
10-25 20:51:59.729 27760  4220 W ErrorProcessor: 	at com.google.android.apps.gsa.speech.audio.au.read(SourceFile:2)
10-25 20:51:59.729 27760  4220 W ErrorProcessor: 	at java.io.InputStream.read(InputStream.java:101)
10-25 20:51:59.729 27760  4220 W ErrorProcessor: 	at com.google.android.apps.gsa.speech.audio.ao.run(SourceFile:17)
10-25 20:51:59.729 27760  4220 W ErrorProcessor: 	at com.google.android.apps.gsa.speech.audio.an.run(SourceFile:2)
10-25 20:51:59.729 27760  4220 W ErrorProcessor: 	at java.util.concurrent.Executors$RunnableAdapter.call(Executors.java:458)
10-25 20:51:59.729 27760  4220 W ErrorProcessor: 	... 10 more
10-25 20:51:59.729 27760  4220 I AudioController: internalShutdown
10-25 20:51:59.731 27760 27760 I MicroDetector: Keeping mic open: false
10-25 20:51:59.731 27760 27760 I MicroDetectionWorker: #onError(false)
10-25 20:51:59.732 27760 14183 I DeviceStateChecker: DeviceStateChecker cancelled
10-25 20:52:00.029  2051  2329 D EGL_emulation: eglMakeCurrent: 0x732d1d03bb80: ver 2 0 (tinfo 0x732d1d06b160)
10-25 20:52:00.107  1907  2026 I GnssLocationProvider: WakeLock acquired by sendMessage(REPORT_SV_STATUS, 0, com.android.server.location.GnssLocationProvider$SvStatusInfo@b39245b)
10-25 20:52:00.107  1907  1928 I GnssLocationProvider: WakeLock released by handleMessage(REPORT_SV_STATUS, 0, com.android.server.location.GnssLocationProvider$SvStatusInfo@b39245b)
10-25 20:52:00.726  1901  1904 D hwcomposer: hw_composer sent 359 syncs in 60s
10-25 20:52:01.106  1907  2026 I GnssLocationProvider: WakeLock acquired by sendMessage(REPORT_SV_STATUS, 0, com.android.server.location.GnssLocationProvider$SvStatusInfo@9ca64f8)
10-25 20:52:01.107  1907  1928 I GnssLocationProvider: WakeLock released by handleMessage(REPORT_SV_STATUS, 0, com.android.server.location.GnssLocationProvider$SvStatusInfo@9ca64f8)
10-25 20:52:02.108  1907  2026 I GnssLocationProvider: WakeLock acquired by sendMessage(REPORT_SV_STATUS, 0, com.android.server.location.GnssLocationProvider$SvStatusInfo@5c0bdd1)
10-25 20:52:02.113  1907  1928 I GnssLocationProvider: WakeLock released by handleMessage(REPORT_SV_STATUS, 0, com.android.server.location.GnssLocationProvider$SvStatusInfo@5c0bdd1)
10-25 20:52:03.106  1907  2026 I GnssLocationProvider: WakeLock acquired by sendMessage(REPORT_SV_STATUS, 0, com.android.server.location.GnssLocationProvider$SvStatusInfo@d8cb036)
10-25 20:52:03.107  1907  1928 I GnssLocationProvider: WakeLock released by handleMessage(REPORT_SV_STATUS, 0, com.android.server.location.GnssLocationProvider$SvStatusInfo@d8cb036)
10-25 20:52:04.107  1907  2026 I GnssLocationProvider: WakeLock acquired by sendMessage(REPORT_SV_STATUS, 0, com.android.server.location.GnssLocationProvider$SvStatusInfo@25bab37)
10-25 20:52:04.108  1907  1928 I GnssLocationProvider: WakeLock released by handleMessage(REPORT_SV_STATUS, 0, com.android.server.location.GnssLocationProvider$SvStatusInfo@25bab37)
10-25 20:52:04.739 27760 27760 I MicroDetectionWorker: #startMicroDetector [speakerMode: 0]
10-25 20:52:04.740 27760 27760 I AudioController: Using mInputStreamFactoryBuilder
10-25 20:52:04.740 27760 27760 I AudioController: Created new AudioSource
10-25 20:52:04.741 27760 27760 I MicroDetectionWorker: onReady
10-25 20:52:04.760 27760  4220 I MicroRecognitionRunner: Starting detection.
10-25 20:52:04.766 27760 22138 I MicrophoneInputStream: mic_starting  SR : 16000 CC : 16 SO : 6
10-25 20:52:04.769  1646 30784 E         : Request requires android.permission.RECORD_AUDIO
10-25 20:52:04.769  1646 30784 E AudioPolicyIntefaceImpl: getInputForAttr permission denied: recording not allowed for uid 10027 pid 27760
10-25 20:52:04.769  1646 30784 E AudioFlinger: createRecord() checkRecordThread_l failed
10-25 20:52:04.769 27760 22138 E IAudioFlinger: createRecord returned error -22
10-25 20:52:04.769 27760 22138 E AudioRecord: AudioFlinger could not create record track, status: -22
10-25 20:52:04.770 27760 22138 E AudioRecord-JNI: Error creating AudioRecord instance: initialization check failed with status -22.
10-25 20:52:04.771 27760 22138 E android.media.AudioRecord: Error code -20 when initializing native AudioRecord object.
10-25 20:52:04.771 27760 22138 I MicrophoneInputStream: mic_started  SR : 16000 CC : 16 SO : 6
10-25 20:52:04.773 27760 27760 I MicroDetectionWorker: onReady
10-25 20:52:04.780 27760 22138 I MicrophoneInputStream: mic_close  SR : 16000 CC : 16 SO : 6
10-25 20:52:04.782 27760  4220 I MicroRecognitionRunner: Detection finished
10-25 20:52:04.782 27760  4220 W ErrorReporter: reportError [type: 211, code: 524300]: Error reading from input stream
10-25 20:52:04.783 27760  4234 I MicroRecognitionRunner: Stopping hotword detection.
10-25 20:52:04.783 27760  4220 W ErrorProcessor: onFatalError, processing error from engine(4)
10-25 20:52:04.783 27760  4220 W ErrorProcessor: com.google.android.apps.gsa.shared.speech.b.g: Error reading from input stream
10-25 20:52:04.783 27760  4220 W ErrorProcessor: 	at com.google.android.apps.gsa.staticplugins.microdetection.d.k.a(SourceFile:91)
10-25 20:52:04.783 27760  4220 W ErrorProcessor: 	at com.google.android.apps.gsa.staticplugins.microdetection.d.l.run(Unknown Source:14)
10-25 20:52:04.783 27760  4220 W ErrorProcessor: 	at com.google.android.libraries.gsa.runner.a.a.b(SourceFile:32)
10-25 20:52:04.783 27760  4220 W ErrorProcessor: 	at com.google.android.libraries.gsa.runner.a.c.call(Unknown Source:4)
10-25 20:52:04.783 27760  4220 W ErrorProcessor: 	at java.util.concurrent.FutureTask.run(FutureTask.java:266)
10-25 20:52:04.783 27760  4220 W ErrorProcessor: 	at java.util.concurrent.Executors$RunnableAdapter.call(Executors.java:458)
10-25 20:52:04.783 27760  4220 W ErrorProcessor: 	at java.util.concurrent.FutureTask.run(FutureTask.java:266)
10-25 20:52:04.783 27760  4220 W ErrorProcessor: 	at com.google.android.apps.gsa.shared.util.concurrent.b.g.run(Unknown Source:4)
10-25 20:52:04.783 27760  4220 W ErrorProcessor: 	at com.google.android.apps.gsa.shared.util.concurrent.b.aw.run(SourceFile:4)
10-25 20:52:04.783 27760  4220 W ErrorProcessor: 	at com.google.android.apps.gsa.shared.util.concurrent.b.aw.run(SourceFile:4)
10-25 20:52:04.783 27760  4220 W ErrorProcessor: 	at java.util.concurrent.ThreadPoolExecutor.runWorker(ThreadPoolExecutor.java:1167)
10-25 20:52:04.783 27760  4220 W ErrorProcessor: 	at java.util.concurrent.ThreadPoolExecutor$Worker.run(ThreadPoolExecutor.java:641)
10-25 20:52:04.783 27760  4220 W ErrorProcessor: 	at java.lang.Thread.run(Thread.java:764)
10-25 20:52:04.783 27760  4220 W ErrorProcessor: 	at com.google.android.apps.gsa.shared.util.concurrent.b.i.run(SourceFile:6)
10-25 20:52:04.783 27760  4220 W ErrorProcessor: Caused by: com.google.android.apps.gsa.shared.exception.GsaIOException: Error code: 393238 | Buffer overflow, no available space.
10-25 20:52:04.783 27760  4220 W ErrorProcessor: 	at com.google.android.apps.gsa.speech.audio.Tee.j(SourceFile:103)
10-25 20:52:04.783 27760  4220 W ErrorProcessor: 	at com.google.android.apps.gsa.speech.audio.au.read(SourceFile:2)
10-25 20:52:04.783 27760  4220 W ErrorProcessor: 	at java.io.InputStream.read(InputStream.java:101)
10-25 20:52:04.783 27760  4220 W ErrorProcessor: 	at com.google.android.apps.gsa.speech.audio.ao.run(SourceFile:17)
10-25 20:52:04.783 27760  4220 W ErrorProcessor: 	at com.google.android.apps.gsa.speech.audio.an.run(SourceFile:2)
10-25 20:52:04.783 27760  4220 W ErrorProcessor: 	at java.util.concurrent.Executors$RunnableAdapter.call(Executors.java:458)
10-25 20:52:04.783 27760  4220 W ErrorProcessor: 	... 10 more
10-25 20:52:04.784 27760  4220 I AudioController: internalShutdown
10-25 20:52:04.786 27760 27760 I MicroDetector: Keeping mic open: false
10-25 20:52:04.786 27760 27760 I MicroDetectionWorker: #onError(false)
10-25 20:52:04.787 27760 14183 I DeviceStateChecker: DeviceStateChecker cancelled
10-25 20:52:05.106  1907  2026 I GnssLocationProvider: WakeLock acquired by sendMessage(REPORT_SV_STATUS, 0, com.android.server.location.GnssLocationProvider$SvStatusInfo@2bcd8a4)
10-25 20:52:05.107  1907  1928 I GnssLocationProvider: WakeLock released by handleMessage(REPORT_SV_STATUS, 0, com.android.server.location.GnssLocationProvider$SvStatusInfo@2bcd8a4)
10-25 20:52:06.108  1907  2026 I GnssLocationProvider: WakeLock acquired by sendMessage(REPORT_SV_STATUS, 0, com.android.server.location.GnssLocationProvider$SvStatusInfo@742660d)
10-25 20:52:06.111  1907  1928 I GnssLocationProvider: WakeLock released by handleMessage(REPORT_SV_STATUS, 0, com.android.server.location.GnssLocationProvider$SvStatusInfo@742660d)
10-25 20:52:07.106  1907  2026 I GnssLocationProvider: WakeLock acquired by sendMessage(REPORT_SV_STATUS, 0, com.android.server.location.GnssLocationProvider$SvStatusInfo@d6b99c2)
10-25 20:52:07.107  1907  1928 I GnssLocationProvider: WakeLock released by handleMessage(REPORT_SV_STATUS, 0, com.android.server.location.GnssLocationProvider$SvStatusInfo@d6b99c2)
10-25 20:52:08.107  1907  2026 I GnssLocationProvider: WakeLock acquired by sendMessage(REPORT_SV_STATUS, 0, com.android.server.location.GnssLocationProvider$SvStatusInfo@db5c3d3)
10-25 20:52:08.108  1907  1928 I GnssLocationProvider: WakeLock released by handleMessage(REPORT_SV_STATUS, 0, com.android.server.location.GnssLocationProvider$SvStatusInfo@db5c3d3)
10-25 20:52:09.106  1907  2026 I GnssLocationProvider: WakeLock acquired by sendMessage(REPORT_SV_STATUS, 0, com.android.server.location.GnssLocationProvider$SvStatusInfo@40db10)
10-25 20:52:09.106  1907  1928 I GnssLocationProvider: WakeLock released by handleMessage(REPORT_SV_STATUS, 0, com.android.server.location.GnssLocationProvider$SvStatusInfo@40db10)
10-25 20:52:09.115  1907 14119 E memtrack: Couldn't load memtrack module
10-25 20:52:09.115  1907 14119 W android.os.Debug: failed to get memory consumption info: -1
10-25 20:52:09.794 27760 27760 I MicroDetectionWorker: #startMicroDetector [speakerMode: 0]
10-25 20:52:09.795 27760 27760 I AudioController: Using mInputStreamFactoryBuilder
10-25 20:52:09.795 27760 27760 I AudioController: Created new AudioSource
10-25 20:52:09.797 27760 27760 I MicroDetectionWorker: onReady
10-25 20:52:09.816 27760  4220 I MicroRecognitionRunner: Starting detection.
10-25 20:52:09.817 27760 22138 I MicrophoneInputStream: mic_starting  SR : 16000 CC : 16 SO : 6
10-25 20:52:09.819  1646 30784 E         : Request requires android.permission.RECORD_AUDIO
10-25 20:52:09.819  1646 30784 E AudioPolicyIntefaceImpl: getInputForAttr permission denied: recording not allowed for uid 10027 pid 27760
10-25 20:52:09.819  1646 30784 E AudioFlinger: createRecord() checkRecordThread_l failed
10-25 20:52:09.820 27760 22138 E IAudioFlinger: createRecord returned error -22
10-25 20:52:09.820 27760 22138 E AudioRecord: AudioFlinger could not create record track, status: -22
10-25 20:52:09.821 27760 22138 E AudioRecord-JNI: Error creating AudioRecord instance: initialization check failed with status -22.
10-25 20:52:09.822 27760 22138 E android.media.AudioRecord: Error code -20 when initializing native AudioRecord object.
10-25 20:52:09.822 27760 22138 I MicrophoneInputStream: mic_started  SR : 16000 CC : 16 SO : 6
10-25 20:52:09.825 27760 27760 I MicroDetectionWorker: onReady
10-25 20:52:09.846 27760 22138 I MicrophoneInputStream: mic_close  SR : 16000 CC : 16 SO : 6
10-25 20:52:09.846 27760  4220 I MicroRecognitionRunner: Detection finished
10-25 20:52:09.847 27760  4220 W ErrorReporter: reportError [type: 211, code: 524300]: Error reading from input stream
10-25 20:52:09.848 27760  4234 I MicroRecognitionRunner: Stopping hotword detection.
10-25 20:52:09.848 27760  4220 W ErrorProcessor: onFatalError, processing error from engine(4)
10-25 20:52:09.848 27760  4220 W ErrorProcessor: com.google.android.apps.gsa.shared.speech.b.g: Error reading from input stream
10-25 20:52:09.848 27760  4220 W ErrorProcessor: 	at com.google.android.apps.gsa.staticplugins.microdetection.d.k.a(SourceFile:91)
10-25 20:52:09.848 27760  4220 W ErrorProcessor: 	at com.google.android.apps.gsa.staticplugins.microdetection.d.l.run(Unknown Source:14)
10-25 20:52:09.848 27760  4220 W ErrorProcessor: 	at com.google.android.libraries.gsa.runner.a.a.b(SourceFile:32)
10-25 20:52:09.848 27760  4220 W ErrorProcessor: 	at com.google.android.libraries.gsa.runner.a.c.call(Unknown Source:4)
10-25 20:52:09.848 27760  4220 W ErrorProcessor: 	at java.util.concurrent.FutureTask.run(FutureTask.java:266)
10-25 20:52:09.848 27760  4220 W ErrorProcessor: 	at java.util.concurrent.Executors$RunnableAdapter.call(Executors.java:458)
10-25 20:52:09.848 27760  4220 W ErrorProcessor: 	at java.util.concurrent.FutureTask.run(FutureTask.java:266)
10-25 20:52:09.848 27760  4220 W ErrorProcessor: 	at com.google.android.apps.gsa.shared.util.concurrent.b.g.run(Unknown Source:4)
10-25 20:52:09.848 27760  4220 W ErrorProcessor: 	at com.google.android.apps.gsa.shared.util.concurrent.b.aw.run(SourceFile:4)
10-25 20:52:09.848 27760  4220 W ErrorProcessor: 	at com.google.android.apps.gsa.shared.util.concurrent.b.aw.run(SourceFile:4)
10-25 20:52:09.848 27760  4220 W ErrorProcessor: 	at java.util.concurrent.ThreadPoolExecutor.runWorker(ThreadPoolExecutor.java:1167)
10-25 20:52:09.848 27760  4220 W ErrorProcessor: 	at java.util.concurrent.ThreadPoolExecutor$Worker.run(ThreadPoolExecutor.java:641)
10-25 20:52:09.848 27760  4220 W ErrorProcessor: 	at java.lang.Thread.run(Thread.java:764)
10-25 20:52:09.848 27760  4220 W ErrorProcessor: 	at com.google.android.apps.gsa.shared.util.concurrent.b.i.run(SourceFile:6)
10-25 20:52:09.848 27760  4220 W ErrorProcessor: Caused by: com.google.android.apps.gsa.shared.exception.GsaIOException: Error code: 393238 | Buffer overflow, no available space.
10-25 20:52:09.848 27760  4220 W ErrorProcessor: 	at com.google.android.apps.gsa.speech.audio.Tee.j(SourceFile:103)
10-25 20:52:09.848 27760  4220 W ErrorProcessor: 	at com.google.android.apps.gsa.speech.audio.au.read(SourceFile:2)
10-25 20:52:09.848 27760  4220 W ErrorProcessor: 	at java.io.InputStream.read(InputStream.java:101)
10-25 20:52:09.848 27760  4220 W ErrorProcessor: 	at com.google.android.apps.gsa.speech.audio.ao.run(SourceFile:17)
10-25 20:52:09.848 27760  4220 W ErrorProcessor: 	at com.google.android.apps.gsa.speech.audio.an.run(SourceFile:2)
10-25 20:52:09.848 27760  4220 W ErrorProcessor: 	at java.util.concurrent.Executors$RunnableAdapter.call(Executors.java:458)
10-25 20:52:09.848 27760  4220 W ErrorProcessor: 	... 10 more
10-25 20:52:09.849 27760  4220 I AudioController: internalShutdown
10-25 20:52:09.851 27760 27760 I MicroDetector: Keeping mic open: false
10-25 20:52:09.851 27760 14183 I DeviceStateChecker: DeviceStateChecker cancelled
10-25 20:52:09.851 27760 27760 I MicroDetectionWorker: #onError(false)
10-25 20:52:10.106  1907  2026 I GnssLocationProvider: WakeLock acquired by sendMessage(REPORT_SV_STATUS, 0, com.android.server.location.GnssLocationProvider$SvStatusInfo@cbc5609)
10-25 20:52:10.107  1907  1928 I GnssLocationProvider: WakeLock released by handleMessage(REPORT_SV_STATUS, 0, com.android.server.location.GnssLocationProvider$SvStatusInfo@cbc5609)
10-25 20:52:11.106  1907  2026 I GnssLocationProvider: WakeLock acquired by sendMessage(REPORT_SV_STATUS, 0, com.android.server.location.GnssLocationProvider$SvStatusInfo@25d900e)
10-25 20:52:11.107  1907  1928 I GnssLocationProvider: WakeLock released by handleMessage(REPORT_SV_STATUS, 0, com.android.server.location.GnssLocationProvider$SvStatusInfo@25d900e)
10-25 20:52:12.106  1907  2026 I GnssLocationProvider: WakeLock acquired by sendMessage(REPORT_SV_STATUS, 0, com.android.server.location.GnssLocationProvider$SvStatusInfo@c8eca2f)
10-25 20:52:12.107  1907  1928 I GnssLocationProvider: WakeLock released by handleMessage(REPORT_SV_STATUS, 0, com.android.server.location.GnssLocationProvider$SvStatusInfo@c8eca2f)
10-25 20:52:13.108  1907  2026 I GnssLocationProvider: WakeLock acquired by sendMessage(REPORT_SV_STATUS, 0, com.android.server.location.GnssLocationProvider$SvStatusInfo@9c0983c)
10-25 20:52:13.111  1907  1928 I GnssLocationProvider: WakeLock released by handleMessage(REPORT_SV_STATUS, 0, com.android.server.location.GnssLocationProvider$SvStatusInfo@9c0983c)
10-25 20:52:14.110  1907  2026 I GnssLocationProvider: WakeLock acquired by sendMessage(REPORT_SV_STATUS, 0, com.android.server.location.GnssLocationProvider$SvStatusInfo@fcb49c5)
10-25 20:52:14.113  1907  1928 I GnssLocationProvider: WakeLock released by handleMessage(REPORT_SV_STATUS, 0, com.android.server.location.GnssLocationProvider$SvStatusInfo@fcb49c5)
10-25 20:52:14.860 27760 27760 I MicroDetectionWorker: #startMicroDetector [speakerMode: 0]
10-25 20:52:14.861 27760 27760 I AudioController: Using mInputStreamFactoryBuilder
10-25 20:52:14.861 27760 27760 I AudioController: Created new AudioSource
10-25 20:52:14.863 27760 27760 I MicroDetectionWorker: onReady
10-25 20:52:14.878 27760  4220 I MicroRecognitionRunner: Starting detection.
10-25 20:52:14.879 27760 22138 I MicrophoneInputStream: mic_starting  SR : 16000 CC : 16 SO : 6
10-25 20:52:14.882  1646 30784 E         : Request requires android.permission.RECORD_AUDIO
10-25 20:52:14.883  1646 30784 E AudioPolicyIntefaceImpl: getInputForAttr permission denied: recording not allowed for uid 10027 pid 27760
10-25 20:52:14.883  1646 30784 E AudioFlinger: createRecord() checkRecordThread_l failed
10-25 20:52:14.883 27760 22138 E IAudioFlinger: createRecord returned error -22
10-25 20:52:14.883 27760 22138 E AudioRecord: AudioFlinger could not create record track, status: -22
10-25 20:52:14.884 27760 22138 E AudioRecord-JNI: Error creating AudioRecord instance: initialization check failed with status -22.
10-25 20:52:14.886 27760 22138 E android.media.AudioRecord: Error code -20 when initializing native AudioRecord object.
10-25 20:52:14.886 27760 22138 I MicrophoneInputStream: mic_started  SR : 16000 CC : 16 SO : 6
10-25 20:52:14.887 27760 27760 I MicroDetectionWorker: onReady
10-25 20:52:14.906 27760 22138 I MicrophoneInputStream: mic_close  SR : 16000 CC : 16 SO : 6
10-25 20:52:14.907 27760  4220 I MicroRecognitionRunner: Detection finished
10-25 20:52:14.907 27760  4220 W ErrorReporter: reportError [type: 211, code: 524300]: Error reading from input stream
10-25 20:52:14.908 27760  4234 I MicroRecognitionRunner: Stopping hotword detection.
10-25 20:52:14.910 27760  4220 W ErrorProcessor: onFatalError, processing error from engine(4)
10-25 20:52:14.910 27760  4220 W ErrorProcessor: com.google.android.apps.gsa.shared.speech.b.g: Error reading from input stream
10-25 20:52:14.910 27760  4220 W ErrorProcessor: 	at com.google.android.apps.gsa.staticplugins.microdetection.d.k.a(SourceFile:91)
10-25 20:52:14.910 27760  4220 W ErrorProcessor: 	at com.google.android.apps.gsa.staticplugins.microdetection.d.l.run(Unknown Source:14)
10-25 20:52:14.910 27760  4220 W ErrorProcessor: 	at com.google.android.libraries.gsa.runner.a.a.b(SourceFile:32)
10-25 20:52:14.910 27760  4220 W ErrorProcessor: 	at com.google.android.libraries.gsa.runner.a.c.call(Unknown Source:4)
10-25 20:52:14.910 27760  4220 W ErrorProcessor: 	at java.util.concurrent.FutureTask.run(FutureTask.java:266)
10-25 20:52:14.910 27760  4220 W ErrorProcessor: 	at java.util.concurrent.Executors$RunnableAdapter.call(Executors.java:458)
10-25 20:52:14.910 27760  4220 W ErrorProcessor: 	at java.util.concurrent.FutureTask.run(FutureTask.java:266)
10-25 20:52:14.910 27760  4220 W ErrorProcessor: 	at com.google.android.apps.gsa.shared.util.concurrent.b.g.run(Unknown Source:4)
10-25 20:52:14.910 27760  4220 W ErrorProcessor: 	at com.google.android.apps.gsa.shared.util.concurrent.b.aw.run(SourceFile:4)
10-25 20:52:14.910 27760  4220 W ErrorProcessor: 	at com.google.android.apps.gsa.shared.util.concurrent.b.aw.run(SourceFile:4)
10-25 20:52:14.910 27760  4220 W ErrorProcessor: 	at java.util.concurrent.ThreadPoolExecutor.runWorker(ThreadPoolExecutor.java:1167)
10-25 20:52:14.910 27760  4220 W ErrorProcessor: 	at java.util.concurrent.ThreadPoolExecutor$Worker.run(ThreadPoolExecutor.java:641)
10-25 20:52:14.910 27760  4220 W ErrorProcessor: 	at java.lang.Thread.run(Thread.java:764)
10-25 20:52:14.910 27760  4220 W ErrorProcessor: 	at com.google.android.apps.gsa.shared.util.concurrent.b.i.run(SourceFile:6)
10-25 20:52:14.910 27760  4220 W ErrorProcessor: Caused by: com.google.android.apps.gsa.shared.exception.GsaIOException: Error code: 393238 | Buffer overflow, no available space.
10-25 20:52:14.910 27760  4220 W ErrorProcessor: 	at com.google.android.apps.gsa.speech.audio.Tee.j(SourceFile:103)
10-25 20:52:14.910 27760  4220 W ErrorProcessor: 	at com.google.android.apps.gsa.speech.audio.au.read(SourceFile:2)
10-25 20:52:14.910 27760  4220 W ErrorProcessor: 	at java.io.InputStream.read(InputStream.java:101)
10-25 20:52:14.910 27760  4220 W ErrorProcessor: 	at com.google.android.apps.gsa.speech.audio.ao.run(SourceFile:17)
10-25 20:52:14.910 27760  4220 W ErrorProcessor: 	at com.google.android.apps.gsa.speech.audio.an.run(SourceFile:2)
10-25 20:52:14.910 27760  4220 W ErrorProcessor: 	at java.util.concurrent.Executors$RunnableAdapter.call(Executors.java:458)
10-25 20:52:14.910 27760  4220 W ErrorProcessor: 	... 10 more
10-25 20:52:14.910 27760  4220 I AudioController: internalShutdown
10-25 20:52:14.912 27760 27760 I MicroDetector: Keeping mic open: false
10-25 20:52:14.912 27760 14183 I DeviceStateChecker: DeviceStateChecker cancelled
10-25 20:52:14.912 27760 27760 I MicroDetectionWorker: #onError(false)
10-25 20:52:15.107  1907  2026 I GnssLocationProvider: WakeLock acquired by sendMessage(REPORT_SV_STATUS, 0, com.android.server.location.GnssLocationProvider$SvStatusInfo@d669f1a)
10-25 20:52:15.108  1907  1928 I GnssLocationProvider: WakeLock released by handleMessage(REPORT_SV_STATUS, 0, com.android.server.location.GnssLocationProvider$SvStatusInfo@d669f1a)
10-25 20:52:16.110  1907  2026 I GnssLocationProvider: WakeLock acquired by sendMessage(REPORT_SV_STATUS, 0, com.android.server.location.GnssLocationProvider$SvStatusInfo@147da4b)
10-25 20:52:16.113  1907  1928 I GnssLocationProvider: WakeLock released by handleMessage(REPORT_SV_STATUS, 0, com.android.server.location.GnssLocationProvider$SvStatusInfo@147da4b)
10-25 20:52:17.109  1907  2026 I GnssLocationProvider: WakeLock acquired by sendMessage(REPORT_SV_STATUS, 0, com.android.server.location.GnssLocationProvider$SvStatusInfo@11cfc28)
10-25 20:52:17.110  1907  1928 I GnssLocationProvider: WakeLock released by handleMessage(REPORT_SV_STATUS, 0, com.android.server.location.GnssLocationProvider$SvStatusInfo@11cfc28)
10-25 20:52:18.109  1907  2026 I GnssLocationProvider: WakeLock acquired by sendMessage(REPORT_SV_STATUS, 0, com.android.server.location.GnssLocationProvider$SvStatusInfo@d1bbd41)
10-25 20:52:18.111  1907  1928 I GnssLocationProvider: WakeLock released by handleMessage(REPORT_SV_STATUS, 0, com.android.server.location.GnssLocationProvider$SvStatusInfo@d1bbd41)
10-25 20:52:19.109  1907  2026 I GnssLocationProvider: WakeLock acquired by sendMessage(REPORT_SV_STATUS, 0, com.android.server.location.GnssLocationProvider$SvStatusInfo@9bf92e6)
10-25 20:52:19.110  1907  1928 I GnssLocationProvider: WakeLock released by handleMessage(REPORT_SV_STATUS, 0, com.android.server.location.GnssLocationProvider$SvStatusInfo@9bf92e6)
10-25 20:52:19.922 27760 27760 I MicroDetectionWorker: #startMicroDetector [speakerMode: 0]
10-25 20:52:19.923 27760 27760 I AudioController: Using mInputStreamFactoryBuilder
10-25 20:52:19.923 27760 27760 I AudioController: Created new AudioSource
10-25 20:52:19.927 27760 27760 I MicroDetectionWorker: onReady
10-25 20:52:19.950 27760  4220 I MicroRecognitionRunner: Starting detection.
10-25 20:52:19.951 27760 22138 I MicrophoneInputStream: mic_starting  SR : 16000 CC : 16 SO : 6
10-25 20:52:19.959  1646 30784 E         : Request requires android.permission.RECORD_AUDIO
10-25 20:52:19.959  1646 30784 E AudioPolicyIntefaceImpl: getInputForAttr permission denied: recording not allowed for uid 10027 pid 27760
10-25 20:52:19.959  1646 30784 E AudioFlinger: createRecord() checkRecordThread_l failed
10-25 20:52:19.960 27760 22138 E IAudioFlinger: createRecord returned error -22
10-25 20:52:19.960 27760 22138 E AudioRecord: AudioFlinger could not create record track, status: -22
10-25 20:52:19.960 27760 22138 E AudioRecord-JNI: Error creating AudioRecord instance: initialization check failed with status -22.
10-25 20:52:19.962 27760 22138 E android.media.AudioRecord: Error code -20 when initializing native AudioRecord object.
10-25 20:52:19.963 27760 22138 I MicrophoneInputStream: mic_started  SR : 16000 CC : 16 SO : 6
10-25 20:52:19.968 27760 27760 I MicroDetectionWorker: onReady
10-25 20:52:19.985 27760 22138 I MicrophoneInputStream: mic_close  SR : 16000 CC : 16 SO : 6
10-25 20:52:19.986 27760  4220 I MicroRecognitionRunner: Detection finished
10-25 20:52:19.987 27760  4220 W ErrorReporter: reportError [type: 211, code: 524300]: Error reading from input stream
10-25 20:52:19.990 27760  4234 I MicroRecognitionRunner: Stopping hotword detection.
10-25 20:52:19.992 27760  4220 W ErrorProcessor: onFatalError, processing error from engine(4)
10-25 20:52:19.992 27760  4220 W ErrorProcessor: com.google.android.apps.gsa.shared.speech.b.g: Error reading from input stream
10-25 20:52:19.992 27760  4220 W ErrorProcessor: 	at com.google.android.apps.gsa.staticplugins.microdetection.d.k.a(SourceFile:91)
10-25 20:52:19.992 27760  4220 W ErrorProcessor: 	at com.google.android.apps.gsa.staticplugins.microdetection.d.l.run(Unknown Source:14)
10-25 20:52:19.992 27760  4220 W ErrorProcessor: 	at com.google.android.libraries.gsa.runner.a.a.b(SourceFile:32)
10-25 20:52:19.992 27760  4220 W ErrorProcessor: 	at com.google.android.libraries.gsa.runner.a.c.call(Unknown Source:4)
10-25 20:52:19.992 27760  4220 W ErrorProcessor: 	at java.util.concurrent.FutureTask.run(FutureTask.java:266)
10-25 20:52:19.992 27760  4220 W ErrorProcessor: 	at java.util.concurrent.Executors$RunnableAdapter.call(Executors.java:458)
10-25 20:52:19.992 27760  4220 W ErrorProcessor: 	at java.util.concurrent.FutureTask.run(FutureTask.java:266)
10-25 20:52:19.992 27760  4220 W ErrorProcessor: 	at com.google.android.apps.gsa.shared.util.concurrent.b.g.run(Unknown Source:4)
10-25 20:52:19.992 27760  4220 W ErrorProcessor: 	at com.google.android.apps.gsa.shared.util.concurrent.b.aw.run(SourceFile:4)
10-25 20:52:19.992 27760  4220 W ErrorProcessor: 	at com.google.android.apps.gsa.shared.util.concurrent.b.aw.run(SourceFile:4)
10-25 20:52:19.992 27760  4220 W ErrorProcessor: 	at java.util.concurrent.ThreadPoolExecutor.runWorker(ThreadPoolExecutor.java:1167)
10-25 20:52:19.992 27760  4220 W ErrorProcessor: 	at java.util.concurrent.ThreadPoolExecutor$Worker.run(ThreadPoolExecutor.java:641)
10-25 20:52:19.992 27760  4220 W ErrorProcessor: 	at java.lang.Thread.run(Thread.java:764)
10-25 20:52:19.992 27760  4220 W ErrorProcessor: 	at com.google.android.apps.gsa.shared.util.concurrent.b.i.run(SourceFile:6)
10-25 20:52:19.992 27760  4220 W ErrorProcessor: Caused by: com.google.android.apps.gsa.shared.exception.GsaIOException: Error code: 393238 | Buffer overflow, no available space.
10-25 20:52:19.992 27760  4220 W ErrorProcessor: 	at com.google.android.apps.gsa.speech.audio.Tee.j(SourceFile:103)
10-25 20:52:19.992 27760  4220 W ErrorProcessor: 	at com.google.android.apps.gsa.speech.audio.au.read(SourceFile:2)
10-25 20:52:19.992 27760  4220 W ErrorProcessor: 	at java.io.InputStream.read(InputStream.java:101)
10-25 20:52:19.992 27760  4220 W ErrorProcessor: 	at com.google.android.apps.gsa.speech.audio.ao.run(SourceFile:17)
10-25 20:52:19.992 27760  4220 W ErrorProcessor: 	at com.google.android.apps.gsa.speech.audio.an.run(SourceFile:2)
10-25 20:52:19.992 27760  4220 W ErrorProcessor: 	at java.util.concurrent.Executors$RunnableAdapter.call(Executors.java:458)
10-25 20:52:19.992 27760  4220 W ErrorProcessor: 	... 10 more
10-25 20:52:19.994 27760  4220 I AudioController: internalShutdown
10-25 20:52:19.999 27760 27760 I MicroDetector: Keeping mic open: false
10-25 20:52:20.000 27760 14183 I DeviceStateChecker: DeviceStateChecker cancelled
10-25 20:52:20.000 27760 27760 I MicroDetectionWorker: #onError(false)
10-25 20:52:20.109  1907  2026 I GnssLocationProvider: WakeLock acquired by sendMessage(REPORT_SV_STATUS, 0, com.android.server.location.GnssLocationProvider$SvStatusInfo@937d027)
10-25 20:52:20.110  1907  1928 I GnssLocationProvider: WakeLock released by handleMessage(REPORT_SV_STATUS, 0, com.android.server.location.GnssLocationProvider$SvStatusInfo@937d027)
10-25 20:52:21.110  1907  2026 I GnssLocationProvider: WakeLock acquired by sendMessage(REPORT_SV_STATUS, 0, com.android.server.location.GnssLocationProvider$SvStatusInfo@359b2d4)
10-25 20:52:21.112  1907  1928 I GnssLocationProvider: WakeLock released by handleMessage(REPORT_SV_STATUS, 0, com.android.server.location.GnssLocationProvider$SvStatusInfo@359b2d4)
10-25 20:52:22.108  1907  2026 I GnssLocationProvider: WakeLock acquired by sendMessage(REPORT_SV_STATUS, 0, com.android.server.location.GnssLocationProvider$SvStatusInfo@5a5ec7d)
10-25 20:52:22.110  1907  1928 I GnssLocationProvider: WakeLock released by handleMessage(REPORT_SV_STATUS, 0, com.android.server.location.GnssLocationProvider$SvStatusInfo@5a5ec7d)
10-25 20:52:23.108  1907  2026 I GnssLocationProvider: WakeLock acquired by sendMessage(REPORT_SV_STATUS, 0, com.android.server.location.GnssLocationProvider$SvStatusInfo@b61f772)
10-25 20:52:23.109  1907  1928 I GnssLocationProvider: WakeLock released by handleMessage(REPORT_SV_STATUS, 0, com.android.server.location.GnssLocationProvider$SvStatusInfo@b61f772)
10-25 20:52:24.107  1907  2026 I GnssLocationProvider: WakeLock acquired by sendMessage(REPORT_SV_STATUS, 0, com.android.server.location.GnssLocationProvider$SvStatusInfo@64747c3)
10-25 20:52:24.108  1907  1928 I GnssLocationProvider: WakeLock released by handleMessage(REPORT_SV_STATUS, 0, com.android.server.location.GnssLocationProvider$SvStatusInfo@64747c3)
10-25 20:52:25.008 27760 27760 I MicroDetectionWorker: #startMicroDetector [speakerMode: 0]
10-25 20:52:25.008 27760 27760 I AudioController: Using mInputStreamFactoryBuilder
10-25 20:52:25.008 27760 27760 I AudioController: Created new AudioSource
10-25 20:52:25.010 27760 27760 I MicroDetectionWorker: onReady
10-25 20:52:25.029 27760  4220 I MicroRecognitionRunner: Starting detection.
10-25 20:52:25.030 27760 22138 I MicrophoneInputStream: mic_starting  SR : 16000 CC : 16 SO : 6
10-25 20:52:25.034  1646 30784 E         : Request requires android.permission.RECORD_AUDIO
10-25 20:52:25.035  1646 30784 E AudioPolicyIntefaceImpl: getInputForAttr permission denied: recording not allowed for uid 10027 pid 27760
10-25 20:52:25.035  1646 30784 E AudioFlinger: createRecord() checkRecordThread_l failed
10-25 20:52:25.036 27760 22138 E IAudioFlinger: createRecord returned error -22
10-25 20:52:25.036 27760 22138 E AudioRecord: AudioFlinger could not create record track, status: -22
10-25 20:52:25.037 27760 22138 E AudioRecord-JNI: Error creating AudioRecord instance: initialization check failed with status -22.
10-25 20:52:25.041 27760 22138 E android.media.AudioRecord: Error code -20 when initializing native AudioRecord object.
10-25 20:52:25.042 27760 22138 I MicrophoneInputStream: mic_started  SR : 16000 CC : 16 SO : 6
10-25 20:52:25.047 27760 27760 I MicroDetectionWorker: onReady
10-25 20:52:25.064 27760 22138 I MicrophoneInputStream: mic_close  SR : 16000 CC : 16 SO : 6
10-25 20:52:25.066 27760  4220 I MicroRecognitionRunner: Detection finished
10-25 20:52:25.066 27760  4220 W ErrorReporter: reportError [type: 211, code: 524300]: Error reading from input stream
10-25 20:52:25.069 27760  4234 I MicroRecognitionRunner: Stopping hotword detection.
10-25 20:52:25.071 27760  4220 W ErrorProcessor: onFatalError, processing error from engine(4)
10-25 20:52:25.071 27760  4220 W ErrorProcessor: com.google.android.apps.gsa.shared.speech.b.g: Error reading from input stream
10-25 20:52:25.071 27760  4220 W ErrorProcessor: 	at com.google.android.apps.gsa.staticplugins.microdetection.d.k.a(SourceFile:91)
10-25 20:52:25.071 27760  4220 W ErrorProcessor: 	at com.google.android.apps.gsa.staticplugins.microdetection.d.l.run(Unknown Source:14)
10-25 20:52:25.071 27760  4220 W ErrorProcessor: 	at com.google.android.libraries.gsa.runner.a.a.b(SourceFile:32)
10-25 20:52:25.071 27760  4220 W ErrorProcessor: 	at com.google.android.libraries.gsa.runner.a.c.call(Unknown Source:4)
10-25 20:52:25.071 27760  4220 W ErrorProcessor: 	at java.util.concurrent.FutureTask.run(FutureTask.java:266)
10-25 20:52:25.071 27760  4220 W ErrorProcessor: 	at java.util.concurrent.Executors$RunnableAdapter.call(Executors.java:458)
10-25 20:52:25.071 27760  4220 W ErrorProcessor: 	at java.util.concurrent.FutureTask.run(FutureTask.java:266)
10-25 20:52:25.071 27760  4220 W ErrorProcessor: 	at com.google.android.apps.gsa.shared.util.concurrent.b.g.run(Unknown Source:4)
10-25 20:52:25.071 27760  4220 W ErrorProcessor: 	at com.google.android.apps.gsa.shared.util.concurrent.b.aw.run(SourceFile:4)
10-25 20:52:25.071 27760  4220 W ErrorProcessor: 	at com.google.android.apps.gsa.shared.util.concurrent.b.aw.run(SourceFile:4)
10-25 20:52:25.071 27760  4220 W ErrorProcessor: 	at java.util.concurrent.ThreadPoolExecutor.runWorker(ThreadPoolExecutor.java:1167)
10-25 20:52:25.071 27760  4220 W ErrorProcessor: 	at java.util.concurrent.ThreadPoolExecutor$Worker.run(ThreadPoolExecutor.java:641)
10-25 20:52:25.071 27760  4220 W ErrorProcessor: 	at java.lang.Thread.run(Thread.java:764)
10-25 20:52:25.071 27760  4220 W ErrorProcessor: 	at com.google.android.apps.gsa.shared.util.concurrent.b.i.run(SourceFile:6)
10-25 20:52:25.071 27760  4220 W ErrorProcessor: Caused by: com.google.android.apps.gsa.shared.exception.GsaIOException: Error code: 393238 | Buffer overflow, no available space.
10-25 20:52:25.071 27760  4220 W ErrorProcessor: 	at com.google.android.apps.gsa.speech.audio.Tee.j(SourceFile:103)
10-25 20:52:25.071 27760  4220 W ErrorProcessor: 	at com.google.android.apps.gsa.speech.audio.au.read(SourceFile:2)
10-25 20:52:25.071 27760  4220 W ErrorProcessor: 	at java.io.InputStream.read(InputStream.java:101)
10-25 20:52:25.071 27760  4220 W ErrorProcessor: 	at com.google.android.apps.gsa.speech.audio.ao.run(SourceFile:17)
10-25 20:52:25.071 27760  4220 W ErrorProcessor: 	at com.google.android.apps.gsa.speech.audio.an.run(SourceFile:2)
10-25 20:52:25.071 27760  4220 W ErrorProcessor: 	at java.util.concurrent.Executors$RunnableAdapter.call(Executors.java:458)
10-25 20:52:25.071 27760  4220 W ErrorProcessor: 	... 10 more
10-25 20:52:25.071 27760  4220 I AudioController: internalShutdown
10-25 20:52:25.076 27760 14183 I DeviceStateChecker: DeviceStateChecker cancelled
10-25 20:52:25.076 27760 27760 I MicroDetector: Keeping mic open: false
10-25 20:52:25.076 27760 27760 I MicroDetectionWorker: #onError(false)
10-25 20:52:25.109  1907  2026 I GnssLocationProvider: WakeLock acquired by sendMessage(REPORT_SV_STATUS, 0, com.android.server.location.GnssLocationProvider$SvStatusInfo@8092840)
10-25 20:52:25.110  1907  1928 I GnssLocationProvider: WakeLock released by handleMessage(REPORT_SV_STATUS, 0, com.android.server.location.GnssLocationProvider$SvStatusInfo@8092840)
10-25 20:52:26.109  1907  2026 I GnssLocationProvider: WakeLock acquired by sendMessage(REPORT_SV_STATUS, 0, com.android.server.location.GnssLocationProvider$SvStatusInfo@7a9d379)
10-25 20:52:26.111  1907  1928 I GnssLocationProvider: WakeLock released by handleMessage(REPORT_SV_STATUS, 0, com.android.server.location.GnssLocationProvider$SvStatusInfo@7a9d379)
10-25 20:52:27.107  1907  2026 I GnssLocationProvider: WakeLock acquired by sendMessage(REPORT_SV_STATUS, 0, com.android.server.location.GnssLocationProvider$SvStatusInfo@a5418be)
10-25 20:52:27.109  1907  1928 I GnssLocationProvider: WakeLock released by handleMessage(REPORT_SV_STATUS, 0, com.android.server.location.GnssLocationProvider$SvStatusInfo@a5418be)
10-25 20:52:28.108  1907  2026 I GnssLocationProvider: WakeLock acquired by sendMessage(REPORT_SV_STATUS, 0, com.android.server.location.GnssLocationProvider$SvStatusInfo@64c9d1f)
10-25 20:52:28.108  1907  1928 I GnssLocationProvider: WakeLock released by handleMessage(REPORT_SV_STATUS, 0, com.android.server.location.GnssLocationProvider$SvStatusInfo@64c9d1f)
10-25 20:52:19.967 27760 22138 I chatty  : uid=10027(com.google.android.googlequicksearchbox) UserFacing297 identical 4 lines
10-25 20:52:25.044 27760 22138 E ActivityThread: Failed to find provider info for com.google.android.apps.gsa.testing.ui.audio.recorded
10-25 20:52:28.123  1907  2617 I ActivityManager: Killing 11250:com.google.android.partnersetup/u0a24 (adj 906): empty for 1800s
10-25 20:52:28.123  1907  1932 W libprocessgroup: kill(-11250, 9) failed: No such process
10-25 20:52:28.165  1907  1932 W libprocessgroup: kill(-11250, 9) failed: No such process
10-25 20:52:28.176  1746  1746 I Zygote  : Process 11250 exited due to signal (9)
10-25 20:52:28.204  1907  1932 W libprocessgroup: kill(-11250, 9) failed: No such process
10-25 20:52:28.205  1907  1932 I libprocessgroup: Successfully killed process cgroup uid 10024 pid 11250 in 81ms
10-25 20:52:29.109  1907  2026 I GnssLocationProvider: WakeLock acquired by sendMessage(REPORT_SV_STATUS, 0, com.android.server.location.GnssLocationProvider$SvStatusInfo@b78886c)
10-25 20:52:29.110  1907  1928 I GnssLocationProvider: WakeLock released by handleMessage(REPORT_SV_STATUS, 0, com.android.server.location.GnssLocationProvider$SvStatusInfo@b78886c)
10-25 20:52:30.081 27760 27760 I MicroDetectionWorker: #startMicroDetector [speakerMode: 0]
10-25 20:52:30.082 27760 27760 I AudioController: Using mInputStreamFactoryBuilder
10-25 20:52:30.082 27760 27760 I AudioController: Created new AudioSource
10-25 20:52:30.083 27760 27760 I MicroDetectionWorker: onReady
10-25 20:52:30.109  1907  2026 I GnssLocationProvider: WakeLock acquired by sendMessage(REPORT_SV_STATUS, 0, com.android.server.location.GnssLocationProvider$SvStatusInfo@b6b2e35)
10-25 20:52:30.111  1907  1928 I GnssLocationProvider: WakeLock released by handleMessage(REPORT_SV_STATUS, 0, com.android.server.location.GnssLocationProvider$SvStatusInfo@b6b2e35)
10-25 20:52:30.113 27760  4220 I MicroRecognitionRunner: Starting detection.
10-25 20:52:30.115 27760 22138 I MicrophoneInputStream: mic_starting  SR : 16000 CC : 16 SO : 6
10-25 20:52:30.118  1646 30784 E         : Request requires android.permission.RECORD_AUDIO
10-25 20:52:30.118  1646 30784 E AudioPolicyIntefaceImpl: getInputForAttr permission denied: recording not allowed for uid 10027 pid 27760
10-25 20:52:30.118  1646 30784 E AudioFlinger: createRecord() checkRecordThread_l failed
10-25 20:52:30.119 27760 22138 E IAudioFlinger: createRecord returned error -22
10-25 20:52:30.119 27760 22138 E AudioRecord: AudioFlinger could not create record track, status: -22
10-25 20:52:30.125 27760 22138 E AudioRecord-JNI: Error creating AudioRecord instance: initialization check failed with status -22.
10-25 20:52:30.126 27760 22138 E android.media.AudioRecord: Error code -20 when initializing native AudioRecord object.
10-25 20:52:30.126 27760 22138 I MicrophoneInputStream: mic_started  SR : 16000 CC : 16 SO : 6
10-25 20:52:30.127 27760 22138 E ActivityThread: Failed to find provider info for com.google.android.apps.gsa.testing.ui.audio.recorded
10-25 20:52:30.128 27760 27760 I MicroDetectionWorker: onReady
10-25 20:52:30.131 27760 22138 I MicrophoneInputStream: mic_close  SR : 16000 CC : 16 SO : 6
10-25 20:52:30.135 27760  4220 I MicroRecognitionRunner: Detection finished
10-25 20:52:30.135 27760  4220 W ErrorReporter: reportError [type: 211, code: 524300]: Error reading from input stream
10-25 20:52:30.136 27760  4234 I MicroRecognitionRunner: Stopping hotword detection.
10-25 20:52:30.136 27760  4220 W ErrorProcessor: onFatalError, processing error from engine(4)
10-25 20:52:30.136 27760  4220 W ErrorProcessor: com.google.android.apps.gsa.shared.speech.b.g: Error reading from input stream
10-25 20:52:30.136 27760  4220 W ErrorProcessor: 	at com.google.android.apps.gsa.staticplugins.microdetection.d.k.a(SourceFile:91)
10-25 20:52:30.136 27760  4220 W ErrorProcessor: 	at com.google.android.apps.gsa.staticplugins.microdetection.d.l.run(Unknown Source:14)
10-25 20:52:30.136 27760  4220 W ErrorProcessor: 	at com.google.android.libraries.gsa.runner.a.a.b(SourceFile:32)
10-25 20:52:30.136 27760  4220 W ErrorProcessor: 	at com.google.android.libraries.gsa.runner.a.c.call(Unknown Source:4)
10-25 20:52:30.136 27760  4220 W ErrorProcessor: 	at java.util.concurrent.FutureTask.run(FutureTask.java:266)
10-25 20:52:30.136 27760  4220 W ErrorProcessor: 	at java.util.concurrent.Executors$RunnableAdapter.call(Executors.java:458)
10-25 20:52:30.136 27760  4220 W ErrorProcessor: 	at java.util.concurrent.FutureTask.run(FutureTask.java:266)
10-25 20:52:30.136 27760  4220 W ErrorProcessor: 	at com.google.android.apps.gsa.shared.util.concurrent.b.g.run(Unknown Source:4)
10-25 20:52:30.136 27760  4220 W ErrorProcessor: 	at com.google.android.apps.gsa.shared.util.concurrent.b.aw.run(SourceFile:4)
10-25 20:52:30.136 27760  4220 W ErrorProcessor: 	at com.google.android.apps.gsa.shared.util.concurrent.b.aw.run(SourceFile:4)
10-25 20:52:30.136 27760  4220 W ErrorProcessor: 	at java.util.concurrent.ThreadPoolExecutor.runWorker(ThreadPoolExecutor.java:1167)
10-25 20:52:30.136 27760  4220 W ErrorProcessor: 	at java.util.concurrent.ThreadPoolExecutor$Worker.run(ThreadPoolExecutor.java:641)
10-25 20:52:30.136 27760  4220 W ErrorProcessor: 	at java.lang.Thread.run(Thread.java:764)
10-25 20:52:30.136 27760  4220 W ErrorProcessor: 	at com.google.android.apps.gsa.shared.util.concurrent.b.i.run(SourceFile:6)
10-25 20:52:30.136 27760  4220 W ErrorProcessor: Caused by: com.google.android.apps.gsa.shared.exception.GsaIOException: Error code: 393238 | Buffer overflow, no available space.
10-25 20:52:30.136 27760  4220 W ErrorProcessor: 	at com.google.android.apps.gsa.speech.audio.Tee.j(SourceFile:103)
10-25 20:52:30.136 27760  4220 W ErrorProcessor: 	at com.google.android.apps.gsa.speech.audio.au.read(SourceFile:2)
10-25 20:52:30.136 27760  4220 W ErrorProcessor: 	at java.io.InputStream.read(InputStream.java:101)
10-25 20:52:30.136 27760  4220 W ErrorProcessor: 	at com.google.android.apps.gsa.speech.audio.ao.run(SourceFile:17)
10-25 20:52:30.136 27760  4220 W ErrorProcessor: 	at com.google.android.apps.gsa.speech.audio.an.run(SourceFile:2)
10-25 20:52:30.136 27760  4220 W ErrorProcessor: 	at java.util.concurrent.Executors$RunnableAdapter.call(Executors.java:458)
10-25 20:52:30.136 27760  4220 W ErrorProcessor: 	... 10 more
10-25 20:52:30.137 27760  4220 I AudioController: internalShutdown
10-25 20:52:30.139 27760 27760 I MicroDetector: Keeping mic open: false
10-25 20:52:30.139 27760 14183 I DeviceStateChecker: DeviceStateChecker cancelled
10-25 20:52:30.139 27760 27760 I MicroDetectionWorker: #onError(false)
10-25 20:52:31.110  1907  2026 I GnssLocationProvider: WakeLock acquired by sendMessage(REPORT_SV_STATUS, 0, com.android.server.location.GnssLocationProvider$SvStatusInfo@6b502ca)
10-25 20:52:31.112  1907  1928 I GnssLocationProvider: WakeLock released by handleMessage(REPORT_SV_STATUS, 0, com.android.server.location.GnssLocationProvider$SvStatusInfo@6b502ca)
10-25 20:52:31.132  1907  1928 E memtrack: Couldn't load memtrack module
10-25 20:52:31.132  1907  1928 W android.os.Debug: failed to get memory consumption info: -1
10-25 20:52:32.108  1907  2026 I GnssLocationProvider: WakeLock acquired by sendMessage(REPORT_SV_STATUS, 0, com.android.server.location.GnssLocationProvider$SvStatusInfo@427ec3b)
10-25 20:52:32.110  1907  1928 I GnssLocationProvider: WakeLock released by handleMessage(REPORT_SV_STATUS, 0, com.android.server.location.GnssLocationProvider$SvStatusInfo@427ec3b)
10-25 20:52:33.107  1907  2026 I GnssLocationProvider: WakeLock acquired by sendMessage(REPORT_SV_STATUS, 0, com.android.server.location.GnssLocationProvider$SvStatusInfo@f9bbf58)
10-25 20:52:33.108  1907  1928 I GnssLocationProvider: WakeLock released by handleMessage(REPORT_SV_STATUS, 0, com.android.server.location.GnssLocationProvider$SvStatusInfo@f9bbf58)
10-25 20:52:34.108  1907  2026 I GnssLocationProvider: WakeLock acquired by sendMessage(REPORT_SV_STATUS, 0, com.android.server.location.GnssLocationProvider$SvStatusInfo@fad78b1)
10-25 20:52:34.109  1907  1928 I GnssLocationProvider: WakeLock released by handleMessage(REPORT_SV_STATUS, 0, com.android.server.location.GnssLocationProvider$SvStatusInfo@fad78b1)
10-25 20:52:34.868  2359 23211 E memtrack: Couldn't load memtrack module
10-25 20:52:34.869  2359 23211 W android.os.Debug: failed to get memory consumption info: -1
10-25 20:52:35.108  1907  2026 I GnssLocationProvider: WakeLock acquired by sendMessage(REPORT_SV_STATUS, 0, com.android.server.location.GnssLocationProvider$SvStatusInfo@1888196)
10-25 20:52:35.109  1907  1928 I GnssLocationProvider: WakeLock released by handleMessage(REPORT_SV_STATUS, 0, com.android.server.location.GnssLocationProvider$SvStatusInfo@1888196)
10-25 20:52:35.146 27760 27760 I MicroDetectionWorker: #startMicroDetector [speakerMode: 0]
10-25 20:52:35.147 27760 27760 I AudioController: Using mInputStreamFactoryBuilder
10-25 20:52:35.147 27760 27760 I AudioController: Created new AudioSource
10-25 20:52:35.148 27760 27760 I MicroDetectionWorker: onReady
10-25 20:52:35.158 27760  4220 I MicroRecognitionRunner: Starting detection.
10-25 20:52:35.158 27760 22138 I MicrophoneInputStream: mic_starting  SR : 16000 CC : 16 SO : 6
10-25 20:52:35.160  1646 30784 E         : Request requires android.permission.RECORD_AUDIO
10-25 20:52:35.160  1646 30784 E AudioPolicyIntefaceImpl: getInputForAttr permission denied: recording not allowed for uid 10027 pid 27760
10-25 20:52:35.160  1646 30784 E AudioFlinger: createRecord() checkRecordThread_l failed
10-25 20:52:35.160 27760 22138 E IAudioFlinger: createRecord returned error -22
10-25 20:52:35.160 27760 22138 E AudioRecord: AudioFlinger could not create record track, status: -22
10-25 20:52:35.161 27760 22138 E AudioRecord-JNI: Error creating AudioRecord instance: initialization check failed with status -22.
10-25 20:52:35.162 27760 22138 E android.media.AudioRecord: Error code -20 when initializing native AudioRecord object.
10-25 20:52:35.162 27760 22138 I MicrophoneInputStream: mic_started  SR : 16000 CC : 16 SO : 6
10-25 20:52:35.165 27760 27760 I MicroDetectionWorker: onReady
10-25 20:52:35.171 27760 22138 I MicrophoneInputStream: mic_close  SR : 16000 CC : 16 SO : 6
10-25 20:52:35.171 27760  4220 I MicroRecognitionRunner: Detection finished
10-25 20:52:35.171 27760  4220 W ErrorReporter: reportError [type: 211, code: 524300]: Error reading from input stream
10-25 20:52:35.172 27760  4234 I MicroRecognitionRunner: Stopping hotword detection.
10-25 20:52:35.172 27760  4220 W ErrorProcessor: onFatalError, processing error from engine(4)
10-25 20:52:35.172 27760  4220 W ErrorProcessor: com.google.android.apps.gsa.shared.speech.b.g: Error reading from input stream
10-25 20:52:35.172 27760  4220 W ErrorProcessor: 	at com.google.android.apps.gsa.staticplugins.microdetection.d.k.a(SourceFile:91)
10-25 20:52:35.172 27760  4220 W ErrorProcessor: 	at com.google.android.apps.gsa.staticplugins.microdetection.d.l.run(Unknown Source:14)
10-25 20:52:35.172 27760  4220 W ErrorProcessor: 	at com.google.android.libraries.gsa.runner.a.a.b(SourceFile:32)
10-25 20:52:35.172 27760  4220 W ErrorProcessor: 	at com.google.android.libraries.gsa.runner.a.c.call(Unknown Source:4)
10-25 20:52:35.172 27760  4220 W ErrorProcessor: 	at java.util.concurrent.FutureTask.run(FutureTask.java:266)
10-25 20:52:35.172 27760  4220 W ErrorProcessor: 	at java.util.concurrent.Executors$RunnableAdapter.call(Executors.java:458)
10-25 20:52:35.172 27760  4220 W ErrorProcessor: 	at java.util.concurrent.FutureTask.run(FutureTask.java:266)
