10-25 20:53:10.471 27760  4220 I AudioController: internalShutdown
10-25 20:53:10.473 27760 27760 I MicroDetector: Keeping mic open: false
10-25 20:53:10.473 27760 27760 I MicroDetectionWorker: #onError(false)
10-25 20:53:10.473 27760 14183 I DeviceStateChecker: DeviceStateChecker cancelled
10-25 20:53:11.109  1907  2026 I GnssLocationProvider: WakeLock acquired by sendMessage(REPORT_SV_STATUS, 0, com.android.server.location.GnssLocationProvider$SvStatusInfo@63cfb93)
10-25 20:53:11.110  1907  1928 I GnssLocationProvider: WakeLock released by handleMessage(REPORT_SV_STATUS, 0, com.android.server.location.GnssLocationProvider$SvStatusInfo@63cfb93)
10-25 20:53:12.108  1907  2026 I GnssLocationProvider: WakeLock acquired by sendMessage(REPORT_SV_STATUS, 0, com.android.server.location.GnssLocationProvider$SvStatusInfo@35017d0)
10-25 20:53:12.109  1907  1928 I GnssLocationProvider: WakeLock released by handleMessage(REPORT_SV_STATUS, 0, com.android.server.location.GnssLocationProvider$SvStatusInfo@35017d0)
10-25 20:53:13.108  1907  2026 I GnssLocationProvider: WakeLock acquired by sendMessage(REPORT_SV_STATUS, 0, com.android.server.location.GnssLocationProvider$SvStatusInfo@b3bb3c9)
10-25 20:53:13.108  1907  1928 I GnssLocationProvider: WakeLock released by handleMessage(REPORT_SV_STATUS, 0, com.android.server.location.GnssLocationProvider$SvStatusInfo@b3bb3c9)
10-25 20:53:14.108  1907  2026 I GnssLocationProvider: WakeLock acquired by sendMessage(REPORT_SV_STATUS, 0, com.android.server.location.GnssLocationProvider$SvStatusInfo@fa8face)
10-25 20:53:14.109  1907  1928 I GnssLocationProvider: WakeLock released by handleMessage(REPORT_SV_STATUS, 0, com.android.server.location.GnssLocationProvider$SvStatusInfo@fa8face)
10-25 20:53:15.108  1907  2026 I GnssLocationProvider: WakeLock acquired by sendMessage(REPORT_SV_STATUS, 0, com.android.server.location.GnssLocationProvider$SvStatusInfo@b1bdef)
10-25 20:53:15.108  1907  1928 I GnssLocationProvider: WakeLock released by handleMessage(REPORT_SV_STATUS, 0, com.android.server.location.GnssLocationProvider$SvStatusInfo@b1bdef)
10-25 20:53:15.480 27760 27760 I MicroDetectionWorker: #startMicroDetector [speakerMode: 0]
10-25 20:53:15.480 27760 27760 I AudioController: Using mInputStreamFactoryBuilder
10-25 20:53:15.480 27760 27760 I AudioController: Created new AudioSource
10-25 20:53:15.482 27760 27760 I MicroDetectionWorker: onReady
10-25 20:53:15.497 27760  4220 I MicroRecognitionRunner: Starting detection.
10-25 20:53:15.498 27760 22138 I MicrophoneInputStream: mic_starting  SR : 16000 CC : 16 SO : 6
10-25 20:53:15.499  1646 30784 E         : Request requires android.permission.RECORD_AUDIO
10-25 20:53:15.499  1646 30784 E AudioPolicyIntefaceImpl: getInputForAttr permission denied: recording not allowed for uid 10027 pid 27760
10-25 20:53:15.500  1646 30784 E AudioFlinger: createRecord() checkRecordThread_l failed
10-25 20:53:15.501 27760 22138 E IAudioFlinger: createRecord returned error -22
10-25 20:53:15.501 27760 22138 E AudioRecord: AudioFlinger could not create record track, status: -22
10-25 20:53:15.501 27760 22138 E AudioRecord-JNI: Error creating AudioRecord instance: initialization check failed with status -22.
10-25 20:53:15.501 27760 22138 E android.media.AudioRecord: Error code -20 when initializing native AudioRecord object.
10-25 20:53:15.502 27760 22138 I MicrophoneInputStream: mic_started  SR : 16000 CC : 16 SO : 6
10-25 20:53:15.503 27760 27760 I MicroDetectionWorker: onReady
10-25 20:53:15.506 27760 22138 I MicrophoneInputStream: mic_close  SR : 16000 CC : 16 SO : 6
10-25 20:53:15.508 27760  4220 I MicroRecognitionRunner: Detection finished
10-25 20:53:15.508 27760  4220 W ErrorReporter: reportError [type: 211, code: 524300]: Error reading from input stream
10-25 20:53:15.508 27760  4234 I MicroRecognitionRunner: Stopping hotword detection.
10-25 20:53:15.508 27760  4220 W ErrorProcessor: onFatalError, processing error from engine(4)
10-25 20:53:15.508 27760  4220 W ErrorProcessor: com.google.android.apps.gsa.shared.speech.b.g: Error reading from input stream
10-25 20:53:15.508 27760  4220 W ErrorProcessor: 	at com.google.android.apps.gsa.staticplugins.microdetection.d.k.a(SourceFile:91)
10-25 20:53:15.508 27760  4220 W ErrorProcessor: 	at com.google.android.apps.gsa.staticplugins.microdetection.d.l.run(Unknown Source:14)
10-25 20:53:15.508 27760  4220 W ErrorProcessor: 	at com.google.android.libraries.gsa.runner.a.a.b(SourceFile:32)
10-25 20:53:15.508 27760  4220 W ErrorProcessor: 	at com.google.android.libraries.gsa.runner.a.c.call(Unknown Source:4)
10-25 20:53:15.508 27760  4220 W ErrorProcessor: 	at java.util.concurrent.FutureTask.run(FutureTask.java:266)
10-25 20:53:15.508 27760  4220 W ErrorProcessor: 	at java.util.concurrent.Executors$RunnableAdapter.call(Executors.java:458)
10-25 20:53:15.508 27760  4220 W ErrorProcessor: 	at java.util.concurrent.FutureTask.run(FutureTask.java:266)
10-25 20:53:15.508 27760  4220 W ErrorProcessor: 	at com.google.android.apps.gsa.shared.util.concurrent.b.g.run(Unknown Source:4)
10-25 20:53:15.508 27760  4220 W ErrorProcessor: 	at com.google.android.apps.gsa.shared.util.concurrent.b.aw.run(SourceFile:4)
10-25 20:53:15.508 27760  4220 W ErrorProcessor: 	at com.google.android.apps.gsa.shared.util.concurrent.b.aw.run(SourceFile:4)
10-25 20:53:15.508 27760  4220 W ErrorProcessor: 	at java.util.concurrent.ThreadPoolExecutor.runWorker(ThreadPoolExecutor.java:1167)
10-25 20:53:15.508 27760  4220 W ErrorProcessor: 	at java.util.concurrent.ThreadPoolExecutor$Worker.run(ThreadPoolExecutor.java:641)
10-25 20:53:15.508 27760  4220 W ErrorProcessor: 	at java.lang.Thread.run(Thread.java:764)
10-25 20:53:15.508 27760  4220 W ErrorProcessor: 	at com.google.android.apps.gsa.shared.util.concurrent.b.i.run(SourceFile:6)
10-25 20:53:15.508 27760  4220 W ErrorProcessor: Caused by: com.google.android.apps.gsa.shared.exception.GsaIOException: Error code: 393238 | Buffer overflow, no available space.
10-25 20:53:15.508 27760  4220 W ErrorProcessor: 	at com.google.android.apps.gsa.speech.audio.Tee.j(SourceFile:103)
10-25 20:53:15.508 27760  4220 W ErrorProcessor: 	at com.google.android.apps.gsa.speech.audio.au.read(SourceFile:2)
10-25 20:53:15.508 27760  4220 W ErrorProcessor: 	at java.io.InputStream.read(InputStream.java:101)
10-25 20:53:15.508 27760  4220 W ErrorProcessor: 	at com.google.android.apps.gsa.speech.audio.ao.run(SourceFile:17)
10-25 20:53:15.508 27760  4220 W ErrorProcessor: 	at com.google.android.apps.gsa.speech.audio.an.run(SourceFile:2)
10-25 20:53:15.508 27760  4220 W ErrorProcessor: 	at java.util.concurrent.Executors$RunnableAdapter.call(Executors.java:458)
10-25 20:53:15.508 27760  4220 W ErrorProcessor: 	... 10 more
10-25 20:53:15.509 27760  4220 I AudioController: internalShutdown
10-25 20:53:15.510 27760 14183 I DeviceStateChecker: DeviceStateChecker cancelled
10-25 20:53:15.510 27760 27760 I MicroDetector: Keeping mic open: false
10-25 20:53:15.511 27760 27760 I MicroDetectionWorker: #onError(false)
10-25 20:53:16.108  1907  2026 I GnssLocationProvider: WakeLock acquired by sendMessage(REPORT_SV_STATUS, 0, com.android.server.location.GnssLocationProvider$SvStatusInfo@966e0fc)
10-25 20:53:16.109  1907  1928 I GnssLocationProvider: WakeLock released by handleMessage(REPORT_SV_STATUS, 0, com.android.server.location.GnssLocationProvider$SvStatusInfo@966e0fc)
10-25 20:53:17.109  1907  2026 I GnssLocationProvider: WakeLock acquired by sendMessage(REPORT_SV_STATUS, 0, com.android.server.location.GnssLocationProvider$SvStatusInfo@842c385)
10-25 20:53:17.109  1907  1928 I GnssLocationProvider: WakeLock released by handleMessage(REPORT_SV_STATUS, 0, com.android.server.location.GnssLocationProvider$SvStatusInfo@842c385)
10-25 20:53:18.109  1907  2026 I GnssLocationProvider: WakeLock acquired by sendMessage(REPORT_SV_STATUS, 0, com.android.server.location.GnssLocationProvider$SvStatusInfo@9ddf5da)
10-25 20:53:18.109  1907  1928 I GnssLocationProvider: WakeLock released by handleMessage(REPORT_SV_STATUS, 0, com.android.server.location.GnssLocationProvider$SvStatusInfo@9ddf5da)
10-25 20:53:19.108  1907  2026 I GnssLocationProvider: WakeLock acquired by sendMessage(REPORT_SV_STATUS, 0, com.android.server.location.GnssLocationProvider$SvStatusInfo@5064a0b)
10-25 20:53:19.109  1907  1928 I GnssLocationProvider: WakeLock released by handleMessage(REPORT_SV_STATUS, 0, com.android.server.location.GnssLocationProvider$SvStatusInfo@5064a0b)
10-25 20:53:20.108  1907  2026 I GnssLocationProvider: WakeLock acquired by sendMessage(REPORT_SV_STATUS, 0, com.android.server.location.GnssLocationProvider$SvStatusInfo@dbf10e8)
10-25 20:53:20.109  1907  1928 I GnssLocationProvider: WakeLock released by handleMessage(REPORT_SV_STATUS, 0, com.android.server.location.GnssLocationProvider$SvStatusInfo@dbf10e8)
10-25 20:53:20.518 27760 27760 I MicroDetectionWorker: #startMicroDetector [speakerMode: 0]
10-25 20:53:20.518 27760 27760 I AudioController: Using mInputStreamFactoryBuilder
10-25 20:53:20.518 27760 27760 I AudioController: Created new AudioSource
10-25 20:53:20.519 27760 27760 I MicroDetectionWorker: onReady
10-25 20:53:20.528 27760  4220 I MicroRecognitionRunner: Starting detection.
10-25 20:53:20.528 27760 22138 I MicrophoneInputStream: mic_starting  SR : 16000 CC : 16 SO : 6
10-25 20:53:20.529  1646 30784 E         : Request requires android.permission.RECORD_AUDIO
10-25 20:53:20.529  1646 30784 E AudioPolicyIntefaceImpl: getInputForAttr permission denied: recording not allowed for uid 10027 pid 27760
10-25 20:53:20.529  1646 30784 E AudioFlinger: createRecord() checkRecordThread_l failed
10-25 20:53:20.529 27760 22138 E IAudioFlinger: createRecord returned error -22
10-25 20:53:20.529 27760 22138 E AudioRecord: AudioFlinger could not create record track, status: -22
10-25 20:53:20.530 27760 22138 E AudioRecord-JNI: Error creating AudioRecord instance: initialization check failed with status -22.
10-25 20:53:20.530 27760 22138 E android.media.AudioRecord: Error code -20 when initializing native AudioRecord object.
10-25 20:53:20.530 27760 22138 I MicrophoneInputStream: mic_started  SR : 16000 CC : 16 SO : 6
10-25 20:53:20.532 27760 27760 I MicroDetectionWorker: onReady
10-25 20:53:20.532 27760 22138 I MicrophoneInputStream: mic_close  SR : 16000 CC : 16 SO : 6
10-25 20:53:20.533 27760  4220 I MicroRecognitionRunner: Detection finished
10-25 20:53:20.533 27760  4220 W ErrorReporter: reportError [type: 211, code: 524300]: Error reading from input stream
10-25 20:53:20.533 27760  4234 I MicroRecognitionRunner: Stopping hotword detection.
10-25 20:53:20.534 27760  4220 W ErrorProcessor: onFatalError, processing error from engine(4)
10-25 20:53:20.534 27760  4220 W ErrorProcessor: com.google.android.apps.gsa.shared.speech.b.g: Error reading from input stream
10-25 20:53:20.534 27760  4220 W ErrorProcessor: 	at com.google.android.apps.gsa.staticplugins.microdetection.d.k.a(SourceFile:91)
10-25 20:53:20.534 27760  4220 W ErrorProcessor: 	at com.google.android.apps.gsa.staticplugins.microdetection.d.l.run(Unknown Source:14)
10-25 20:53:20.534 27760  4220 W ErrorProcessor: 	at com.google.android.libraries.gsa.runner.a.a.b(SourceFile:32)
10-25 20:53:20.534 27760  4220 W ErrorProcessor: 	at com.google.android.libraries.gsa.runner.a.c.call(Unknown Source:4)
10-25 20:53:20.534 27760  4220 W ErrorProcessor: 	at java.util.concurrent.FutureTask.run(FutureTask.java:266)
10-25 20:53:20.534 27760  4220 W ErrorProcessor: 	at java.util.concurrent.Executors$RunnableAdapter.call(Executors.java:458)
10-25 20:53:20.534 27760  4220 W ErrorProcessor: 	at java.util.concurrent.FutureTask.run(FutureTask.java:266)
10-25 20:53:20.534 27760  4220 W ErrorProcessor: 	at com.google.android.apps.gsa.shared.util.concurrent.b.g.run(Unknown Source:4)
10-25 20:53:20.534 27760  4220 W ErrorProcessor: 	at com.google.android.apps.gsa.shared.util.concurrent.b.aw.run(SourceFile:4)
10-25 20:53:20.534 27760  4220 W ErrorProcessor: 	at com.google.android.apps.gsa.shared.util.concurrent.b.aw.run(SourceFile:4)
10-25 20:53:20.534 27760  4220 W ErrorProcessor: 	at java.util.concurrent.ThreadPoolExecutor.runWorker(ThreadPoolExecutor.java:1167)
10-25 20:53:20.534 27760  4220 W ErrorProcessor: 	at java.util.concurrent.ThreadPoolExecutor$Worker.run(ThreadPoolExecutor.java:641)
10-25 20:53:20.534 27760  4220 W ErrorProcessor: 	at java.lang.Thread.run(Thread.java:764)
10-25 20:53:20.534 27760  4220 W ErrorProcessor: 	at com.google.android.apps.gsa.shared.util.concurrent.b.i.run(SourceFile:6)
10-25 20:53:20.534 27760  4220 W ErrorProcessor: Caused by: com.google.android.apps.gsa.shared.exception.GsaIOException: Error code: 393238 | Buffer overflow, no available space.
10-25 20:53:20.534 27760  4220 W ErrorProcessor: 	at com.google.android.apps.gsa.speech.audio.Tee.j(SourceFile:103)
10-25 20:53:20.534 27760  4220 W ErrorProcessor: 	at com.google.android.apps.gsa.speech.audio.au.read(SourceFile:2)
10-25 20:53:20.534 27760  4220 W ErrorProcessor: 	at java.io.InputStream.read(InputStream.java:101)
10-25 20:53:20.534 27760  4220 W ErrorProcessor: 	at com.google.android.apps.gsa.speech.audio.ao.run(SourceFile:17)
10-25 20:53:20.534 27760  4220 W ErrorProcessor: 	at com.google.android.apps.gsa.speech.audio.an.run(SourceFile:2)
10-25 20:53:20.534 27760  4220 W ErrorProcessor: 	at java.util.concurrent.Executors$RunnableAdapter.call(Executors.java:458)
10-25 20:53:20.534 27760  4220 W ErrorProcessor: 	... 10 more
10-25 20:53:20.534 27760  4220 I AudioController: internalShutdown
10-25 20:53:20.535 27760 27760 I MicroDetector: Keeping mic open: false
10-25 20:53:20.535 27760 27760 I MicroDetectionWorker: #onError(false)
10-25 20:53:20.535 27760 14183 I DeviceStateChecker: DeviceStateChecker cancelled
10-25 20:53:21.109  1907  2026 I GnssLocationProvider: WakeLock acquired by sendMessage(REPORT_SV_STATUS, 0, com.android.server.location.GnssLocationProvider$SvStatusInfo@cf11301)
10-25 20:53:21.109  1907  1928 I GnssLocationProvider: WakeLock released by handleMessage(REPORT_SV_STATUS, 0, com.android.server.location.GnssLocationProvider$SvStatusInfo@cf11301)
10-25 20:53:22.109  1907  2026 I GnssLocationProvider: WakeLock acquired by sendMessage(REPORT_SV_STATUS, 0, com.android.server.location.GnssLocationProvider$SvStatusInfo@a3595a6)
10-25 20:53:22.110  1907  1928 I GnssLocationProvider: WakeLock released by handleMessage(REPORT_SV_STATUS, 0, com.android.server.location.GnssLocationProvider$SvStatusInfo@a3595a6)
10-25 20:53:23.109  1907  2026 I GnssLocationProvider: WakeLock acquired by sendMessage(REPORT_SV_STATUS, 0, com.android.server.location.GnssLocationProvider$SvStatusInfo@cd7be7)
10-25 20:53:23.110  1907  1928 I GnssLocationProvider: WakeLock released by handleMessage(REPORT_SV_STATUS, 0, com.android.server.location.GnssLocationProvider$SvStatusInfo@cd7be7)
10-25 20:53:24.111  1907  2026 I GnssLocationProvider: WakeLock acquired by sendMessage(REPORT_SV_STATUS, 0, com.android.server.location.GnssLocationProvider$SvStatusInfo@ee85394)
10-25 20:53:24.112  1907  1928 I GnssLocationProvider: WakeLock released by handleMessage(REPORT_SV_STATUS, 0, com.android.server.location.GnssLocationProvider$SvStatusInfo@ee85394)
10-25 20:53:25.111  1907  2026 I GnssLocationProvider: WakeLock acquired by sendMessage(REPORT_SV_STATUS, 0, com.android.server.location.GnssLocationProvider$SvStatusInfo@adade3d)
10-25 20:53:25.112  1907  1928 I GnssLocationProvider: WakeLock released by handleMessage(REPORT_SV_STATUS, 0, com.android.server.location.GnssLocationProvider$SvStatusInfo@adade3d)
10-25 20:53:25.542 27760 27760 I MicroDetectionWorker: #startMicroDetector [speakerMode: 0]
10-25 20:53:25.543 27760 27760 I AudioController: Using mInputStreamFactoryBuilder
10-25 20:53:25.543 27760 27760 I AudioController: Created new AudioSource
10-25 20:53:25.544 27760 27760 I MicroDetectionWorker: onReady
10-25 20:53:25.557 27760  4220 I MicroRecognitionRunner: Starting detection.
10-25 20:53:25.558 27760 22138 I MicrophoneInputStream: mic_starting  SR : 16000 CC : 16 SO : 6
10-25 20:53:25.560  1646 30784 E         : Request requires android.permission.RECORD_AUDIO
10-25 20:53:25.560  1646 30784 E AudioPolicyIntefaceImpl: getInputForAttr permission denied: recording not allowed for uid 10027 pid 27760
10-25 20:53:25.561  1646 30784 E AudioFlinger: createRecord() checkRecordThread_l failed
10-25 20:53:25.561 27760 22138 E IAudioFlinger: createRecord returned error -22
10-25 20:53:25.561 27760 22138 E AudioRecord: AudioFlinger could not create record track, status: -22
10-25 20:53:25.562 27760 22138 E AudioRecord-JNI: Error creating AudioRecord instance: initialization check failed with status -22.
10-25 20:53:25.563 27760 22138 E android.media.AudioRecord: Error code -20 when initializing native AudioRecord object.
10-25 20:53:25.563 27760 22138 I MicrophoneInputStream: mic_started  SR : 16000 CC : 16 SO : 6
10-25 20:53:25.565 27760 27760 I MicroDetectionWorker: onReady
10-25 20:53:25.567 27760 22138 I MicrophoneInputStream: mic_close  SR : 16000 CC : 16 SO : 6
10-25 20:53:25.568 27760  4220 I MicroRecognitionRunner: Detection finished
10-25 20:53:25.568 27760  4220 W ErrorReporter: reportError [type: 211, code: 524300]: Error reading from input stream
10-25 20:53:25.569 27760  4234 I MicroRecognitionRunner: Stopping hotword detection.
10-25 20:53:25.569 27760  4220 W ErrorProcessor: onFatalError, processing error from engine(4)
10-25 20:53:25.569 27760  4220 W ErrorProcessor: com.google.android.apps.gsa.shared.speech.b.g: Error reading from input stream
10-25 20:53:25.569 27760  4220 W ErrorProcessor: 	at com.google.android.apps.gsa.staticplugins.microdetection.d.k.a(SourceFile:91)
10-25 20:53:25.569 27760  4220 W ErrorProcessor: 	at com.google.android.apps.gsa.staticplugins.microdetection.d.l.run(Unknown Source:14)
10-25 20:53:25.569 27760  4220 W ErrorProcessor: 	at com.google.android.libraries.gsa.runner.a.a.b(SourceFile:32)
10-25 20:53:25.569 27760  4220 W ErrorProcessor: 	at com.google.android.libraries.gsa.runner.a.c.call(Unknown Source:4)
10-25 20:53:25.569 27760  4220 W ErrorProcessor: 	at java.util.concurrent.FutureTask.run(FutureTask.java:266)
10-25 20:53:25.569 27760  4220 W ErrorProcessor: 	at java.util.concurrent.Executors$RunnableAdapter.call(Executors.java:458)
10-25 20:53:25.569 27760  4220 W ErrorProcessor: 	at java.util.concurrent.FutureTask.run(FutureTask.java:266)
10-25 20:53:25.569 27760  4220 W ErrorProcessor: 	at com.google.android.apps.gsa.shared.util.concurrent.b.g.run(Unknown Source:4)
10-25 20:53:25.569 27760  4220 W ErrorProcessor: 	at com.google.android.apps.gsa.shared.util.concurrent.b.aw.run(SourceFile:4)
10-25 20:53:25.569 27760  4220 W ErrorProcessor: 	at com.google.android.apps.gsa.shared.util.concurrent.b.aw.run(SourceFile:4)
10-25 20:53:25.569 27760  4220 W ErrorProcessor: 	at java.util.concurrent.ThreadPoolExecutor.runWorker(ThreadPoolExecutor.java:1167)
10-25 20:53:25.569 27760  4220 W ErrorProcessor: 	at java.util.concurrent.ThreadPoolExecutor$Worker.run(ThreadPoolExecutor.java:641)
10-25 20:53:25.569 27760  4220 W ErrorProcessor: 	at java.lang.Thread.run(Thread.java:764)
10-25 20:53:25.569 27760  4220 W ErrorProcessor: 	at com.google.android.apps.gsa.shared.util.concurrent.b.i.run(SourceFile:6)
10-25 20:53:25.569 27760  4220 W ErrorProcessor: Caused by: com.google.android.apps.gsa.shared.exception.GsaIOException: Error code: 393238 | Buffer overflow, no available space.
10-25 20:53:25.569 27760  4220 W ErrorProcessor: 	at com.google.android.apps.gsa.speech.audio.Tee.j(SourceFile:103)
10-25 20:53:25.569 27760  4220 W ErrorProcessor: 	at com.google.android.apps.gsa.speech.audio.au.read(SourceFile:2)
10-25 20:53:25.569 27760  4220 W ErrorProcessor: 	at java.io.InputStream.read(InputStream.java:101)
10-25 20:53:25.569 27760  4220 W ErrorProcessor: 	at com.google.android.apps.gsa.speech.audio.ao.run(SourceFile:17)
10-25 20:53:25.569 27760  4220 W ErrorProcessor: 	at com.google.android.apps.gsa.speech.audio.an.run(SourceFile:2)
10-25 20:53:25.569 27760  4220 W ErrorProcessor: 	at java.util.concurrent.Executors$RunnableAdapter.call(Executors.java:458)
10-25 20:53:25.569 27760  4220 W ErrorProcessor: 	... 10 more
10-25 20:53:25.569 27760  4220 I AudioController: internalShutdown
10-25 20:53:25.572 27760 27760 I MicroDetector: Keeping mic open: false
10-25 20:53:25.572 27760 27760 I MicroDetectionWorker: #onError(false)
10-25 20:53:25.572 27760 14183 I DeviceStateChecker: DeviceStateChecker cancelled
10-25 20:53:26.110  1907  2026 I GnssLocationProvider: WakeLock acquired by sendMessage(REPORT_SV_STATUS, 0, com.android.server.location.GnssLocationProvider$SvStatusInfo@f156632)
10-25 20:53:26.111  1907  1928 I GnssLocationProvider: WakeLock released by handleMessage(REPORT_SV_STATUS, 0, com.android.server.location.GnssLocationProvider$SvStatusInfo@f156632)
10-25 20:53:27.111  1907  2026 I GnssLocationProvider: WakeLock acquired by sendMessage(REPORT_SV_STATUS, 0, com.android.server.location.GnssLocationProvider$SvStatusInfo@debef83)
10-25 20:53:27.113  1907  1928 I GnssLocationProvider: WakeLock released by handleMessage(REPORT_SV_STATUS, 0, com.android.server.location.GnssLocationProvider$SvStatusInfo@debef83)
10-25 20:53:28.110  1907  2026 I GnssLocationProvider: WakeLock acquired by sendMessage(REPORT_SV_STATUS, 0, com.android.server.location.GnssLocationProvider$SvStatusInfo@2c11500)
10-25 20:53:28.112  1907  1928 I GnssLocationProvider: WakeLock released by handleMessage(REPORT_SV_STATUS, 0, com.android.server.location.GnssLocationProvider$SvStatusInfo@2c11500)
10-25 20:53:29.110  1907  2026 I GnssLocationProvider: WakeLock acquired by sendMessage(REPORT_SV_STATUS, 0, com.android.server.location.GnssLocationProvider$SvStatusInfo@e9c2139)
10-25 20:53:29.111  1907  1928 I GnssLocationProvider: WakeLock released by handleMessage(REPORT_SV_STATUS, 0, com.android.server.location.GnssLocationProvider$SvStatusInfo@e9c2139)
10-25 20:53:30.110  1907  2026 I GnssLocationProvider: WakeLock acquired by sendMessage(REPORT_SV_STATUS, 0, com.android.server.location.GnssLocationProvider$SvStatusInfo@5afb37e)
10-25 20:53:30.112  1907  1928 I GnssLocationProvider: WakeLock released by handleMessage(REPORT_SV_STATUS, 0, com.android.server.location.GnssLocationProvider$SvStatusInfo@5afb37e)
10-25 20:53:30.581 27760 27760 I MicroDetectionWorker: #startMicroDetector [speakerMode: 0]
10-25 20:53:30.581 27760 27760 I AudioController: Using mInputStreamFactoryBuilder
10-25 20:53:30.581 27760 27760 I AudioController: Created new AudioSource
10-25 20:53:30.582 27760 27760 I MicroDetectionWorker: onReady
10-25 20:53:30.589 27760  4220 I MicroRecognitionRunner: Starting detection.
10-25 20:53:30.590 27760 22138 I MicrophoneInputStream: mic_starting  SR : 16000 CC : 16 SO : 6
10-25 20:53:30.591  1646 30784 E         : Request requires android.permission.RECORD_AUDIO
10-25 20:53:30.591  1646 30784 E AudioPolicyIntefaceImpl: getInputForAttr permission denied: recording not allowed for uid 10027 pid 27760
10-25 20:53:30.592  1646 30784 E AudioFlinger: createRecord() checkRecordThread_l failed
10-25 20:53:30.592 27760 22138 E IAudioFlinger: createRecord returned error -22
10-25 20:53:30.592 27760 22138 E AudioRecord: AudioFlinger could not create record track, status: -22
10-25 20:53:30.592 27760 22138 E AudioRecord-JNI: Error creating AudioRecord instance: initialization check failed with status -22.
10-25 20:53:30.593 27760 22138 E android.media.AudioRecord: Error code -20 when initializing native AudioRecord object.
10-25 20:53:30.593 27760 22138 I MicrophoneInputStream: mic_started  SR : 16000 CC : 16 SO : 6
10-25 20:53:30.594 27760 27760 I MicroDetectionWorker: onReady
10-25 20:53:30.597 27760 22138 I MicrophoneInputStream: mic_close  SR : 16000 CC : 16 SO : 6
10-25 20:53:30.597 27760  4220 I MicroRecognitionRunner: Detection finished
10-25 20:53:30.597 27760  4220 W ErrorReporter: reportError [type: 211, code: 524300]: Error reading from input stream
10-25 20:53:30.598 27760  4234 I MicroRecognitionRunner: Stopping hotword detection.
10-25 20:53:30.598 27760  4220 W ErrorProcessor: onFatalError, processing error from engine(4)
10-25 20:53:30.598 27760  4220 W ErrorProcessor: com.google.android.apps.gsa.shared.speech.b.g: Error reading from input stream
10-25 20:53:30.598 27760  4220 W ErrorProcessor: 	at com.google.android.apps.gsa.staticplugins.microdetection.d.k.a(SourceFile:91)
10-25 20:53:30.598 27760  4220 W ErrorProcessor: 	at com.google.android.apps.gsa.staticplugins.microdetection.d.l.run(Unknown Source:14)
10-25 20:53:30.598 27760  4220 W ErrorProcessor: 	at com.google.android.libraries.gsa.runner.a.a.b(SourceFile:32)
10-25 20:53:30.598 27760  4220 W ErrorProcessor: 	at com.google.android.libraries.gsa.runner.a.c.call(Unknown Source:4)
10-25 20:53:30.598 27760  4220 W ErrorProcessor: 	at java.util.concurrent.FutureTask.run(FutureTask.java:266)
10-25 20:53:30.598 27760  4220 W ErrorProcessor: 	at java.util.concurrent.Executors$RunnableAdapter.call(Executors.java:458)
10-25 20:53:30.598 27760  4220 W ErrorProcessor: 	at java.util.concurrent.FutureTask.run(FutureTask.java:266)
10-25 20:53:30.598 27760  4220 W ErrorProcessor: 	at com.google.android.apps.gsa.shared.util.concurrent.b.g.run(Unknown Source:4)
10-25 20:53:30.598 27760  4220 W ErrorProcessor: 	at com.google.android.apps.gsa.shared.util.concurrent.b.aw.run(SourceFile:4)
10-25 20:53:30.598 27760  4220 W ErrorProcessor: 	at com.google.android.apps.gsa.shared.util.concurrent.b.aw.run(SourceFile:4)
10-25 20:53:30.598 27760  4220 W ErrorProcessor: 	at java.util.concurrent.ThreadPoolExecutor.runWorker(ThreadPoolExecutor.java:1167)
10-25 20:53:30.598 27760  4220 W ErrorProcessor: 	at java.util.concurrent.ThreadPoolExecutor$Worker.run(ThreadPoolExecutor.java:641)
10-25 20:53:30.598 27760  4220 W ErrorProcessor: 	at java.lang.Thread.run(Thread.java:764)
10-25 20:53:30.598 27760  4220 W ErrorProcessor: 	at com.google.android.apps.gsa.shared.util.concurrent.b.i.run(SourceFile:6)
10-25 20:53:30.598 27760  4220 W ErrorProcessor: Caused by: com.google.android.apps.gsa.shared.exception.GsaIOException: Error code: 393238 | Buffer overflow, no available space.
10-25 20:53:30.598 27760  4220 W ErrorProcessor: 	at com.google.android.apps.gsa.speech.audio.Tee.j(SourceFile:103)
10-25 20:53:30.598 27760  4220 W ErrorProcessor: 	at com.google.android.apps.gsa.speech.audio.au.read(SourceFile:2)
10-25 20:53:30.598 27760  4220 W ErrorProcessor: 	at java.io.InputStream.read(InputStream.java:101)
10-25 20:53:30.598 27760  4220 W ErrorProcessor: 	at com.google.android.apps.gsa.speech.audio.ao.run(SourceFile:17)
10-25 20:53:30.598 27760  4220 W ErrorProcessor: 	at com.google.android.apps.gsa.speech.audio.an.run(SourceFile:2)
10-25 20:53:30.598 27760  4220 W ErrorProcessor: 	at java.util.concurrent.Executors$RunnableAdapter.call(Executors.java:458)
10-25 20:53:30.598 27760  4220 W ErrorProcessor: 	... 10 more
10-25 20:53:30.598 27760  4220 I AudioController: internalShutdown
10-25 20:53:30.599 27760 27760 I MicroDetector: Keeping mic open: false
10-25 20:53:30.599 27760 27760 I MicroDetectionWorker: #onError(false)
10-25 20:53:30.599 27760 14183 I DeviceStateChecker: DeviceStateChecker cancelled
10-25 20:53:31.110  1907  2026 I GnssLocationProvider: WakeLock acquired by sendMessage(REPORT_SV_STATUS, 0, com.android.server.location.GnssLocationProvider$SvStatusInfo@5f400df)
10-25 20:53:31.110  1907  1928 I GnssLocationProvider: WakeLock released by handleMessage(REPORT_SV_STATUS, 0, com.android.server.location.GnssLocationProvider$SvStatusInfo@5f400df)
10-25 20:53:32.112  1907  2026 I GnssLocationProvider: WakeLock acquired by sendMessage(REPORT_SV_STATUS, 0, com.android.server.location.GnssLocationProvider$SvStatusInfo@ca2812c)
10-25 20:53:32.114  1907  1928 I GnssLocationProvider: WakeLock released by handleMessage(REPORT_SV_STATUS, 0, com.android.server.location.GnssLocationProvider$SvStatusInfo@ca2812c)
10-25 20:53:33.110  1907  2026 I GnssLocationProvider: WakeLock acquired by sendMessage(REPORT_SV_STATUS, 0, com.android.server.location.GnssLocationProvider$SvStatusInfo@89497f5)
10-25 20:53:33.111  1907  1928 I GnssLocationProvider: WakeLock released by handleMessage(REPORT_SV_STATUS, 0, com.android.server.location.GnssLocationProvider$SvStatusInfo@89497f5)
10-25 20:53:34.110  1907  2026 I GnssLocationProvider: WakeLock acquired by sendMessage(REPORT_SV_STATUS, 0, com.android.server.location.GnssLocationProvider$SvStatusInfo@a0f898a)
10-25 20:53:34.111  1907  1928 I GnssLocationProvider: WakeLock released by handleMessage(REPORT_SV_STATUS, 0, com.android.server.location.GnssLocationProvider$SvStatusInfo@a0f898a)
10-25 20:53:35.110  1907  2026 I GnssLocationProvider: WakeLock acquired by sendMessage(REPORT_SV_STATUS, 0, com.android.server.location.GnssLocationProvider$SvStatusInfo@f41cbfb)
10-25 20:53:35.111  1907  1928 I GnssLocationProvider: WakeLock released by handleMessage(REPORT_SV_STATUS, 0, com.android.server.location.GnssLocationProvider$SvStatusInfo@f41cbfb)
10-25 20:53:35.608 27760 27760 I MicroDetectionWorker: #startMicroDetector [speakerMode: 0]
10-25 20:53:35.609 27760 27760 I AudioController: Using mInputStreamFactoryBuilder
10-25 20:53:35.609 27760 27760 I AudioController: Created new AudioSource
10-25 20:53:35.612 27760 27760 I MicroDetectionWorker: onReady
10-25 20:53:35.635 27760 14183 I MicroRecognitionRunner: Starting detection.
10-25 20:53:35.640 27760 22138 I MicrophoneInputStream: mic_starting  SR : 16000 CC : 16 SO : 6
10-25 20:53:35.649  1646 30784 E         : Request requires android.permission.RECORD_AUDIO
10-25 20:53:35.649  1646 30784 E AudioPolicyIntefaceImpl: getInputForAttr permission denied: recording not allowed for uid 10027 pid 27760
10-25 20:53:35.649  1646 30784 E AudioFlinger: createRecord() checkRecordThread_l failed
10-25 20:53:35.649 27760 22138 E IAudioFlinger: createRecord returned error -22
10-25 20:53:35.650 27760 22138 E AudioRecord: AudioFlinger could not create record track, status: -22
10-25 20:53:35.650 27760 22138 E AudioRecord-JNI: Error creating AudioRecord instance: initialization check failed with status -22.
10-25 20:53:35.651 27760 22138 E android.media.AudioRecord: Error code -20 when initializing native AudioRecord object.
10-25 20:53:35.652 27760 22138 I MicrophoneInputStream: mic_started  SR : 16000 CC : 16 SO : 6
10-25 20:53:35.655 27760 27760 I MicroDetectionWorker: onReady
10-25 20:53:35.676 27760 22138 I MicrophoneInputStream: mic_close  SR : 16000 CC : 16 SO : 6
10-25 20:53:35.676 27760 14183 I MicroRecognitionRunner: Detection finished
10-25 20:53:35.676 27760 14183 W ErrorReporter: reportError [type: 211, code: 524300]: Error reading from input stream
10-25 20:53:35.681 27760  4234 I MicroRecognitionRunner: Stopping hotword detection.
10-25 20:53:35.683 27760 14183 W ErrorProcessor: onFatalError, processing error from engine(4)
10-25 20:53:35.683 27760 14183 W ErrorProcessor: com.google.android.apps.gsa.shared.speech.b.g: Error reading from input stream
10-25 20:53:35.683 27760 14183 W ErrorProcessor: 	at com.google.android.apps.gsa.staticplugins.microdetection.d.k.a(SourceFile:91)
10-25 20:53:35.683 27760 14183 W ErrorProcessor: 	at com.google.android.apps.gsa.staticplugins.microdetection.d.l.run(Unknown Source:14)
10-25 20:53:35.683 27760 14183 W ErrorProcessor: 	at com.google.android.libraries.gsa.runner.a.a.b(SourceFile:32)
10-25 20:53:35.683 27760 14183 W ErrorProcessor: 	at com.google.android.libraries.gsa.runner.a.c.call(Unknown Source:4)
10-25 20:53:35.683 27760 14183 W ErrorProcessor: 	at java.util.concurrent.FutureTask.run(FutureTask.java:266)
10-25 20:53:35.683 27760 14183 W ErrorProcessor: 	at java.util.concurrent.Executors$RunnableAdapter.call(Executors.java:458)
10-25 20:53:35.683 27760 14183 W ErrorProcessor: 	at java.util.concurrent.FutureTask.run(FutureTask.java:266)
10-25 20:53:35.683 27760 14183 W ErrorProcessor: 	at com.google.android.apps.gsa.shared.util.concurrent.b.g.run(Unknown Source:4)
10-25 20:53:35.683 27760 14183 W ErrorProcessor: 	at com.google.android.apps.gsa.shared.util.concurrent.b.aw.run(SourceFile:4)
10-25 20:53:35.683 27760 14183 W ErrorProcessor: 	at com.google.android.apps.gsa.shared.util.concurrent.b.aw.run(SourceFile:4)
10-25 20:53:35.683 27760 14183 W ErrorProcessor: 	at java.util.concurrent.ThreadPoolExecutor.runWorker(ThreadPoolExecutor.java:1167)
10-25 20:53:35.683 27760 14183 W ErrorProcessor: 	at java.util.concurrent.ThreadPoolExecutor$Worker.run(ThreadPoolExecutor.java:641)
10-25 20:53:35.683 27760 14183 W ErrorProcessor: 	at java.lang.Thread.run(Thread.java:764)
10-25 20:53:35.683 27760 14183 W ErrorProcessor: 	at com.google.android.apps.gsa.shared.util.concurrent.b.i.run(SourceFile:6)
10-25 20:53:35.683 27760 14183 W ErrorProcessor: Caused by: com.google.android.apps.gsa.shared.exception.GsaIOException: Error code: 393238 | Buffer overflow, no available space.
10-25 20:53:35.683 27760 14183 W ErrorProcessor: 	at com.google.android.apps.gsa.speech.audio.Tee.j(SourceFile:103)
10-25 20:53:35.683 27760 14183 W ErrorProcessor: 	at com.google.android.apps.gsa.speech.audio.au.read(SourceFile:2)
10-25 20:53:35.683 27760 14183 W ErrorProcessor: 	at java.io.InputStream.read(InputStream.java:101)
10-25 20:53:35.683 27760 14183 W ErrorProcessor: 	at com.google.android.apps.gsa.speech.audio.ao.run(SourceFile:17)
10-25 20:53:35.683 27760 14183 W ErrorProcessor: 	at com.google.android.apps.gsa.speech.audio.an.run(SourceFile:2)
10-25 20:53:35.683 27760 14183 W ErrorProcessor: 	at java.util.concurrent.Executors$RunnableAdapter.call(Executors.java:458)
10-25 20:53:35.683 27760 14183 W ErrorProcessor: 	... 10 more
10-25 20:53:35.683 27760 14183 I AudioController: internalShutdown
10-25 20:53:35.687 27760 27760 I MicroDetector: Keeping mic open: false
10-25 20:53:35.687 27760 27760 I MicroDetectionWorker: #onError(false)
10-25 20:53:35.688 27760  4220 I DeviceStateChecker: DeviceStateChecker cancelled
10-25 20:53:36.110  1907  2026 I GnssLocationProvider: WakeLock acquired by sendMessage(REPORT_SV_STATUS, 0, com.android.server.location.GnssLocationProvider$SvStatusInfo@563be71)
10-25 20:53:36.110  1907  1928 I GnssLocationProvider: WakeLock released by handleMessage(REPORT_SV_STATUS, 0, com.android.server.location.GnssLocationProvider$SvStatusInfo@563be71)
10-25 20:53:37.110  1907  2026 I GnssLocationProvider: WakeLock acquired by sendMessage(REPORT_SV_STATUS, 0, com.android.server.location.GnssLocationProvider$SvStatusInfo@be4b456)
10-25 20:53:37.110  1907  1928 I GnssLocationProvider: WakeLock released by handleMessage(REPORT_SV_STATUS, 0, com.android.server.location.GnssLocationProvider$SvStatusInfo@be4b456)
10-25 20:53:38.109  1907  2026 I GnssLocationProvider: WakeLock acquired by sendMessage(REPORT_SV_STATUS, 0, com.android.server.location.GnssLocationProvider$SvStatusInfo@fd72cd7)
10-25 20:53:38.110  1907  1928 I GnssLocationProvider: WakeLock released by handleMessage(REPORT_SV_STATUS, 0, com.android.server.location.GnssLocationProvider$SvStatusInfo@fd72cd7)
10-25 20:53:39.109  1907  2026 I GnssLocationProvider: WakeLock acquired by sendMessage(REPORT_SV_STATUS, 0, com.android.server.location.GnssLocationProvider$SvStatusInfo@391c9c4)
10-25 20:53:39.109  1907  1928 I GnssLocationProvider: WakeLock released by handleMessage(REPORT_SV_STATUS, 0, com.android.server.location.GnssLocationProvider$SvStatusInfo@391c9c4)
10-25 20:53:40.052  1907  1944 I PackageManager.DexOptimizer: Running dexopt (dexoptNeeded=1) on: /data/app/com.companyname.mauiappr8error-EByTFV8Vj6-hYWu1kQbXEQ==/base.apk pkg=com.companyname.mauiappr8error isa=x86_64 dexoptFlags=boot_complete,profile_guided,public,enable_hidden_api_checks targetFilter=speed-profile oatDir=/data/app/com.companyname.mauiappr8error-EByTFV8Vj6-hYWu1kQbXEQ==/oat classLoaderContext=PCL[]
10-25 20:53:40.052  1751  1769 V installed: DexInv: --- BEGIN '/data/app/com.companyname.mauiappr8error-EByTFV8Vj6-hYWu1kQbXEQ==/base.apk' ---
10-25 20:53:40.094 23349 23349 W dex2oat : Unexpected CPU variant for X86 using defaults: x86_64
10-25 20:53:40.095 23349 23349 I dex2oat : /system/bin/dex2oat --input-vdex-fd=-1 --output-vdex-fd=10 --compiler-filter=speed-profile --classpath-dir=/data/app/com.companyname.mauiappr8error-EByTFV8Vj6-hYWu1kQbXEQ== --class-loader-context=PCL[] --generate-mini-debug-info --compact-dex-level=none --compilation-reason=install
10-25 20:53:40.103  1907  1918 I system_server: Background concurrent copying GC freed 98707(5MB) AllocSpace objects, 35(1452KB) LOS objects, 16% free, 31MB/37MB, paused 431us total 110.934ms
10-25 20:53:40.110  1907  2026 I GnssLocationProvider: WakeLock acquired by sendMessage(REPORT_SV_STATUS, 0, com.android.server.location.GnssLocationProvider$SvStatusInfo@14f6b63)
10-25 20:53:40.110  1907  1928 I GnssLocationProvider: WakeLock released by handleMessage(REPORT_SV_STATUS, 0, com.android.server.location.GnssLocationProvider$SvStatusInfo@14f6b63)
10-25 20:53:40.497 23349 23352 W dex2oat : Accessing hidden method Landroid/content/res/Resources$Theme;->rebase()V (dark greylist, linking)
10-25 20:53:40.558 23349 23354 W dex2oat : Accessing hidden method Landroid/view/View;->setTransitionVisibility(I)V (dark greylist, linking)
10-25 20:53:40.694 27760 27760 I MicroDetectionWorker: #startMicroDetector [speakerMode: 0]
10-25 20:53:40.694 27760 27760 I AudioController: Using mInputStreamFactoryBuilder
10-25 20:53:40.694 27760 27760 I AudioController: Created new AudioSource
10-25 20:53:40.696 27760 27760 I MicroDetectionWorker: onReady
10-25 20:53:40.735 27760  4220 I MicroRecognitionRunner: Starting detection.
10-25 20:53:40.736 27760 22138 I MicrophoneInputStream: mic_starting  SR : 16000 CC : 16 SO : 6
10-25 20:53:40.737  1646 30784 E         : Request requires android.permission.RECORD_AUDIO
10-25 20:53:40.737  1646 30784 E AudioPolicyIntefaceImpl: getInputForAttr permission denied: recording not allowed for uid 10027 pid 27760
10-25 20:53:40.737  1646 30784 E AudioFlinger: createRecord() checkRecordThread_l failed
10-25 20:53:40.738 27760 22138 E IAudioFlinger: createRecord returned error -22
10-25 20:53:40.738 27760 22138 E AudioRecord: AudioFlinger could not create record track, status: -22
10-25 20:53:40.738 27760 22138 E AudioRecord-JNI: Error creating AudioRecord instance: initialization check failed with status -22.
10-25 20:53:40.739 27760 22138 E android.media.AudioRecord: Error code -20 when initializing native AudioRecord object.
10-25 20:53:40.739 27760 22138 I MicrophoneInputStream: mic_started  SR : 16000 CC : 16 SO : 6
10-25 20:53:40.740 27760 27760 I MicroDetectionWorker: onReady
10-25 20:53:40.742 27760 22138 I MicrophoneInputStream: mic_close  SR : 16000 CC : 16 SO : 6
10-25 20:53:40.745 27760  4220 I MicroRecognitionRunner: Detection finished
10-25 20:53:40.749 27760  4220 W ErrorReporter: reportError [type: 211, code: 524300]: Error reading from input stream
10-25 20:53:40.750 27760  4234 I MicroRecognitionRunner: Stopping hotword detection.
10-25 20:53:40.750 27760  4220 W ErrorProcessor: onFatalError, processing error from engine(4)
10-25 20:53:40.750 27760  4220 W ErrorProcessor: com.google.android.apps.gsa.shared.speech.b.g: Error reading from input stream
10-25 20:53:40.750 27760  4220 W ErrorProcessor: 	at com.google.android.apps.gsa.staticplugins.microdetection.d.k.a(SourceFile:91)
10-25 20:53:40.750 27760  4220 W ErrorProcessor: 	at com.google.android.apps.gsa.staticplugins.microdetection.d.l.run(Unknown Source:14)
10-25 20:53:40.750 27760  4220 W ErrorProcessor: 	at com.google.android.libraries.gsa.runner.a.a.b(SourceFile:32)
10-25 20:53:40.750 27760  4220 W ErrorProcessor: 	at com.google.android.libraries.gsa.runner.a.c.call(Unknown Source:4)
10-25 20:53:40.750 27760  4220 W ErrorProcessor: 	at java.util.concurrent.FutureTask.run(FutureTask.java:266)
10-25 20:53:40.750 27760  4220 W ErrorProcessor: 	at java.util.concurrent.Executors$RunnableAdapter.call(Executors.java:458)
10-25 20:53:40.750 27760  4220 W ErrorProcessor: 	at java.util.concurrent.FutureTask.run(FutureTask.java:266)
10-25 20:53:40.750 27760  4220 W ErrorProcessor: 	at com.google.android.apps.gsa.shared.util.concurrent.b.g.run(Unknown Source:4)
10-25 20:53:40.750 27760  4220 W ErrorProcessor: 	at com.google.android.apps.gsa.shared.util.concurrent.b.aw.run(SourceFile:4)
10-25 20:53:40.750 27760  4220 W ErrorProcessor: 	at com.google.android.apps.gsa.shared.util.concurrent.b.aw.run(SourceFile:4)
10-25 20:53:40.750 27760  4220 W ErrorProcessor: 	at java.util.concurrent.ThreadPoolExecutor.runWorker(ThreadPoolExecutor.java:1167)
10-25 20:53:40.750 27760  4220 W ErrorProcessor: 	at java.util.concurrent.ThreadPoolExecutor$Worker.run(ThreadPoolExecutor.java:641)
10-25 20:53:40.750 27760  4220 W ErrorProcessor: 	at java.lang.Thread.run(Thread.java:764)
10-25 20:53:40.750 27760  4220 W ErrorProcessor: 	at com.google.android.apps.gsa.shared.util.concurrent.b.i.run(SourceFile:6)
10-25 20:53:40.750 27760  4220 W ErrorProcessor: Caused by: com.google.android.apps.gsa.shared.exception.GsaIOException: Error code: 393238 | Buffer overflow, no available space.
10-25 20:53:40.750 27760  4220 W ErrorProcessor: 	at com.google.android.apps.gsa.speech.audio.Tee.j(SourceFile:103)
10-25 20:53:40.750 27760  4220 W ErrorProcessor: 	at com.google.android.apps.gsa.speech.audio.au.read(SourceFile:2)
10-25 20:53:40.750 27760  4220 W ErrorProcessor: 	at java.io.InputStream.read(InputStream.java:101)
10-25 20:53:40.750 27760  4220 W ErrorProcessor: 	at com.google.android.apps.gsa.speech.audio.ao.run(SourceFile:17)
10-25 20:53:40.750 27760  4220 W ErrorProcessor: 	at com.google.android.apps.gsa.speech.audio.an.run(SourceFile:2)
10-25 20:53:40.750 27760  4220 W ErrorProcessor: 	at java.util.concurrent.Executors$RunnableAdapter.call(Executors.java:458)
10-25 20:53:40.750 27760  4220 W ErrorProcessor: 	... 10 more
10-25 20:53:40.750 27760  4220 I AudioController: internalShutdown
10-25 20:53:40.752 27760 27760 I MicroDetector: Keeping mic open: false
10-25 20:53:40.753 27760 27760 I MicroDetectionWorker: #onError(false)
10-25 20:53:40.753 27760 14183 I DeviceStateChecker: DeviceStateChecker cancelled
10-25 20:53:41.109  1907  2026 I GnssLocationProvider: WakeLock acquired by sendMessage(REPORT_SV_STATUS, 0, com.android.server.location.GnssLocationProvider$SvStatusInfo@31b1360)
10-25 20:53:41.110  1907  1928 I GnssLocationProvider: WakeLock released by handleMessage(REPORT_SV_STATUS, 0, com.android.server.location.GnssLocationProvider$SvStatusInfo@31b1360)
10-25 20:53:41.807 23349 23349 W dex2oat : Accessing hidden method Landroid/content/res/Resources$Theme;->rebase()V (dark greylist, linking)
10-25 20:53:41.836 23349 23349 I dex2oat : Explicit concurrent copying GC freed 27443(8MB) AllocSpace objects, 0(0B) LOS objects, 99% free, 728B/1536KB, paused 349us total 5.549ms
10-25 20:53:41.943 23349 23349 I dex2oat : dex2oat took 1.850s (5.267s cpu) (threads: 4) arena alloc=40KB (41120B) java alloc=16KB (17112B) native alloc=10MB (10678784B) free=3MB (3476992B)
10-25 20:53:41.949  1751  1769 V installed: DexInv: --- END '/data/app/com.companyname.mauiappr8error-EByTFV8Vj6-hYWu1kQbXEQ==/base.apk' (success) ---
10-25 20:53:35.653 27760 22138 I chatty  : uid=10027(com.google.android.googlequicksearchbox) UserFacing297 identical 7 lines
10-25 20:53:40.739 27760 22138 E ActivityThread: Failed to find provider info for com.google.android.apps.gsa.testing.ui.audio.recorded
10-25 20:53:41.951  1907  1944 D PackageManager: Instant App installer not found with android.intent.action.INSTALL_INSTANT_APP_PACKAGE
10-25 20:53:41.951  1907  1944 D PackageManager: Clear ephemeral installer activity
10-25 20:53:41.952  1907  1944 V BackupManagerService: restoreAtInstall pkg=com.companyname.mauiappr8error token=7b restoreSet=0
10-25 20:53:41.954  1907  1944 V BackupManagerService: Finishing install immediately
10-25 20:53:41.955  1751  1769 E         : Couldn't opendir /data/app/vmdl1173169944.tmp: No such file or directory
10-25 20:53:41.955  1751  1769 E installd: Failed to delete /data/app/vmdl1173169944.tmp: No such file or directory
10-25 20:53:41.986 15123 15123 I CarrierServices: [2] RcsAutoStartReceiver.b: carrierServicesJibeServiceEnabled changed from true to true
10-25 20:53:41.992 15123 15123 I CarrierServices: [2] RcsAutoStartReceiver.b: enableRcs changed from true to true
10-25 20:53:41.997 15123 15123 I CarrierServices: [2] RcsAutoStartReceiver.b: RcsAutoStartReceiver triggered. Fetching RCS State. Action: android.intent.action.PACKAGE_ADDED
10-25 20:53:42.012  1907  2604 W BroadcastQueue: Background execution not allowed: receiving Intent { act=android.intent.action.PACKAGE_ADDED dat=package:com.companyname.mauiappr8error flg=0x4000010 (has extras) } to com.android.musicfx/.Compatibility$Receiver
10-25 20:53:42.012  1907  1929 W BroadcastQueue: Background execution not allowed: receiving Intent { act=android.intent.action.PACKAGE_ADDED dat=package:com.companyname.mauiappr8error flg=0x4000010 (has extras) } to com.google.android.gms/.games.chimera.GamesSystemBroadcastReceiverProxy
10-25 20:53:42.013  1907  1929 W BroadcastQueue: Background execution not allowed: receiving Intent { act=android.intent.action.PACKAGE_ADDED dat=package:com.companyname.mauiappr8error flg=0x4000010 (has extras) } to com.google.android.gms/.gass.chimera.PackageChangeBroadcastReceiver
10-25 20:53:42.017  1907  1929 W BroadcastQueue: Background execution not allowed: receiving Intent { act=android.intent.action.PACKAGE_ADDED dat=package:com.companyname.mauiappr8error flg=0x4000010 (has extras) } to com.google.android.gms/.chimera.GmsIntentOperationService$PersistentTrustedReceiver
10-25 20:53:42.018  1907  1929 W BroadcastQueue: Background execution not allowed: receiving Intent { act=android.intent.action.PACKAGE_ADDED dat=package:com.companyname.mauiappr8error flg=0x4000010 (has extras) } to com.google.android.googlequicksearchbox/com.google.android.apps.gsa.googlequicksearchbox.GelStubAppWatcher
10-25 20:53:42.018  1907  1929 W BroadcastQueue: Background execution not allowed: receiving Intent { act=android.intent.action.PACKAGE_ADDED dat=package:com.companyname.mauiappr8error flg=0x4000010 (has extras) } to com.google.android.ims/.receivers.RcsAutoStartReceiver
10-25 20:53:42.022 15123 15123 I CarrierServices: [2] aws.a: Migration binding to RcsMigrationService
10-25 20:53:42.031 22455 22455 I Bugle   : returning RCS state provider.
10-25 20:53:42.033  1907  1993 I InputReader: Reconfiguring input devices.  changes=0x00000010
10-25 20:53:42.050  2359 23366 W GCM     : Unexpected forwarded intent: Intent { act=android.intent.action.PACKAGE_ADDED dat=package:com.companyname.mauiappr8error flg=0x4000010 cmp=com.google.android.gms/.chimera.PersistentIntentOperationService (has extras) }
10-25 20:53:42.057  2359 23364 W GCM     : Unexpected forwarded intent: Intent { act=android.intent.action.PACKAGE_ADDED dat=package:com.companyname.mauiappr8error flg=0x4000010 cmp=com.google.android.gms/.chimera.PersistentIntentOperationService (has extras) }
10-25 20:53:42.061 22455 22574 I CarrierServices: [323] inq.shouldUseCarrierServicesApkForV1Apis: Checking if using CarrierServices.apk is possible. Enabled: true, isAtLeastM: true, runningInsideBugle: true
10-25 20:53:42.064  2501 23370 I Auth    : [SupervisedAccountIntentOperation] onHandleIntent(): android.intent.action.PACKAGE_ADDED
10-25 20:53:42.072  2501 23371 I ChromeSync: [Sync,SyncIntentOperation] Handling the intent: Intent { act=android.intent.action.PACKAGE_ADDED dat=package:com.companyname.mauiappr8error flg=0x4000010 cmp=com.google.android.gms/.chimera.GmsIntentOperationService (has extras) }.
10-25 20:53:42.074  1907  7996 W ActivityManager: Unable to start service Intent { act=com.google.android.gms.auth.key.retrieval.service.START pkg=com.google.android.gms } U=0: not found
10-25 20:53:42.074  1907  7996 W ActivityManager: Unbind failed: could not find connection for android.os.BinderProxy@ce3e9bc
10-25 20:53:42.075  2181  2181 D ImsResolver: maybeAddedImsService, packageName: com.companyname.mauiappr8error
10-25 20:53:42.087  2501  2798 E GmsClient: unable to connect to service: com.google.android.gms.auth.key.retrieval.service.START on com.google.android.gms
10-25 20:53:42.088 22455 22574 I CarrierServices: [323] inq.e: Network Operator: 310260
10-25 20:53:42.096 22455 22574 I CarrierServices: [323] inq.e: carrierWithOldEcApis: false
10-25 20:53:42.096 22455 22574 I CarrierServices: [323] inq.e: hasDialerThatSupportsNewEc: false
10-25 20:53:42.101  2181  2181 D CarrierSvcBindHelper: No carrier app for: 0
10-25 20:53:42.113  1907  2026 I GnssLocationProvider: WakeLock acquired by sendMessage(REPORT_SV_STATUS, 0, com.android.server.location.GnssLocationProvider$SvStatusInfo@711a716)
10-25 20:53:42.130  2181  2181 D CarrierConfigLoader: mHandler: 9 phoneId: 0
10-25 20:53:42.134 22455 22574 W RcsProvisioning: Failed to read configuration: /data/user/0/com.google.android.apps.messaging/files/rcsconfig (No such file or directory)
10-25 20:53:42.134 22455 22574 W RcsProvisioning: java.io.FileNotFoundException: /data/user/0/com.google.android.apps.messaging/files/rcsconfig (No such file or directory)
10-25 20:53:42.134 22455 22574 W RcsProvisioning: 	at java.io.FileInputStream.open0(Native Method)
10-25 20:53:42.134 22455 22574 W RcsProvisioning: 	at java.io.FileInputStream.open(FileInputStream.java:231)
10-25 20:53:42.134 22455 22574 W RcsProvisioning: 	at java.io.FileInputStream.<init>(FileInputStream.java:165)
10-25 20:53:42.134 22455 22574 W RcsProvisioning: 	at android.app.ContextImpl.openFileInput(ContextImpl.java:560)
10-25 20:53:42.134 22455 22574 W RcsProvisioning: 	at android.content.ContextWrapper.openFileInput(ContextWrapper.java:202)
10-25 20:53:42.134 22455 22574 W RcsProvisioning: 	at ion.a(SourceFile:2)
10-25 20:53:42.134 22455 22574 W RcsProvisioning: 	at idl.a(SourceFile:4)
