10-25 20:50:49.793  1907  2026 I GnssLocationProvider: WakeLock acquired by sendMessage(REPORT_SV_STATUS, 0, com.android.server.location.GnssLocationProvider$SvStatusInfo@e4c3acb)
10-25 20:50:49.794  1907  1928 I GnssLocationProvider: WakeLock released by handleMessage(REPORT_SV_STATUS, 0, com.android.server.location.GnssLocationProvider$SvStatusInfo@e4c3acb)
10-25 20:50:50.793  1907  2026 I GnssLocationProvider: WakeLock acquired by sendMessage(REPORT_SV_STATUS, 0, com.android.server.location.GnssLocationProvider$SvStatusInfo@46112a8)
10-25 20:50:50.794  1907  1928 I GnssLocationProvider: WakeLock released by handleMessage(REPORT_SV_STATUS, 0, com.android.server.location.GnssLocationProvider$SvStatusInfo@46112a8)
10-25 20:50:51.205  2051  2051 V DeadZone: consuming errant click: (921.9617,6.8876953)
10-25 20:50:51.216  2051  2329 D EGL_emulation: eglMakeCurrent: 0x732d1d03bb80: ver 2 0 (tinfo 0x732d1d06b160)
10-25 20:50:51.793  1907  2026 I GnssLocationProvider: WakeLock acquired by sendMessage(REPORT_SV_STATUS, 0, com.android.server.location.GnssLocationProvider$SvStatusInfo@6f451c1)
10-25 20:50:51.794  1907  1928 I GnssLocationProvider: WakeLock released by handleMessage(REPORT_SV_STATUS, 0, com.android.server.location.GnssLocationProvider$SvStatusInfo@6f451c1)
10-25 20:50:51.981  2051  2329 D EGL_emulation: eglMakeCurrent: 0x732d1d03bb80: ver 2 0 (tinfo 0x732d1d06b160)
10-25 20:50:52.107  2051  2329 I chatty  : uid=10028(com.android.systemui) RenderThread identical 8 lines
10-25 20:50:52.130  2051  2329 D EGL_emulation: eglMakeCurrent: 0x732d1d03bb80: ver 2 0 (tinfo 0x732d1d06b160)
10-25 20:50:52.144  2034  2034 I GoogleInputMethod: onFinishInput() : Dummy InputConnection bound
10-25 20:50:52.145  2034  2034 I GoogleInputMethod: onStartInput() : Dummy InputConnection bound
10-25 20:50:52.442 21955 21979 D EGL_emulation: eglMakeCurrent: 0x732d1d045040: ver 2 0 (tinfo 0x732d1d00dbc0)
10-25 20:50:52.448  1907  2593 W NotificationService: Toast already killed. pkg=com.google.android.packageinstaller callback=android.app.ITransientNotification$Stub$Proxy@24159f2
10-25 20:50:52.801  1907  2026 I GnssLocationProvider: WakeLock acquired by sendMessage(REPORT_SV_STATUS, 0, com.android.server.location.GnssLocationProvider$SvStatusInfo@fe98ec0)
10-25 20:50:52.801  1907  1928 I GnssLocationProvider: WakeLock released by handleMessage(REPORT_SV_STATUS, 0, com.android.server.location.GnssLocationProvider$SvStatusInfo@fe98ec0)
10-25 20:50:52.999  1745  1770 W SurfaceFlinger: Attempting to destroy on removed layer: dd07146 Toast#0
10-25 20:50:53.755 27760 27760 I MicroDetectionWorker: #startMicroDetector [speakerMode: 0]
10-25 20:50:53.756 27760 27760 I AudioController: Using mInputStreamFactoryBuilder
10-25 20:50:53.756 27760 27760 I AudioController: Created new AudioSource
10-25 20:50:53.758 27760 27760 I MicroDetectionWorker: onReady
10-25 20:50:53.767 27760  4220 I MicroRecognitionRunner: Starting detection.
10-25 20:50:53.767 27760 22138 I MicrophoneInputStream: mic_starting  SR : 16000 CC : 16 SO : 6
10-25 20:50:53.769  1646 30784 E         : Request requires android.permission.RECORD_AUDIO
10-25 20:50:53.769  1646 30784 E AudioPolicyIntefaceImpl: getInputForAttr permission denied: recording not allowed for uid 10027 pid 27760
10-25 20:50:53.769  1646 30784 E AudioFlinger: createRecord() checkRecordThread_l failed
10-25 20:50:53.769 27760 22138 E IAudioFlinger: createRecord returned error -22
10-25 20:50:53.769 27760 22138 E AudioRecord: AudioFlinger could not create record track, status: -22
10-25 20:50:53.769 27760 22138 E AudioRecord-JNI: Error creating AudioRecord instance: initialization check failed with status -22.
10-25 20:50:53.770 27760 22138 E android.media.AudioRecord: Error code -20 when initializing native AudioRecord object.
10-25 20:50:53.770 27760 22138 I MicrophoneInputStream: mic_started  SR : 16000 CC : 16 SO : 6
10-25 20:50:53.771 27760 22138 E ActivityThread: Failed to find provider info for com.google.android.apps.gsa.testing.ui.audio.recorded
10-25 20:50:53.771 27760 27760 I MicroDetectionWorker: onReady
10-25 20:50:53.777 27760 22138 I MicrophoneInputStream: mic_close  SR : 16000 CC : 16 SO : 6
10-25 20:50:53.777 27760  4220 I MicroRecognitionRunner: Detection finished
10-25 20:50:53.777 27760  4220 W ErrorReporter: reportError [type: 211, code: 524300]: Error reading from input stream
10-25 20:50:53.777 27760  4234 I MicroRecognitionRunner: Stopping hotword detection.
10-25 20:50:53.777 27760  4220 W ErrorProcessor: onFatalError, processing error from engine(4)
10-25 20:50:53.777 27760  4220 W ErrorProcessor: com.google.android.apps.gsa.shared.speech.b.g: Error reading from input stream
10-25 20:50:53.777 27760  4220 W ErrorProcessor: 	at com.google.android.apps.gsa.staticplugins.microdetection.d.k.a(SourceFile:91)
10-25 20:50:53.777 27760  4220 W ErrorProcessor: 	at com.google.android.apps.gsa.staticplugins.microdetection.d.l.run(Unknown Source:14)
10-25 20:50:53.777 27760  4220 W ErrorProcessor: 	at com.google.android.libraries.gsa.runner.a.a.b(SourceFile:32)
10-25 20:50:53.777 27760  4220 W ErrorProcessor: 	at com.google.android.libraries.gsa.runner.a.c.call(Unknown Source:4)
10-25 20:50:53.777 27760  4220 W ErrorProcessor: 	at java.util.concurrent.FutureTask.run(FutureTask.java:266)
10-25 20:50:53.777 27760  4220 W ErrorProcessor: 	at java.util.concurrent.Executors$RunnableAdapter.call(Executors.java:458)
10-25 20:50:53.777 27760  4220 W ErrorProcessor: 	at java.util.concurrent.FutureTask.run(FutureTask.java:266)
10-25 20:50:53.777 27760  4220 W ErrorProcessor: 	at com.google.android.apps.gsa.shared.util.concurrent.b.g.run(Unknown Source:4)
10-25 20:50:53.777 27760  4220 W ErrorProcessor: 	at com.google.android.apps.gsa.shared.util.concurrent.b.aw.run(SourceFile:4)
10-25 20:50:53.777 27760  4220 W ErrorProcessor: 	at com.google.android.apps.gsa.shared.util.concurrent.b.aw.run(SourceFile:4)
10-25 20:50:53.777 27760  4220 W ErrorProcessor: 	at java.util.concurrent.ThreadPoolExecutor.runWorker(ThreadPoolExecutor.java:1167)
10-25 20:50:53.777 27760  4220 W ErrorProcessor: 	at java.util.concurrent.ThreadPoolExecutor$Worker.run(ThreadPoolExecutor.java:641)
10-25 20:50:53.777 27760  4220 W ErrorProcessor: 	at java.lang.Thread.run(Thread.java:764)
10-25 20:50:53.777 27760  4220 W ErrorProcessor: 	at com.google.android.apps.gsa.shared.util.concurrent.b.i.run(SourceFile:6)
10-25 20:50:53.777 27760  4220 W ErrorProcessor: Caused by: com.google.android.apps.gsa.shared.exception.GsaIOException: Error code: 393238 | Buffer overflow, no available space.
10-25 20:50:53.777 27760  4220 W ErrorProcessor: 	at com.google.android.apps.gsa.speech.audio.Tee.j(SourceFile:103)
10-25 20:50:53.777 27760  4220 W ErrorProcessor: 	at com.google.android.apps.gsa.speech.audio.au.read(SourceFile:2)
10-25 20:50:53.777 27760  4220 W ErrorProcessor: 	at java.io.InputStream.read(InputStream.java:101)
10-25 20:50:53.777 27760  4220 W ErrorProcessor: 	at com.google.android.apps.gsa.speech.audio.ao.run(SourceFile:17)
10-25 20:50:53.777 27760  4220 W ErrorProcessor: 	at com.google.android.apps.gsa.speech.audio.an.run(SourceFile:2)
10-25 20:50:53.777 27760  4220 W ErrorProcessor: 	at java.util.concurrent.Executors$RunnableAdapter.call(Executors.java:458)
10-25 20:50:53.777 27760  4220 W ErrorProcessor: 	... 10 more
10-25 20:50:53.778 27760  4220 I AudioController: internalShutdown
10-25 20:50:53.778 27760 27760 I MicroDetector: Keeping mic open: false
10-25 20:50:53.778 27760 27760 I MicroDetectionWorker: #onError(false)
10-25 20:50:53.778 27760 10767 I DeviceStateChecker: DeviceStateChecker cancelled
10-25 20:50:53.793  1907  2026 I GnssLocationProvider: WakeLock acquired by sendMessage(REPORT_SV_STATUS, 0, com.android.server.location.GnssLocationProvider$SvStatusInfo@7233e)
10-25 20:50:53.793  1907  1928 I GnssLocationProvider: WakeLock released by handleMessage(REPORT_SV_STATUS, 0, com.android.server.location.GnssLocationProvider$SvStatusInfo@7233e)
10-25 20:50:54.408  1627  1627 W audio_hw_generic: Not supplying enough data to HAL, expected position 64358147 , only wrote 64069200
10-25 20:50:54.793  1907  2026 I GnssLocationProvider: WakeLock acquired by sendMessage(REPORT_SV_STATUS, 0, com.android.server.location.GnssLocationProvider$SvStatusInfo@fbb159f)
10-25 20:50:54.793  1907  1928 I GnssLocationProvider: WakeLock released by handleMessage(REPORT_SV_STATUS, 0, com.android.server.location.GnssLocationProvider$SvStatusInfo@fbb159f)
10-25 20:50:55.793  1907  2026 I GnssLocationProvider: WakeLock acquired by sendMessage(REPORT_SV_STATUS, 0, com.android.server.location.GnssLocationProvider$SvStatusInfo@b38d6ec)
10-25 20:50:55.794  1907  1928 I GnssLocationProvider: WakeLock released by handleMessage(REPORT_SV_STATUS, 0, com.android.server.location.GnssLocationProvider$SvStatusInfo@b38d6ec)
10-25 20:50:56.794  1907  2026 I GnssLocationProvider: WakeLock acquired by sendMessage(REPORT_SV_STATUS, 0, com.android.server.location.GnssLocationProvider$SvStatusInfo@f379ab5)
10-25 20:50:56.794  1907  1928 I GnssLocationProvider: WakeLock released by handleMessage(REPORT_SV_STATUS, 0, com.android.server.location.GnssLocationProvider$SvStatusInfo@f379ab5)
10-25 20:50:57.793  1907  2026 I GnssLocationProvider: WakeLock acquired by sendMessage(REPORT_SV_STATUS, 0, com.android.server.location.GnssLocationProvider$SvStatusInfo@8ce354a)
10-25 20:50:57.794  1907  1928 I GnssLocationProvider: WakeLock released by handleMessage(REPORT_SV_STATUS, 0, com.android.server.location.GnssLocationProvider$SvStatusInfo@8ce354a)
10-25 20:50:58.786 27760 27760 I MicroDetectionWorker: #startMicroDetector [speakerMode: 0]
10-25 20:50:58.786 27760 27760 I AudioController: Using mInputStreamFactoryBuilder
10-25 20:50:58.786 27760 27760 I AudioController: Created new AudioSource
10-25 20:50:58.788 27760 27760 I MicroDetectionWorker: onReady
10-25 20:50:58.794  1907  2026 I GnssLocationProvider: WakeLock acquired by sendMessage(REPORT_SV_STATUS, 0, com.android.server.location.GnssLocationProvider$SvStatusInfo@5456cbb)
10-25 20:50:58.794  1907  1928 I GnssLocationProvider: WakeLock released by handleMessage(REPORT_SV_STATUS, 0, com.android.server.location.GnssLocationProvider$SvStatusInfo@5456cbb)
10-25 20:50:58.800 27760  4220 I MicroRecognitionRunner: Starting detection.
10-25 20:50:58.800 27760 22138 I MicrophoneInputStream: mic_starting  SR : 16000 CC : 16 SO : 6
10-25 20:50:58.801  1646 30784 E         : Request requires android.permission.RECORD_AUDIO
10-25 20:50:58.801  1646 30784 E AudioPolicyIntefaceImpl: getInputForAttr permission denied: recording not allowed for uid 10027 pid 27760
10-25 20:50:58.802  1646 30784 E AudioFlinger: createRecord() checkRecordThread_l failed
10-25 20:50:58.802 27760 22138 E IAudioFlinger: createRecord returned error -22
10-25 20:50:58.802 27760 22138 E AudioRecord: AudioFlinger could not create record track, status: -22
10-25 20:50:58.802 27760 22138 E AudioRecord-JNI: Error creating AudioRecord instance: initialization check failed with status -22.
10-25 20:50:58.802 27760 22138 E android.media.AudioRecord: Error code -20 when initializing native AudioRecord object.
10-25 20:50:58.802 27760 22138 I MicrophoneInputStream: mic_started  SR : 16000 CC : 16 SO : 6
10-25 20:50:58.803 27760 27760 I MicroDetectionWorker: onReady
10-25 20:50:58.809 27760 22138 I MicrophoneInputStream: mic_close  SR : 16000 CC : 16 SO : 6
10-25 20:50:58.810 27760  4220 I MicroRecognitionRunner: Detection finished
10-25 20:50:58.810 27760  4220 W ErrorReporter: reportError [type: 211, code: 524300]: Error reading from input stream
10-25 20:50:58.810 27760  4234 I MicroRecognitionRunner: Stopping hotword detection.
10-25 20:50:58.810 27760  4220 W ErrorProcessor: onFatalError, processing error from engine(4)
10-25 20:50:58.810 27760  4220 W ErrorProcessor: com.google.android.apps.gsa.shared.speech.b.g: Error reading from input stream
10-25 20:50:58.810 27760  4220 W ErrorProcessor: 	at com.google.android.apps.gsa.staticplugins.microdetection.d.k.a(SourceFile:91)
10-25 20:50:58.810 27760  4220 W ErrorProcessor: 	at com.google.android.apps.gsa.staticplugins.microdetection.d.l.run(Unknown Source:14)
10-25 20:50:58.810 27760  4220 W ErrorProcessor: 	at com.google.android.libraries.gsa.runner.a.a.b(SourceFile:32)
10-25 20:50:58.810 27760  4220 W ErrorProcessor: 	at com.google.android.libraries.gsa.runner.a.c.call(Unknown Source:4)
10-25 20:50:58.810 27760  4220 W ErrorProcessor: 	at java.util.concurrent.FutureTask.run(FutureTask.java:266)
10-25 20:50:58.810 27760  4220 W ErrorProcessor: 	at java.util.concurrent.Executors$RunnableAdapter.call(Executors.java:458)
10-25 20:50:58.810 27760  4220 W ErrorProcessor: 	at java.util.concurrent.FutureTask.run(FutureTask.java:266)
10-25 20:50:58.810 27760  4220 W ErrorProcessor: 	at com.google.android.apps.gsa.shared.util.concurrent.b.g.run(Unknown Source:4)
10-25 20:50:58.810 27760  4220 W ErrorProcessor: 	at com.google.android.apps.gsa.shared.util.concurrent.b.aw.run(SourceFile:4)
10-25 20:50:58.810 27760  4220 W ErrorProcessor: 	at com.google.android.apps.gsa.shared.util.concurrent.b.aw.run(SourceFile:4)
10-25 20:50:58.810 27760  4220 W ErrorProcessor: 	at java.util.concurrent.ThreadPoolExecutor.runWorker(ThreadPoolExecutor.java:1167)
10-25 20:50:58.810 27760  4220 W ErrorProcessor: 	at java.util.concurrent.ThreadPoolExecutor$Worker.run(ThreadPoolExecutor.java:641)
10-25 20:50:58.810 27760  4220 W ErrorProcessor: 	at java.lang.Thread.run(Thread.java:764)
10-25 20:50:58.810 27760  4220 W ErrorProcessor: 	at com.google.android.apps.gsa.shared.util.concurrent.b.i.run(SourceFile:6)
10-25 20:50:58.810 27760  4220 W ErrorProcessor: Caused by: com.google.android.apps.gsa.shared.exception.GsaIOException: Error code: 393238 | Buffer overflow, no available space.
10-25 20:50:58.810 27760  4220 W ErrorProcessor: 	at com.google.android.apps.gsa.speech.audio.Tee.j(SourceFile:103)
10-25 20:50:58.810 27760  4220 W ErrorProcessor: 	at com.google.android.apps.gsa.speech.audio.au.read(SourceFile:2)
10-25 20:50:58.810 27760  4220 W ErrorProcessor: 	at java.io.InputStream.read(InputStream.java:101)
10-25 20:50:58.810 27760  4220 W ErrorProcessor: 	at com.google.android.apps.gsa.speech.audio.ao.run(SourceFile:17)
10-25 20:50:58.810 27760  4220 W ErrorProcessor: 	at com.google.android.apps.gsa.speech.audio.an.run(SourceFile:2)
10-25 20:50:58.810 27760  4220 W ErrorProcessor: 	at java.util.concurrent.Executors$RunnableAdapter.call(Executors.java:458)
10-25 20:50:58.810 27760  4220 W ErrorProcessor: 	... 10 more
10-25 20:50:58.810 27760  4220 I AudioController: internalShutdown
10-25 20:50:58.811 27760 27760 I MicroDetector: Keeping mic open: false
10-25 20:50:58.811 27760 27760 I MicroDetectionWorker: #onError(false)
10-25 20:50:58.811 27760 10767 I DeviceStateChecker: DeviceStateChecker cancelled
10-25 20:50:58.803 27760 22138 E ActivityThread: Failed to find provider info for com.google.android.apps.gsa.testing.ui.audio.recorded
10-25 20:50:58.915  1907  1929 W BroadcastQueue: Background execution not allowed: receiving Intent { act=android.intent.action.DROPBOX_ENTRY_ADDED flg=0x10 (has extras) } to com.google.android.gms/.stats.service.DropBoxEntryAddedReceiver
10-25 20:50:58.915  1907  1929 W BroadcastQueue: Background execution not allowed: receiving Intent { act=android.intent.action.DROPBOX_ENTRY_ADDED flg=0x10 (has extras) } to com.google.android.gms/.chimera.GmsIntentOperationService$PersistentTrustedReceiver
10-25 20:50:58.919  1907  1929 W BroadcastQueue: Background execution not allowed: receiving Intent { act=android.intent.action.DROPBOX_ENTRY_ADDED flg=0x10 (has extras) } to com.google.android.gms/.stats.service.DropBoxEntryAddedReceiver
10-25 20:50:58.919  1907  1929 W BroadcastQueue: Background execution not allowed: receiving Intent { act=android.intent.action.DROPBOX_ENTRY_ADDED flg=0x10 (has extras) } to com.google.android.gms/.chimera.GmsIntentOperationService$PersistentTrustedReceiver
10-25 20:50:58.921  1907  1929 W BroadcastQueue: Background execution not allowed: receiving Intent { act=android.intent.action.DROPBOX_ENTRY_ADDED flg=0x10 (has extras) } to com.google.android.gms/.stats.service.DropBoxEntryAddedReceiver
10-25 20:50:58.921  1907  1929 W BroadcastQueue: Background execution not allowed: receiving Intent { act=android.intent.action.DROPBOX_ENTRY_ADDED flg=0x10 (has extras) } to com.google.android.gms/.chimera.GmsIntentOperationService$PersistentTrustedReceiver
10-25 20:50:58.922  1907  1929 W BroadcastQueue: Background execution not allowed: receiving Intent { act=android.intent.action.DROPBOX_ENTRY_ADDED flg=0x10 (has extras) } to com.google.android.gms/.stats.service.DropBoxEntryAddedReceiver
10-25 20:50:58.922  1907  1929 W BroadcastQueue: Background execution not allowed: receiving Intent { act=android.intent.action.DROPBOX_ENTRY_ADDED flg=0x10 (has extras) } to com.google.android.gms/.chimera.GmsIntentOperationService$PersistentTrustedReceiver
10-25 20:50:58.923  1907  1929 W BroadcastQueue: Background execution not allowed: receiving Intent { act=android.intent.action.DROPBOX_ENTRY_ADDED flg=0x10 (has extras) } to com.google.android.gms/.stats.service.DropBoxEntryAddedReceiver
10-25 20:50:58.927  1907  1929 W BroadcastQueue: Background execution not allowed: receiving Intent { act=android.intent.action.DROPBOX_ENTRY_ADDED flg=0x10 (has extras) } to com.google.android.gms/.chimera.GmsIntentOperationService$PersistentTrustedReceiver
10-25 20:50:58.927  1907  1929 W BroadcastQueue: Background execution not allowed: receiving Intent { act=android.intent.action.DROPBOX_ENTRY_ADDED flg=0x10 (has extras) } to com.google.android.gms/.stats.service.DropBoxEntryAddedReceiver
10-25 20:50:58.927  1907  1929 W BroadcastQueue: Background execution not allowed: receiving Intent { act=android.intent.action.DROPBOX_ENTRY_ADDED flg=0x10 (has extras) } to com.google.android.gms/.chimera.GmsIntentOperationService$PersistentTrustedReceiver
10-25 20:50:59.045  1759  1774 E storaged: getDiskStats failed with result NOT_SUPPORTED and size 0
10-25 20:50:59.794  1907  2026 I GnssLocationProvider: WakeLock acquired by sendMessage(REPORT_SV_STATUS, 0, com.android.server.location.GnssLocationProvider$SvStatusInfo@a7f6c6)
10-25 20:50:59.794  1907  1928 I GnssLocationProvider: WakeLock released by handleMessage(REPORT_SV_STATUS, 0, com.android.server.location.GnssLocationProvider$SvStatusInfo@a7f6c6)
10-25 20:51:00.027  2051  2329 D EGL_emulation: eglMakeCurrent: 0x732d1d03bb80: ver 2 0 (tinfo 0x732d1d06b160)
10-25 20:51:00.726  1901  1904 D hwcomposer: hw_composer sent 78 syncs in 61s
10-25 20:51:00.793  1907  2026 I GnssLocationProvider: WakeLock acquired by sendMessage(REPORT_SV_STATUS, 0, com.android.server.location.GnssLocationProvider$SvStatusInfo@87f69b4)
10-25 20:51:00.794  1907  1928 I GnssLocationProvider: WakeLock released by handleMessage(REPORT_SV_STATUS, 0, com.android.server.location.GnssLocationProvider$SvStatusInfo@87f69b4)
10-25 20:51:01.794  1907  2026 I GnssLocationProvider: WakeLock acquired by sendMessage(REPORT_SV_STATUS, 0, com.android.server.location.GnssLocationProvider$SvStatusInfo@5ad09dd)
10-25 20:51:01.796  1907  1928 I GnssLocationProvider: WakeLock released by handleMessage(REPORT_SV_STATUS, 0, com.android.server.location.GnssLocationProvider$SvStatusInfo@5ad09dd)
10-25 20:51:02.793  1907  2026 I GnssLocationProvider: WakeLock acquired by sendMessage(REPORT_SV_STATUS, 0, com.android.server.location.GnssLocationProvider$SvStatusInfo@19cb952)
10-25 20:51:02.793  1907  1928 I GnssLocationProvider: WakeLock released by handleMessage(REPORT_SV_STATUS, 0, com.android.server.location.GnssLocationProvider$SvStatusInfo@19cb952)
10-25 20:51:03.450  1907  1907 W WindowManager: removeWindowToken: Attempted to remove non-existing token: android.os.Binder@c21c19c
10-25 20:51:03.793  1907  2026 I GnssLocationProvider: WakeLock acquired by sendMessage(REPORT_SV_STATUS, 0, com.android.server.location.GnssLocationProvider$SvStatusInfo@79e1423)
10-25 20:51:03.794  1907  1928 I GnssLocationProvider: WakeLock released by handleMessage(REPORT_SV_STATUS, 0, com.android.server.location.GnssLocationProvider$SvStatusInfo@79e1423)
10-25 20:51:03.815 27760 27760 I MicroDetectionWorker: #startMicroDetector [speakerMode: 0]
10-25 20:51:03.815 27760 27760 I AudioController: Using mInputStreamFactoryBuilder
10-25 20:51:03.815 27760 27760 I AudioController: Created new AudioSource
10-25 20:51:03.816 27760 27760 I MicroDetectionWorker: onReady
10-25 20:51:03.822 27760  4220 I MicroRecognitionRunner: Starting detection.
10-25 20:51:03.822 27760 22138 I MicrophoneInputStream: mic_starting  SR : 16000 CC : 16 SO : 6
10-25 20:51:03.823  1646 30784 E         : Request requires android.permission.RECORD_AUDIO
10-25 20:51:03.823  1646 30784 E AudioPolicyIntefaceImpl: getInputForAttr permission denied: recording not allowed for uid 10027 pid 27760
10-25 20:51:03.823  1646 30784 E AudioFlinger: createRecord() checkRecordThread_l failed
10-25 20:51:03.823 27760 22138 E IAudioFlinger: createRecord returned error -22
10-25 20:51:03.823 27760 22138 E AudioRecord: AudioFlinger could not create record track, status: -22
10-25 20:51:03.825 27760 22138 E AudioRecord-JNI: Error creating AudioRecord instance: initialization check failed with status -22.
10-25 20:51:03.826 27760 22138 E android.media.AudioRecord: Error code -20 when initializing native AudioRecord object.
10-25 20:51:03.826 27760 22138 I MicrophoneInputStream: mic_started  SR : 16000 CC : 16 SO : 6
10-25 20:51:03.826 27760 22138 E ActivityThread: Failed to find provider info for com.google.android.apps.gsa.testing.ui.audio.recorded
10-25 20:51:03.826 27760 27760 I MicroDetectionWorker: onReady
10-25 20:51:03.832 27760 22138 I MicrophoneInputStream: mic_close  SR : 16000 CC : 16 SO : 6
10-25 20:51:03.832 27760  4220 I MicroRecognitionRunner: Detection finished
10-25 20:51:03.832 27760  4220 W ErrorReporter: reportError [type: 211, code: 524300]: Error reading from input stream
10-25 20:51:03.833 27760  4234 I MicroRecognitionRunner: Stopping hotword detection.
10-25 20:51:03.833 27760  4220 W ErrorProcessor: onFatalError, processing error from engine(4)
10-25 20:51:03.833 27760  4220 W ErrorProcessor: com.google.android.apps.gsa.shared.speech.b.g: Error reading from input stream
10-25 20:51:03.833 27760  4220 W ErrorProcessor: 	at com.google.android.apps.gsa.staticplugins.microdetection.d.k.a(SourceFile:91)
10-25 20:51:03.833 27760  4220 W ErrorProcessor: 	at com.google.android.apps.gsa.staticplugins.microdetection.d.l.run(Unknown Source:14)
10-25 20:51:03.833 27760  4220 W ErrorProcessor: 	at com.google.android.libraries.gsa.runner.a.a.b(SourceFile:32)
10-25 20:51:03.833 27760  4220 W ErrorProcessor: 	at com.google.android.libraries.gsa.runner.a.c.call(Unknown Source:4)
10-25 20:51:03.833 27760  4220 W ErrorProcessor: 	at java.util.concurrent.FutureTask.run(FutureTask.java:266)
10-25 20:51:03.833 27760  4220 W ErrorProcessor: 	at java.util.concurrent.Executors$RunnableAdapter.call(Executors.java:458)
10-25 20:51:03.833 27760  4220 W ErrorProcessor: 	at java.util.concurrent.FutureTask.run(FutureTask.java:266)
10-25 20:51:03.833 27760  4220 W ErrorProcessor: 	at com.google.android.apps.gsa.shared.util.concurrent.b.g.run(Unknown Source:4)
10-25 20:51:03.833 27760  4220 W ErrorProcessor: 	at com.google.android.apps.gsa.shared.util.concurrent.b.aw.run(SourceFile:4)
10-25 20:51:03.833 27760  4220 W ErrorProcessor: 	at com.google.android.apps.gsa.shared.util.concurrent.b.aw.run(SourceFile:4)
10-25 20:51:03.833 27760  4220 W ErrorProcessor: 	at java.util.concurrent.ThreadPoolExecutor.runWorker(ThreadPoolExecutor.java:1167)
10-25 20:51:03.833 27760  4220 W ErrorProcessor: 	at java.util.concurrent.ThreadPoolExecutor$Worker.run(ThreadPoolExecutor.java:641)
10-25 20:51:03.833 27760  4220 W ErrorProcessor: 	at java.lang.Thread.run(Thread.java:764)
10-25 20:51:03.833 27760  4220 W ErrorProcessor: 	at com.google.android.apps.gsa.shared.util.concurrent.b.i.run(SourceFile:6)
10-25 20:51:03.833 27760  4220 W ErrorProcessor: Caused by: com.google.android.apps.gsa.shared.exception.GsaIOException: Error code: 393238 | Buffer overflow, no available space.
10-25 20:51:03.833 27760  4220 W ErrorProcessor: 	at com.google.android.apps.gsa.speech.audio.Tee.j(SourceFile:103)
10-25 20:51:03.833 27760  4220 W ErrorProcessor: 	at com.google.android.apps.gsa.speech.audio.au.read(SourceFile:2)
10-25 20:51:03.833 27760  4220 W ErrorProcessor: 	at java.io.InputStream.read(InputStream.java:101)
10-25 20:51:03.833 27760  4220 W ErrorProcessor: 	at com.google.android.apps.gsa.speech.audio.ao.run(SourceFile:17)
10-25 20:51:03.833 27760  4220 W ErrorProcessor: 	at com.google.android.apps.gsa.speech.audio.an.run(SourceFile:2)
10-25 20:51:03.833 27760  4220 W ErrorProcessor: 	at java.util.concurrent.Executors$RunnableAdapter.call(Executors.java:458)
10-25 20:51:03.833 27760  4220 W ErrorProcessor: 	... 10 more
10-25 20:51:03.833 27760  4220 I AudioController: internalShutdown
10-25 20:51:03.834 27760 27760 I MicroDetector: Keeping mic open: false
10-25 20:51:03.834 27760 27760 I MicroDetectionWorker: #onError(false)
10-25 20:51:03.834 27760 10767 I DeviceStateChecker: DeviceStateChecker cancelled
10-25 20:51:04.795  1907  2026 I GnssLocationProvider: WakeLock acquired by sendMessage(REPORT_SV_STATUS, 0, com.android.server.location.GnssLocationProvider$SvStatusInfo@e836d20)
10-25 20:51:04.797  1907  1928 I GnssLocationProvider: WakeLock released by handleMessage(REPORT_SV_STATUS, 0, com.android.server.location.GnssLocationProvider$SvStatusInfo@e836d20)
10-25 20:51:05.793  1907  2026 I GnssLocationProvider: WakeLock acquired by sendMessage(REPORT_SV_STATUS, 0, com.android.server.location.GnssLocationProvider$SvStatusInfo@ff566d9)
10-25 20:51:05.793  1907  1928 I GnssLocationProvider: WakeLock released by handleMessage(REPORT_SV_STATUS, 0, com.android.server.location.GnssLocationProvider$SvStatusInfo@ff566d9)
10-25 20:51:06.794  1907  2026 I GnssLocationProvider: WakeLock acquired by sendMessage(REPORT_SV_STATUS, 0, com.android.server.location.GnssLocationProvider$SvStatusInfo@5a9189e)
10-25 20:51:06.794  1907  1928 I GnssLocationProvider: WakeLock released by handleMessage(REPORT_SV_STATUS, 0, com.android.server.location.GnssLocationProvider$SvStatusInfo@5a9189e)
10-25 20:51:07.794  1907  2026 I GnssLocationProvider: WakeLock acquired by sendMessage(REPORT_SV_STATUS, 0, com.android.server.location.GnssLocationProvider$SvStatusInfo@6b3cf7f)
10-25 20:51:07.795  1907  1928 I GnssLocationProvider: WakeLock released by handleMessage(REPORT_SV_STATUS, 0, com.android.server.location.GnssLocationProvider$SvStatusInfo@6b3cf7f)
10-25 20:51:08.795  1907  2026 I GnssLocationProvider: WakeLock acquired by sendMessage(REPORT_SV_STATUS, 0, com.android.server.location.GnssLocationProvider$SvStatusInfo@f023b4c)
10-25 20:51:08.796  1907  1928 I GnssLocationProvider: WakeLock released by handleMessage(REPORT_SV_STATUS, 0, com.android.server.location.GnssLocationProvider$SvStatusInfo@f023b4c)
10-25 20:51:08.841 27760 27760 I MicroDetectionWorker: #startMicroDetector [speakerMode: 0]
10-25 20:51:08.842 27760 27760 I AudioController: Using mInputStreamFactoryBuilder
10-25 20:51:08.842 27760 27760 I AudioController: Created new AudioSource
10-25 20:51:08.843 27760 27760 I MicroDetectionWorker: onReady
10-25 20:51:08.858 27760  4220 I MicroRecognitionRunner: Starting detection.
10-25 20:51:08.859 27760 22138 I MicrophoneInputStream: mic_starting  SR : 16000 CC : 16 SO : 6
10-25 20:51:08.862  1646 30784 E         : Request requires android.permission.RECORD_AUDIO
10-25 20:51:08.862  1646 30784 E AudioPolicyIntefaceImpl: getInputForAttr permission denied: recording not allowed for uid 10027 pid 27760
10-25 20:51:08.862  1646 30784 E AudioFlinger: createRecord() checkRecordThread_l failed
10-25 20:51:08.862 27760 22138 E IAudioFlinger: createRecord returned error -22
10-25 20:51:08.863 27760 22138 E AudioRecord: AudioFlinger could not create record track, status: -22
10-25 20:51:08.863 27760 22138 E AudioRecord-JNI: Error creating AudioRecord instance: initialization check failed with status -22.
10-25 20:51:08.864 27760 22138 E android.media.AudioRecord: Error code -20 when initializing native AudioRecord object.
10-25 20:51:08.864 27760 22138 I MicrophoneInputStream: mic_started  SR : 16000 CC : 16 SO : 6
10-25 20:51:08.866 27760 27760 I MicroDetectionWorker: onReady
10-25 20:51:08.873 27760 22138 I MicrophoneInputStream: mic_close  SR : 16000 CC : 16 SO : 6
10-25 20:51:08.873 27760  4220 I MicroRecognitionRunner: Detection finished
10-25 20:51:08.874 27760  4220 W ErrorReporter: reportError [type: 211, code: 524300]: Error reading from input stream
10-25 20:51:08.876 27760  4234 I MicroRecognitionRunner: Stopping hotword detection.
10-25 20:51:08.876 27760  4220 W ErrorProcessor: onFatalError, processing error from engine(4)
10-25 20:51:08.876 27760  4220 W ErrorProcessor: com.google.android.apps.gsa.shared.speech.b.g: Error reading from input stream
10-25 20:51:08.876 27760  4220 W ErrorProcessor: 	at com.google.android.apps.gsa.staticplugins.microdetection.d.k.a(SourceFile:91)
10-25 20:51:08.876 27760  4220 W ErrorProcessor: 	at com.google.android.apps.gsa.staticplugins.microdetection.d.l.run(Unknown Source:14)
10-25 20:51:08.876 27760  4220 W ErrorProcessor: 	at com.google.android.libraries.gsa.runner.a.a.b(SourceFile:32)
10-25 20:51:08.876 27760  4220 W ErrorProcessor: 	at com.google.android.libraries.gsa.runner.a.c.call(Unknown Source:4)
10-25 20:51:08.876 27760  4220 W ErrorProcessor: 	at java.util.concurrent.FutureTask.run(FutureTask.java:266)
10-25 20:51:08.876 27760  4220 W ErrorProcessor: 	at java.util.concurrent.Executors$RunnableAdapter.call(Executors.java:458)
10-25 20:51:08.876 27760  4220 W ErrorProcessor: 	at java.util.concurrent.FutureTask.run(FutureTask.java:266)
10-25 20:51:08.876 27760  4220 W ErrorProcessor: 	at com.google.android.apps.gsa.shared.util.concurrent.b.g.run(Unknown Source:4)
10-25 20:51:08.876 27760  4220 W ErrorProcessor: 	at com.google.android.apps.gsa.shared.util.concurrent.b.aw.run(SourceFile:4)
10-25 20:51:08.876 27760  4220 W ErrorProcessor: 	at com.google.android.apps.gsa.shared.util.concurrent.b.aw.run(SourceFile:4)
10-25 20:51:08.876 27760  4220 W ErrorProcessor: 	at java.util.concurrent.ThreadPoolExecutor.runWorker(ThreadPoolExecutor.java:1167)
10-25 20:51:08.876 27760  4220 W ErrorProcessor: 	at java.util.concurrent.ThreadPoolExecutor$Worker.run(ThreadPoolExecutor.java:641)
10-25 20:51:08.876 27760  4220 W ErrorProcessor: 	at java.lang.Thread.run(Thread.java:764)
10-25 20:51:08.876 27760  4220 W ErrorProcessor: 	at com.google.android.apps.gsa.shared.util.concurrent.b.i.run(SourceFile:6)
10-25 20:51:08.876 27760  4220 W ErrorProcessor: Caused by: com.google.android.apps.gsa.shared.exception.GsaIOException: Error code: 393238 | Buffer overflow, no available space.
10-25 20:51:08.876 27760  4220 W ErrorProcessor: 	at com.google.android.apps.gsa.speech.audio.Tee.j(SourceFile:103)
10-25 20:51:08.876 27760  4220 W ErrorProcessor: 	at com.google.android.apps.gsa.speech.audio.au.read(SourceFile:2)
10-25 20:51:08.876 27760  4220 W ErrorProcessor: 	at java.io.InputStream.read(InputStream.java:101)
10-25 20:51:08.876 27760  4220 W ErrorProcessor: 	at com.google.android.apps.gsa.speech.audio.ao.run(SourceFile:17)
10-25 20:51:08.876 27760  4220 W ErrorProcessor: 	at com.google.android.apps.gsa.speech.audio.an.run(SourceFile:2)
10-25 20:51:08.876 27760  4220 W ErrorProcessor: 	at java.util.concurrent.Executors$RunnableAdapter.call(Executors.java:458)
10-25 20:51:08.876 27760  4220 W ErrorProcessor: 	... 10 more
10-25 20:51:08.877 27760  4220 I AudioController: internalShutdown
10-25 20:51:08.878 27760 27760 I MicroDetector: Keeping mic open: false
10-25 20:51:08.878 27760 27760 I MicroDetectionWorker: #onError(false)
10-25 20:51:08.878 27760 10767 I DeviceStateChecker: DeviceStateChecker cancelled
10-25 20:51:08.995  1907 14119 E memtrack: Couldn't load memtrack module
10-25 20:51:08.995  1907 14119 W android.os.Debug: failed to get memory consumption info: -1
10-25 20:51:09.794  1907  2026 I GnssLocationProvider: WakeLock acquired by sendMessage(REPORT_SV_STATUS, 0, com.android.server.location.GnssLocationProvider$SvStatusInfo@acc9795)
10-25 20:51:09.795  1907  1928 I GnssLocationProvider: WakeLock released by handleMessage(REPORT_SV_STATUS, 0, com.android.server.location.GnssLocationProvider$SvStatusInfo@acc9795)
10-25 20:51:10.794  1907  2026 I GnssLocationProvider: WakeLock acquired by sendMessage(REPORT_SV_STATUS, 0, com.android.server.location.GnssLocationProvider$SvStatusInfo@18a20aa)
10-25 20:51:10.794  1907  1928 I GnssLocationProvider: WakeLock released by handleMessage(REPORT_SV_STATUS, 0, com.android.server.location.GnssLocationProvider$SvStatusInfo@18a20aa)
10-25 20:51:11.794  1907  2026 I GnssLocationProvider: WakeLock acquired by sendMessage(REPORT_SV_STATUS, 0, com.android.server.location.GnssLocationProvider$SvStatusInfo@b3fe49b)
10-25 20:51:11.794  1907  1928 I GnssLocationProvider: WakeLock released by handleMessage(REPORT_SV_STATUS, 0, com.android.server.location.GnssLocationProvider$SvStatusInfo@b3fe49b)
10-25 20:51:12.794  1907  2026 I GnssLocationProvider: WakeLock acquired by sendMessage(REPORT_SV_STATUS, 0, com.android.server.location.GnssLocationProvider$SvStatusInfo@cbdc038)
10-25 20:51:12.794  1907  1928 I GnssLocationProvider: WakeLock released by handleMessage(REPORT_SV_STATUS, 0, com.android.server.location.GnssLocationProvider$SvStatusInfo@cbdc038)
10-25 20:51:13.794  1907  2026 I GnssLocationProvider: WakeLock acquired by sendMessage(REPORT_SV_STATUS, 0, com.android.server.location.GnssLocationProvider$SvStatusInfo@ac1811)
10-25 20:51:13.795  1907  1928 I GnssLocationProvider: WakeLock released by handleMessage(REPORT_SV_STATUS, 0, com.android.server.location.GnssLocationProvider$SvStatusInfo@ac1811)
10-25 20:51:13.885 27760 27760 I MicroDetectionWorker: #startMicroDetector [speakerMode: 0]
10-25 20:51:13.885 27760 27760 I AudioController: Using mInputStreamFactoryBuilder
10-25 20:51:13.886 27760 27760 I AudioController: Created new AudioSource
10-25 20:51:13.887 27760 27760 I MicroDetectionWorker: onReady
10-25 20:51:13.894 27760 10767 I MicroRecognitionRunner: Starting detection.
10-25 20:51:13.895 27760 22138 I MicrophoneInputStream: mic_starting  SR : 16000 CC : 16 SO : 6
10-25 20:51:13.896  1646 30784 E         : Request requires android.permission.RECORD_AUDIO
10-25 20:51:13.896  1646 30784 E AudioPolicyIntefaceImpl: getInputForAttr permission denied: recording not allowed for uid 10027 pid 27760
10-25 20:51:13.896  1646 30784 E AudioFlinger: createRecord() checkRecordThread_l failed
10-25 20:51:13.896 27760 22138 E IAudioFlinger: createRecord returned error -22
10-25 20:51:13.897 27760 22138 E AudioRecord: AudioFlinger could not create record track, status: -22
10-25 20:51:13.897 27760 22138 E AudioRecord-JNI: Error creating AudioRecord instance: initialization check failed with status -22.
10-25 20:51:13.898 27760 22138 E android.media.AudioRecord: Error code -20 when initializing native AudioRecord object.
10-25 20:51:13.898 27760 22138 I MicrophoneInputStream: mic_started  SR : 16000 CC : 16 SO : 6
10-25 20:51:13.898 27760 27760 I MicroDetectionWorker: onReady
10-25 20:51:13.903 27760 22138 I MicrophoneInputStream: mic_close  SR : 16000 CC : 16 SO : 6
10-25 20:51:13.903 27760 10767 I MicroRecognitionRunner: Detection finished
10-25 20:51:13.903 27760 10767 W ErrorReporter: reportError [type: 211, code: 524300]: Error reading from input stream
10-25 20:51:13.903 27760  4234 I MicroRecognitionRunner: Stopping hotword detection.
10-25 20:51:13.904 27760 10767 W ErrorProcessor: onFatalError, processing error from engine(4)
10-25 20:51:13.904 27760 10767 W ErrorProcessor: com.google.android.apps.gsa.shared.speech.b.g: Error reading from input stream
10-25 20:51:13.904 27760 10767 W ErrorProcessor: 	at com.google.android.apps.gsa.staticplugins.microdetection.d.k.a(SourceFile:91)
10-25 20:51:13.904 27760 10767 W ErrorProcessor: 	at com.google.android.apps.gsa.staticplugins.microdetection.d.l.run(Unknown Source:14)
10-25 20:51:13.904 27760 10767 W ErrorProcessor: 	at com.google.android.libraries.gsa.runner.a.a.b(SourceFile:32)
10-25 20:51:13.904 27760 10767 W ErrorProcessor: 	at com.google.android.libraries.gsa.runner.a.c.call(Unknown Source:4)
10-25 20:51:13.904 27760 10767 W ErrorProcessor: 	at java.util.concurrent.FutureTask.run(FutureTask.java:266)
10-25 20:51:13.904 27760 10767 W ErrorProcessor: 	at java.util.concurrent.Executors$RunnableAdapter.call(Executors.java:458)
10-25 20:51:13.904 27760 10767 W ErrorProcessor: 	at java.util.concurrent.FutureTask.run(FutureTask.java:266)
10-25 20:51:13.904 27760 10767 W ErrorProcessor: 	at com.google.android.apps.gsa.shared.util.concurrent.b.g.run(Unknown Source:4)
10-25 20:51:13.904 27760 10767 W ErrorProcessor: 	at com.google.android.apps.gsa.shared.util.concurrent.b.aw.run(SourceFile:4)
10-25 20:51:13.904 27760 10767 W ErrorProcessor: 	at com.google.android.apps.gsa.shared.util.concurrent.b.aw.run(SourceFile:4)
10-25 20:51:13.904 27760 10767 W ErrorProcessor: 	at java.util.concurrent.ThreadPoolExecutor.runWorker(ThreadPoolExecutor.java:1167)
10-25 20:51:13.904 27760 10767 W ErrorProcessor: 	at java.util.concurrent.ThreadPoolExecutor$Worker.run(ThreadPoolExecutor.java:641)
10-25 20:51:13.904 27760 10767 W ErrorProcessor: 	at java.lang.Thread.run(Thread.java:764)
10-25 20:51:13.904 27760 10767 W ErrorProcessor: 	at com.google.android.apps.gsa.shared.util.concurrent.b.i.run(SourceFile:6)
10-25 20:51:13.904 27760 10767 W ErrorProcessor: Caused by: com.google.android.apps.gsa.shared.exception.GsaIOException: Error code: 393238 | Buffer overflow, no available space.
10-25 20:51:13.904 27760 10767 W ErrorProcessor: 	at com.google.android.apps.gsa.speech.audio.Tee.j(SourceFile:103)
10-25 20:51:13.904 27760 10767 W ErrorProcessor: 	at com.google.android.apps.gsa.speech.audio.au.read(SourceFile:2)
10-25 20:51:13.904 27760 10767 W ErrorProcessor: 	at java.io.InputStream.read(InputStream.java:101)
10-25 20:51:13.904 27760 10767 W ErrorProcessor: 	at com.google.android.apps.gsa.speech.audio.ao.run(SourceFile:17)
10-25 20:51:13.904 27760 10767 W ErrorProcessor: 	at com.google.android.apps.gsa.speech.audio.an.run(SourceFile:2)
10-25 20:51:13.904 27760 10767 W ErrorProcessor: 	at java.util.concurrent.Executors$RunnableAdapter.call(Executors.java:458)
10-25 20:51:13.904 27760 10767 W ErrorProcessor: 	... 10 more
10-25 20:51:13.904 27760 10767 I AudioController: internalShutdown
10-25 20:51:13.905 27760 27760 I MicroDetector: Keeping mic open: false
10-25 20:51:13.905 27760 27760 I MicroDetectionWorker: #onError(false)
10-25 20:51:13.906 27760  4220 I DeviceStateChecker: DeviceStateChecker cancelled
10-25 20:51:14.795  1907  2026 I GnssLocationProvider: WakeLock acquired by sendMessage(REPORT_SV_STATUS, 0, com.android.server.location.GnssLocationProvider$SvStatusInfo@6c19d76)
10-25 20:51:14.795  1907  1928 I GnssLocationProvider: WakeLock released by handleMessage(REPORT_SV_STATUS, 0, com.android.server.location.GnssLocationProvider$SvStatusInfo@6c19d76)
10-25 20:51:15.795  1907  2026 I GnssLocationProvider: WakeLock acquired by sendMessage(REPORT_SV_STATUS, 0, com.android.server.location.GnssLocationProvider$SvStatusInfo@dae2f77)
10-25 20:51:15.796  1907  1928 I GnssLocationProvider: WakeLock released by handleMessage(REPORT_SV_STATUS, 0, com.android.server.location.GnssLocationProvider$SvStatusInfo@dae2f77)
10-25 20:51:16.795  1907  2026 I GnssLocationProvider: WakeLock acquired by sendMessage(REPORT_SV_STATUS, 0, com.android.server.location.GnssLocationProvider$SvStatusInfo@2aaa7e4)
10-25 20:51:16.795  1907  1928 I GnssLocationProvider: WakeLock released by handleMessage(REPORT_SV_STATUS, 0, com.android.server.location.GnssLocationProvider$SvStatusInfo@2aaa7e4)
10-25 20:51:17.795  1907  2026 I GnssLocationProvider: WakeLock acquired by sendMessage(REPORT_SV_STATUS, 0, com.android.server.location.GnssLocationProvider$SvStatusInfo@29244d)
10-25 20:51:17.796  1907  1928 I GnssLocationProvider: WakeLock released by handleMessage(REPORT_SV_STATUS, 0, com.android.server.location.GnssLocationProvider$SvStatusInfo@29244d)
10-25 20:51:18.796  1907  2026 I GnssLocationProvider: WakeLock acquired by sendMessage(REPORT_SV_STATUS, 0, com.android.server.location.GnssLocationProvider$SvStatusInfo@b221b02)
10-25 20:51:18.796  1907  1928 I GnssLocationProvider: WakeLock released by handleMessage(REPORT_SV_STATUS, 0, com.android.server.location.GnssLocationProvider$SvStatusInfo@b221b02)
10-25 20:51:18.912 27760 27760 I MicroDetectionWorker: #startMicroDetector [speakerMode: 0]
10-25 20:51:18.912 27760 27760 I AudioController: Using mInputStreamFactoryBuilder
10-25 20:51:18.912 27760 27760 I AudioController: Created new AudioSource
10-25 20:51:18.914 27760 27760 I MicroDetectionWorker: onReady
10-25 20:51:18.928 27760 10767 I MicroRecognitionRunner: Starting detection.
10-25 20:51:18.929 27760 22138 I MicrophoneInputStream: mic_starting  SR : 16000 CC : 16 SO : 6
10-25 20:51:18.932  1646 30784 E         : Request requires android.permission.RECORD_AUDIO
10-25 20:51:18.932  1646 30784 E AudioPolicyIntefaceImpl: getInputForAttr permission denied: recording not allowed for uid 10027 pid 27760
10-25 20:51:18.932  1646 30784 E AudioFlinger: createRecord() checkRecordThread_l failed
10-25 20:51:18.933 27760 22138 E IAudioFlinger: createRecord returned error -22
10-25 20:51:18.933 27760 22138 E AudioRecord: AudioFlinger could not create record track, status: -22
10-25 20:51:18.933 27760 22138 E AudioRecord-JNI: Error creating AudioRecord instance: initialization check failed with status -22.
10-25 20:51:18.935 27760 22138 E android.media.AudioRecord: Error code -20 when initializing native AudioRecord object.
10-25 20:51:18.935 27760 22138 I MicrophoneInputStream: mic_started  SR : 16000 CC : 16 SO : 6
10-25 20:51:18.938 27760 27760 I MicroDetectionWorker: onReady
10-25 20:51:18.947 27760 22138 I MicrophoneInputStream: mic_close  SR : 16000 CC : 16 SO : 6
10-25 20:51:18.948 27760 10767 I MicroRecognitionRunner: Detection finished
10-25 20:51:18.948 27760 10767 W ErrorReporter: reportError [type: 211, code: 524300]: Error reading from input stream
10-25 20:51:18.948 27760  4234 I MicroRecognitionRunner: Stopping hotword detection.
10-25 20:51:18.948 27760 10767 W ErrorProcessor: onFatalError, processing error from engine(4)
10-25 20:51:18.948 27760 10767 W ErrorProcessor: com.google.android.apps.gsa.shared.speech.b.g: Error reading from input stream
10-25 20:51:18.948 27760 10767 W ErrorProcessor: 	at com.google.android.apps.gsa.staticplugins.microdetection.d.k.a(SourceFile:91)
10-25 20:51:18.948 27760 10767 W ErrorProcessor: 	at com.google.android.apps.gsa.staticplugins.microdetection.d.l.run(Unknown Source:14)
10-25 20:51:18.948 27760 10767 W ErrorProcessor: 	at com.google.android.libraries.gsa.runner.a.a.b(SourceFile:32)
10-25 20:51:18.948 27760 10767 W ErrorProcessor: 	at com.google.android.libraries.gsa.runner.a.c.call(Unknown Source:4)
10-25 20:51:18.948 27760 10767 W ErrorProcessor: 	at java.util.concurrent.FutureTask.run(FutureTask.java:266)
10-25 20:51:18.948 27760 10767 W ErrorProcessor: 	at java.util.concurrent.Executors$RunnableAdapter.call(Executors.java:458)
10-25 20:51:18.948 27760 10767 W ErrorProcessor: 	at java.util.concurrent.FutureTask.run(FutureTask.java:266)
10-25 20:51:18.948 27760 10767 W ErrorProcessor: 	at com.google.android.apps.gsa.shared.util.concurrent.b.g.run(Unknown Source:4)
10-25 20:51:18.948 27760 10767 W ErrorProcessor: 	at com.google.android.apps.gsa.shared.util.concurrent.b.aw.run(SourceFile:4)
10-25 20:51:18.948 27760 10767 W ErrorProcessor: 	at com.google.android.apps.gsa.shared.util.concurrent.b.aw.run(SourceFile:4)
10-25 20:51:18.948 27760 10767 W ErrorProcessor: 	at java.util.concurrent.ThreadPoolExecutor.runWorker(ThreadPoolExecutor.java:1167)
10-25 20:51:18.948 27760 10767 W ErrorProcessor: 	at java.util.concurrent.ThreadPoolExecutor$Worker.run(ThreadPoolExecutor.java:641)
10-25 20:51:18.948 27760 10767 W ErrorProcessor: 	at java.lang.Thread.run(Thread.java:764)
10-25 20:51:18.948 27760 10767 W ErrorProcessor: 	at com.google.android.apps.gsa.shared.util.concurrent.b.i.run(SourceFile:6)
10-25 20:51:18.948 27760 10767 W ErrorProcessor: Caused by: com.google.android.apps.gsa.shared.exception.GsaIOException: Error code: 393238 | Buffer overflow, no available space.
10-25 20:51:18.948 27760 10767 W ErrorProcessor: 	at com.google.android.apps.gsa.speech.audio.Tee.j(SourceFile:103)
10-25 20:51:18.948 27760 10767 W ErrorProcessor: 	at com.google.android.apps.gsa.speech.audio.au.read(SourceFile:2)
10-25 20:51:18.948 27760 10767 W ErrorProcessor: 	at java.io.InputStream.read(InputStream.java:101)
10-25 20:51:18.948 27760 10767 W ErrorProcessor: 	at com.google.android.apps.gsa.speech.audio.ao.run(SourceFile:17)
10-25 20:51:18.948 27760 10767 W ErrorProcessor: 	at com.google.android.apps.gsa.speech.audio.an.run(SourceFile:2)
10-25 20:51:18.948 27760 10767 W ErrorProcessor: 	at java.util.concurrent.Executors$RunnableAdapter.call(Executors.java:458)
10-25 20:51:18.948 27760 10767 W ErrorProcessor: 	... 10 more
10-25 20:51:18.949 27760 10767 I AudioController: internalShutdown
10-25 20:51:18.953 27760 27760 I MicroDetector: Keeping mic open: false
10-25 20:51:18.953 27760  4220 I DeviceStateChecker: DeviceStateChecker cancelled
10-25 20:51:18.953 27760 27760 I MicroDetectionWorker: #onError(false)
10-25 20:51:19.239  2051  2329 D EGL_emulation: eglMakeCurrent: 0x732d1d03bb80: ver 2 0 (tinfo 0x732d1d06b160)
10-25 20:51:19.241  1627  3754 W audio_hw_generic: Not supplying enough data to HAL, expected position 64069543 , only wrote 64069200
10-25 20:51:13.898 27760 22138 I chatty  : uid=10027(com.google.android.googlequicksearchbox) UserFacing297 identical 2 lines
10-25 20:51:18.937 27760 22138 E ActivityThread: Failed to find provider info for com.google.android.apps.gsa.testing.ui.audio.recorded
10-25 20:51:19.253  1907  1935 D AutofillManagerService: Close system dialogs
10-25 20:51:19.272  2051  2051 V StatusBar: mStatusBarWindow: com.android.systemui.statusbar.phone.StatusBarWindowView{84cbb89 V.ED..... ........ 0,0-1080,66} canPanelBeCollapsed(): false
10-25 20:51:19.273  2051  2051 I vol.Events: writeEvent dismiss_dialog volume_controller
10-25 20:51:19.370  2051  2051 V StatusBar: mStatusBarWindow: com.android.systemui.statusbar.phone.StatusBarWindowView{84cbb89 V.ED..... ........ 0,0-1080,66} canPanelBeCollapsed(): false
10-25 20:51:19.371  2051  2051 I vol.Events: writeEvent dismiss_dialog volume_controller
10-25 20:51:19.781  2359 16001 I NetworkScheduler.Stats: Task com.google.android.gms/com.google.android.gms.icing.service.IcingGcmTaskService started execution. cause:4 exec_start_elapsed_seconds: 252901 [CONTEXT service_id=218 ]
10-25 20:51:19.797  1907  2026 I GnssLocationProvider: WakeLock acquired by sendMessage(REPORT_SV_STATUS, 0, com.android.server.location.GnssLocationProvider$SvStatusInfo@c4085a)
10-25 20:51:19.799  1907  1928 I GnssLocationProvider: WakeLock released by handleMessage(REPORT_SV_STATUS, 0, com.android.server.location.GnssLocationProvider$SvStatusInfo@c4085a)
10-25 20:51:19.847  2359 28477 I NetworkScheduler.Stats: Task com.google.android.gms/com.google.android.gms.icing.service.IcingGcmTaskService finished executing. cause:4 result: 1 elapsed_millis: 212 uptime_millis: 212 exec_start_elapsed_seconds: 252901 [CONTEXT service_id=218 ]
10-25 20:51:19.917  2051  2329 D EGL_emulation: eglMakeCurrent: 0x732d1d03bb80: ver 2 0 (tinfo 0x732d1d06b160)
10-25 20:51:20.067  2051  2329 I chatty  : uid=10028(com.android.systemui) RenderThread identical 4 lines
10-25 20:51:20.103  2051  2329 D EGL_emulation: eglMakeCurrent: 0x732d1d03bb80: ver 2 0 (tinfo 0x732d1d06b160)
10-25 20:51:20.795  1907  2026 I GnssLocationProvider: WakeLock acquired by sendMessage(REPORT_SV_STATUS, 0, com.android.server.location.GnssLocationProvider$SvStatusInfo@af9d214)
10-25 20:51:20.798  1907  1928 I GnssLocationProvider: WakeLock released by handleMessage(REPORT_SV_STATUS, 0, com.android.server.location.GnssLocationProvider$SvStatusInfo@af9d214)
10-25 20:51:21.795  1907  2026 I GnssLocationProvider: WakeLock acquired by sendMessage(REPORT_SV_STATUS, 0, com.android.server.location.GnssLocationProvider$SvStatusInfo@9d8babd)
10-25 20:51:21.797  1907  1928 I GnssLocationProvider: WakeLock released by handleMessage(REPORT_SV_STATUS, 0, com.android.server.location.GnssLocationProvider$SvStatusInfo@9d8babd)
10-25 20:51:22.512  1627  1627 W audio_hw_generic: Not supplying enough data to HAL, expected position 64382167 , only wrote 64226160
10-25 20:51:22.796  1907  2026 I GnssLocationProvider: WakeLock acquired by sendMessage(REPORT_SV_STATUS, 0, com.android.server.location.GnssLocationProvider$SvStatusInfo@55b48b2)
10-25 20:51:22.798  1907  1928 I GnssLocationProvider: WakeLock released by handleMessage(REPORT_SV_STATUS, 0, com.android.server.location.GnssLocationProvider$SvStatusInfo@55b48b2)
10-25 20:51:22.877  1907 14119 D WificondControl: Scan result ready event
10-25 20:51:23.796  1907  2026 I GnssLocationProvider: WakeLock acquired by sendMessage(REPORT_SV_STATUS, 0, com.android.server.location.GnssLocationProvider$SvStatusInfo@3b06003)
10-25 20:51:23.800  1907  1928 I GnssLocationProvider: WakeLock released by handleMessage(REPORT_SV_STATUS, 0, com.android.server.location.GnssLocationProvider$SvStatusInfo@3b06003)
10-25 20:51:23.959 27760 27760 I MicroDetectionWorker: #startMicroDetector [speakerMode: 0]
10-25 20:51:23.959 27760 27760 I AudioController: Using mInputStreamFactoryBuilder
10-25 20:51:23.959 27760 27760 I AudioController: Created new AudioSource
10-25 20:51:23.960 27760 27760 I MicroDetectionWorker: onReady
