10-25 20:50:28.793  1907  1928 I GnssLocationProvider: WakeLock released by handleMessage(REPORT_SV_STATUS, 0, com.android.server.location.GnssLocationProvider$SvStatusInfo@70d2544)
10-25 20:50:29.792  1907  2026 I GnssLocationProvider: WakeLock acquired by sendMessage(REPORT_SV_STATUS, 0, com.android.server.location.GnssLocationProvider$SvStatusInfo@88bc62d)
10-25 20:50:29.793  1907  1928 I GnssLocationProvider: WakeLock released by handleMessage(REPORT_SV_STATUS, 0, com.android.server.location.GnssLocationProvider$SvStatusInfo@88bc62d)
10-25 20:50:30.792  1907  2026 I GnssLocationProvider: WakeLock acquired by sendMessage(REPORT_SV_STATUS, 0, com.android.server.location.GnssLocationProvider$SvStatusInfo@db34762)
10-25 20:50:30.793  1907  1928 I GnssLocationProvider: WakeLock released by handleMessage(REPORT_SV_STATUS, 0, com.android.server.location.GnssLocationProvider$SvStatusInfo@db34762)
10-25 20:50:21.435 27760 22138 I chatty  : uid=10027(com.google.android.googlequicksearchbox) UserFacing297 identical 4 lines
10-25 20:50:26.461 27760 22138 E ActivityThread: Failed to find provider info for com.google.android.apps.gsa.testing.ui.audio.recorded
10-25 20:50:30.927  1907  1933 E BatteryExternalStatsWorker: no controller energy info supplied for wifi
10-25 20:50:31.475 27760 27760 I MicroDetectionWorker: #startMicroDetector [speakerMode: 0]
10-25 20:50:31.476 27760 27760 I AudioController: Using mInputStreamFactoryBuilder
10-25 20:50:31.476 27760 27760 I AudioController: Created new AudioSource
10-25 20:50:31.478 27760 27760 I MicroDetectionWorker: onReady
10-25 20:50:31.487 27760  4220 I MicroRecognitionRunner: Starting detection.
10-25 20:50:31.487 27760 22138 I MicrophoneInputStream: mic_starting  SR : 16000 CC : 16 SO : 6
10-25 20:50:31.488  1646 30784 E         : Request requires android.permission.RECORD_AUDIO
10-25 20:50:31.488  1646 30784 E AudioPolicyIntefaceImpl: getInputForAttr permission denied: recording not allowed for uid 10027 pid 27760
10-25 20:50:31.488  1646 30784 E AudioFlinger: createRecord() checkRecordThread_l failed
10-25 20:50:31.488 27760 22138 E IAudioFlinger: createRecord returned error -22
10-25 20:50:31.488 27760 22138 E AudioRecord: AudioFlinger could not create record track, status: -22
10-25 20:50:31.489 27760 22138 E AudioRecord-JNI: Error creating AudioRecord instance: initialization check failed with status -22.
10-25 20:50:31.490 27760 22138 E android.media.AudioRecord: Error code -20 when initializing native AudioRecord object.
10-25 20:50:31.490 27760 22138 I MicrophoneInputStream: mic_started  SR : 16000 CC : 16 SO : 6
10-25 20:50:31.490 27760 22138 E ActivityThread: Failed to find provider info for com.google.android.apps.gsa.testing.ui.audio.recorded
10-25 20:50:31.491 27760 27760 I MicroDetectionWorker: onReady
10-25 20:50:31.492 27760 22138 I MicrophoneInputStream: mic_close  SR : 16000 CC : 16 SO : 6
10-25 20:50:31.493 27760  4220 I MicroRecognitionRunner: Detection finished
10-25 20:50:31.493 27760  4220 W ErrorReporter: reportError [type: 211, code: 524300]: Error reading from input stream
10-25 20:50:31.493 27760  4234 I MicroRecognitionRunner: Stopping hotword detection.
10-25 20:50:31.493 27760  4220 W ErrorProcessor: onFatalError, processing error from engine(4)
10-25 20:50:31.493 27760  4220 W ErrorProcessor: com.google.android.apps.gsa.shared.speech.b.g: Error reading from input stream
10-25 20:50:31.493 27760  4220 W ErrorProcessor: 	at com.google.android.apps.gsa.staticplugins.microdetection.d.k.a(SourceFile:91)
10-25 20:50:31.493 27760  4220 W ErrorProcessor: 	at com.google.android.apps.gsa.staticplugins.microdetection.d.l.run(Unknown Source:14)
10-25 20:50:31.493 27760  4220 W ErrorProcessor: 	at com.google.android.libraries.gsa.runner.a.a.b(SourceFile:32)
10-25 20:50:31.493 27760  4220 W ErrorProcessor: 	at com.google.android.libraries.gsa.runner.a.c.call(Unknown Source:4)
10-25 20:50:31.493 27760  4220 W ErrorProcessor: 	at java.util.concurrent.FutureTask.run(FutureTask.java:266)
10-25 20:50:31.493 27760  4220 W ErrorProcessor: 	at java.util.concurrent.Executors$RunnableAdapter.call(Executors.java:458)
10-25 20:50:31.493 27760  4220 W ErrorProcessor: 	at java.util.concurrent.FutureTask.run(FutureTask.java:266)
10-25 20:50:31.493 27760  4220 W ErrorProcessor: 	at com.google.android.apps.gsa.shared.util.concurrent.b.g.run(Unknown Source:4)
10-25 20:50:31.493 27760  4220 W ErrorProcessor: 	at com.google.android.apps.gsa.shared.util.concurrent.b.aw.run(SourceFile:4)
10-25 20:50:31.493 27760  4220 W ErrorProcessor: 	at com.google.android.apps.gsa.shared.util.concurrent.b.aw.run(SourceFile:4)
10-25 20:50:31.493 27760  4220 W ErrorProcessor: 	at java.util.concurrent.ThreadPoolExecutor.runWorker(ThreadPoolExecutor.java:1167)
10-25 20:50:31.493 27760  4220 W ErrorProcessor: 	at java.util.concurrent.ThreadPoolExecutor$Worker.run(ThreadPoolExecutor.java:641)
10-25 20:50:31.493 27760  4220 W ErrorProcessor: 	at java.lang.Thread.run(Thread.java:764)
10-25 20:50:31.493 27760  4220 W ErrorProcessor: 	at com.google.android.apps.gsa.shared.util.concurrent.b.i.run(SourceFile:6)
10-25 20:50:31.493 27760  4220 W ErrorProcessor: Caused by: com.google.android.apps.gsa.shared.exception.GsaIOException: Error code: 393238 | Buffer overflow, no available space.
10-25 20:50:31.493 27760  4220 W ErrorProcessor: 	at com.google.android.apps.gsa.speech.audio.Tee.j(SourceFile:103)
10-25 20:50:31.493 27760  4220 W ErrorProcessor: 	at com.google.android.apps.gsa.speech.audio.au.read(SourceFile:2)
10-25 20:50:31.493 27760  4220 W ErrorProcessor: 	at java.io.InputStream.read(InputStream.java:101)
10-25 20:50:31.493 27760  4220 W ErrorProcessor: 	at com.google.android.apps.gsa.speech.audio.ao.run(SourceFile:17)
10-25 20:50:31.493 27760  4220 W ErrorProcessor: 	at com.google.android.apps.gsa.speech.audio.an.run(SourceFile:2)
10-25 20:50:31.493 27760  4220 W ErrorProcessor: 	at java.util.concurrent.Executors$RunnableAdapter.call(Executors.java:458)
10-25 20:50:31.493 27760  4220 W ErrorProcessor: 	... 10 more
10-25 20:50:31.493 27760  4220 I AudioController: internalShutdown
10-25 20:50:31.494 27760 27760 I MicroDetector: Keeping mic open: false
10-25 20:50:31.494 27760 27760 I MicroDetectionWorker: #onError(false)
10-25 20:50:31.494 27760 10767 I DeviceStateChecker: DeviceStateChecker cancelled
10-25 20:50:31.793  1907  2026 I GnssLocationProvider: WakeLock acquired by sendMessage(REPORT_SV_STATUS, 0, com.android.server.location.GnssLocationProvider$SvStatusInfo@ce170f3)
10-25 20:50:31.793  1907  1928 I GnssLocationProvider: WakeLock released by handleMessage(REPORT_SV_STATUS, 0, com.android.server.location.GnssLocationProvider$SvStatusInfo@ce170f3)
10-25 20:50:32.793  1907  2026 I GnssLocationProvider: WakeLock acquired by sendMessage(REPORT_SV_STATUS, 0, com.android.server.location.GnssLocationProvider$SvStatusInfo@b5951b0)
10-25 20:50:32.794  1907  1928 I GnssLocationProvider: WakeLock released by handleMessage(REPORT_SV_STATUS, 0, com.android.server.location.GnssLocationProvider$SvStatusInfo@b5951b0)
10-25 20:50:33.793  1907  2026 I GnssLocationProvider: WakeLock acquired by sendMessage(REPORT_SV_STATUS, 0, com.android.server.location.GnssLocationProvider$SvStatusInfo@a0b9829)
10-25 20:50:33.794  1907  1928 I GnssLocationProvider: WakeLock released by handleMessage(REPORT_SV_STATUS, 0, com.android.server.location.GnssLocationProvider$SvStatusInfo@a0b9829)
10-25 20:50:34.793  1907  2026 I GnssLocationProvider: WakeLock acquired by sendMessage(REPORT_SV_STATUS, 0, com.android.server.location.GnssLocationProvider$SvStatusInfo@80277ae)
10-25 20:50:34.794  1907  1928 I GnssLocationProvider: WakeLock released by handleMessage(REPORT_SV_STATUS, 0, com.android.server.location.GnssLocationProvider$SvStatusInfo@80277ae)
10-25 20:50:35.793  1907  2026 I GnssLocationProvider: WakeLock acquired by sendMessage(REPORT_SV_STATUS, 0, com.android.server.location.GnssLocationProvider$SvStatusInfo@818294f)
10-25 20:50:35.794  1907  1928 I GnssLocationProvider: WakeLock released by handleMessage(REPORT_SV_STATUS, 0, com.android.server.location.GnssLocationProvider$SvStatusInfo@818294f)
10-25 20:50:36.502 27760 27760 I MicroDetectionWorker: #startMicroDetector [speakerMode: 0]
10-25 20:50:36.503 27760 27760 I AudioController: Using mInputStreamFactoryBuilder
10-25 20:50:36.503 27760 27760 I AudioController: Created new AudioSource
10-25 20:50:36.505 27760 27760 I MicroDetectionWorker: onReady
10-25 20:50:36.513 27760 10767 I MicroRecognitionRunner: Starting detection.
10-25 20:50:36.513 27760 22138 I MicrophoneInputStream: mic_starting  SR : 16000 CC : 16 SO : 6
10-25 20:50:36.514  1646 30784 E         : Request requires android.permission.RECORD_AUDIO
10-25 20:50:36.514  1646 30784 E AudioPolicyIntefaceImpl: getInputForAttr permission denied: recording not allowed for uid 10027 pid 27760
10-25 20:50:36.514  1646 30784 E AudioFlinger: createRecord() checkRecordThread_l failed
10-25 20:50:36.515 27760 22138 E IAudioFlinger: createRecord returned error -22
10-25 20:50:36.515 27760 22138 E AudioRecord: AudioFlinger could not create record track, status: -22
10-25 20:50:36.515 27760 22138 E AudioRecord-JNI: Error creating AudioRecord instance: initialization check failed with status -22.
10-25 20:50:36.516 27760 22138 E android.media.AudioRecord: Error code -20 when initializing native AudioRecord object.
10-25 20:50:36.516 27760 22138 I MicrophoneInputStream: mic_started  SR : 16000 CC : 16 SO : 6
10-25 20:50:36.517 27760 27760 I MicroDetectionWorker: onReady
10-25 20:50:36.519 27760 22138 I MicrophoneInputStream: mic_close  SR : 16000 CC : 16 SO : 6
10-25 20:50:36.519 27760 10767 I MicroRecognitionRunner: Detection finished
10-25 20:50:36.520 27760 10767 W ErrorReporter: reportError [type: 211, code: 524300]: Error reading from input stream
10-25 20:50:36.520 27760  4234 I MicroRecognitionRunner: Stopping hotword detection.
10-25 20:50:36.520 27760 10767 W ErrorProcessor: onFatalError, processing error from engine(4)
10-25 20:50:36.520 27760 10767 W ErrorProcessor: com.google.android.apps.gsa.shared.speech.b.g: Error reading from input stream
10-25 20:50:36.520 27760 10767 W ErrorProcessor: 	at com.google.android.apps.gsa.staticplugins.microdetection.d.k.a(SourceFile:91)
10-25 20:50:36.520 27760 10767 W ErrorProcessor: 	at com.google.android.apps.gsa.staticplugins.microdetection.d.l.run(Unknown Source:14)
10-25 20:50:36.520 27760 10767 W ErrorProcessor: 	at com.google.android.libraries.gsa.runner.a.a.b(SourceFile:32)
10-25 20:50:36.520 27760 10767 W ErrorProcessor: 	at com.google.android.libraries.gsa.runner.a.c.call(Unknown Source:4)
10-25 20:50:36.520 27760 10767 W ErrorProcessor: 	at java.util.concurrent.FutureTask.run(FutureTask.java:266)
10-25 20:50:36.520 27760 10767 W ErrorProcessor: 	at java.util.concurrent.Executors$RunnableAdapter.call(Executors.java:458)
10-25 20:50:36.520 27760 10767 W ErrorProcessor: 	at java.util.concurrent.FutureTask.run(FutureTask.java:266)
10-25 20:50:36.520 27760 10767 W ErrorProcessor: 	at com.google.android.apps.gsa.shared.util.concurrent.b.g.run(Unknown Source:4)
10-25 20:50:36.520 27760 10767 W ErrorProcessor: 	at com.google.android.apps.gsa.shared.util.concurrent.b.aw.run(SourceFile:4)
10-25 20:50:36.520 27760 10767 W ErrorProcessor: 	at com.google.android.apps.gsa.shared.util.concurrent.b.aw.run(SourceFile:4)
10-25 20:50:36.520 27760 10767 W ErrorProcessor: 	at java.util.concurrent.ThreadPoolExecutor.runWorker(ThreadPoolExecutor.java:1167)
10-25 20:50:36.520 27760 10767 W ErrorProcessor: 	at java.util.concurrent.ThreadPoolExecutor$Worker.run(ThreadPoolExecutor.java:641)
10-25 20:50:36.520 27760 10767 W ErrorProcessor: 	at java.lang.Thread.run(Thread.java:764)
10-25 20:50:36.520 27760 10767 W ErrorProcessor: 	at com.google.android.apps.gsa.shared.util.concurrent.b.i.run(SourceFile:6)
10-25 20:50:36.520 27760 10767 W ErrorProcessor: Caused by: com.google.android.apps.gsa.shared.exception.GsaIOException: Error code: 393238 | Buffer overflow, no available space.
10-25 20:50:36.520 27760 10767 W ErrorProcessor: 	at com.google.android.apps.gsa.speech.audio.Tee.j(SourceFile:103)
10-25 20:50:36.520 27760 10767 W ErrorProcessor: 	at com.google.android.apps.gsa.speech.audio.au.read(SourceFile:2)
10-25 20:50:36.520 27760 10767 W ErrorProcessor: 	at java.io.InputStream.read(InputStream.java:101)
10-25 20:50:36.520 27760 10767 W ErrorProcessor: 	at com.google.android.apps.gsa.speech.audio.ao.run(SourceFile:17)
10-25 20:50:36.520 27760 10767 W ErrorProcessor: 	at com.google.android.apps.gsa.speech.audio.an.run(SourceFile:2)
10-25 20:50:36.520 27760 10767 W ErrorProcessor: 	at java.util.concurrent.Executors$RunnableAdapter.call(Executors.java:458)
10-25 20:50:36.520 27760 10767 W ErrorProcessor: 	... 10 more
10-25 20:50:36.521 27760 10767 I AudioController: internalShutdown
10-25 20:50:36.522 27760 27760 I MicroDetector: Keeping mic open: false
10-25 20:50:36.522 27760 27760 I MicroDetectionWorker: #onError(false)
10-25 20:50:36.522 27760  4220 I DeviceStateChecker: DeviceStateChecker cancelled
10-25 20:50:36.793  1907  2026 I GnssLocationProvider: WakeLock acquired by sendMessage(REPORT_SV_STATUS, 0, com.android.server.location.GnssLocationProvider$SvStatusInfo@f9d8dc)
10-25 20:50:36.793  1907  1928 I GnssLocationProvider: WakeLock released by handleMessage(REPORT_SV_STATUS, 0, com.android.server.location.GnssLocationProvider$SvStatusInfo@f9d8dc)
10-25 20:50:37.793  1907  2026 I GnssLocationProvider: WakeLock acquired by sendMessage(REPORT_SV_STATUS, 0, com.android.server.location.GnssLocationProvider$SvStatusInfo@9c8de5)
10-25 20:50:37.793  1907  1928 I GnssLocationProvider: WakeLock released by handleMessage(REPORT_SV_STATUS, 0, com.android.server.location.GnssLocationProvider$SvStatusInfo@9c8de5)
10-25 20:50:38.793  1907  2026 I GnssLocationProvider: WakeLock acquired by sendMessage(REPORT_SV_STATUS, 0, com.android.server.location.GnssLocationProvider$SvStatusInfo@a0260ba)
10-25 20:50:38.794  1907  1928 I GnssLocationProvider: WakeLock released by handleMessage(REPORT_SV_STATUS, 0, com.android.server.location.GnssLocationProvider$SvStatusInfo@a0260ba)
10-25 20:50:39.793  1907  2026 I GnssLocationProvider: WakeLock acquired by sendMessage(REPORT_SV_STATUS, 0, com.android.server.location.GnssLocationProvider$SvStatusInfo@6580b6b)
10-25 20:50:39.793  1907  1928 I GnssLocationProvider: WakeLock released by handleMessage(REPORT_SV_STATUS, 0, com.android.server.location.GnssLocationProvider$SvStatusInfo@6580b6b)
10-25 20:50:40.284  2051  2329 D EGL_emulation: eglMakeCurrent: 0x732d1d03bb80: ver 2 0 (tinfo 0x732d1d06b160)
10-25 20:50:40.291  1627  3754 W audio_hw_generic: Not supplying enough data to HAL, expected position 63624421 , only wrote 63624240
10-25 20:50:36.516 27760 22138 E ActivityThread: Failed to find provider info for com.google.android.apps.gsa.testing.ui.audio.recorded
10-25 20:50:40.373  1907  1935 D AutofillManagerService: Close system dialogs
10-25 20:50:40.384  2051  2051 V StatusBar: mStatusBarWindow: com.android.systemui.statusbar.phone.StatusBarWindowView{84cbb89 V.ED..... ........ 0,0-1080,66} canPanelBeCollapsed(): false
10-25 20:50:40.384  2051  2051 I vol.Events: writeEvent dismiss_dialog volume_controller
10-25 20:50:40.794  1907  2026 I GnssLocationProvider: WakeLock acquired by sendMessage(REPORT_SV_STATUS, 0, com.android.server.location.GnssLocationProvider$SvStatusInfo@ee5ce86)
10-25 20:50:40.795  1907  1928 I GnssLocationProvider: WakeLock released by handleMessage(REPORT_SV_STATUS, 0, com.android.server.location.GnssLocationProvider$SvStatusInfo@ee5ce86)
10-25 20:50:41.525 27760 27760 I MicroDetectionWorker: #startMicroDetector [speakerMode: 0]
10-25 20:50:41.525 27760 27760 I AudioController: Using mInputStreamFactoryBuilder
10-25 20:50:41.525 27760 27760 I AudioController: Created new AudioSource
10-25 20:50:41.528 27760 27760 I MicroDetectionWorker: onReady
10-25 20:50:41.535 27760  4220 I MicroRecognitionRunner: Starting detection.
10-25 20:50:41.535 27760 22138 I MicrophoneInputStream: mic_starting  SR : 16000 CC : 16 SO : 6
10-25 20:50:41.536  1646 30784 E         : Request requires android.permission.RECORD_AUDIO
10-25 20:50:41.536  1646 30784 E AudioPolicyIntefaceImpl: getInputForAttr permission denied: recording not allowed for uid 10027 pid 27760
10-25 20:50:41.536  1646 30784 E AudioFlinger: createRecord() checkRecordThread_l failed
10-25 20:50:41.537 27760 22138 E IAudioFlinger: createRecord returned error -22
10-25 20:50:41.537 27760 22138 E AudioRecord: AudioFlinger could not create record track, status: -22
10-25 20:50:41.537 27760 22138 E AudioRecord-JNI: Error creating AudioRecord instance: initialization check failed with status -22.
10-25 20:50:41.538 27760 22138 E android.media.AudioRecord: Error code -20 when initializing native AudioRecord object.
10-25 20:50:41.538 27760 22138 I MicrophoneInputStream: mic_started  SR : 16000 CC : 16 SO : 6
10-25 20:50:41.539 27760 22138 E ActivityThread: Failed to find provider info for com.google.android.apps.gsa.testing.ui.audio.recorded
10-25 20:50:41.540 27760 27760 I MicroDetectionWorker: onReady
10-25 20:50:41.545 27760 22138 I MicrophoneInputStream: mic_close  SR : 16000 CC : 16 SO : 6
10-25 20:50:41.545 27760  4220 I MicroRecognitionRunner: Detection finished
10-25 20:50:41.545 27760  4220 W ErrorReporter: reportError [type: 211, code: 524300]: Error reading from input stream
10-25 20:50:41.546 27760  4234 I MicroRecognitionRunner: Stopping hotword detection.
10-25 20:50:41.546 27760  4220 W ErrorProcessor: onFatalError, processing error from engine(4)
10-25 20:50:41.546 27760  4220 W ErrorProcessor: com.google.android.apps.gsa.shared.speech.b.g: Error reading from input stream
10-25 20:50:41.546 27760  4220 W ErrorProcessor: 	at com.google.android.apps.gsa.staticplugins.microdetection.d.k.a(SourceFile:91)
10-25 20:50:41.546 27760  4220 W ErrorProcessor: 	at com.google.android.apps.gsa.staticplugins.microdetection.d.l.run(Unknown Source:14)
10-25 20:50:41.546 27760  4220 W ErrorProcessor: 	at com.google.android.libraries.gsa.runner.a.a.b(SourceFile:32)
10-25 20:50:41.546 27760  4220 W ErrorProcessor: 	at com.google.android.libraries.gsa.runner.a.c.call(Unknown Source:4)
10-25 20:50:41.546 27760  4220 W ErrorProcessor: 	at java.util.concurrent.FutureTask.run(FutureTask.java:266)
10-25 20:50:41.546 27760  4220 W ErrorProcessor: 	at java.util.concurrent.Executors$RunnableAdapter.call(Executors.java:458)
10-25 20:50:41.546 27760  4220 W ErrorProcessor: 	at java.util.concurrent.FutureTask.run(FutureTask.java:266)
10-25 20:50:41.546 27760  4220 W ErrorProcessor: 	at com.google.android.apps.gsa.shared.util.concurrent.b.g.run(Unknown Source:4)
10-25 20:50:41.546 27760  4220 W ErrorProcessor: 	at com.google.android.apps.gsa.shared.util.concurrent.b.aw.run(SourceFile:4)
10-25 20:50:41.546 27760  4220 W ErrorProcessor: 	at com.google.android.apps.gsa.shared.util.concurrent.b.aw.run(SourceFile:4)
10-25 20:50:41.546 27760  4220 W ErrorProcessor: 	at java.util.concurrent.ThreadPoolExecutor.runWorker(ThreadPoolExecutor.java:1167)
10-25 20:50:41.546 27760  4220 W ErrorProcessor: 	at java.util.concurrent.ThreadPoolExecutor$Worker.run(ThreadPoolExecutor.java:641)
10-25 20:50:41.546 27760  4220 W ErrorProcessor: 	at java.lang.Thread.run(Thread.java:764)
10-25 20:50:41.546 27760  4220 W ErrorProcessor: 	at com.google.android.apps.gsa.shared.util.concurrent.b.i.run(SourceFile:6)
10-25 20:50:41.546 27760  4220 W ErrorProcessor: Caused by: com.google.android.apps.gsa.shared.exception.GsaIOException: Error code: 393238 | Buffer overflow, no available space.
10-25 20:50:41.546 27760  4220 W ErrorProcessor: 	at com.google.android.apps.gsa.speech.audio.Tee.j(SourceFile:103)
10-25 20:50:41.546 27760  4220 W ErrorProcessor: 	at com.google.android.apps.gsa.speech.audio.au.read(SourceFile:2)
10-25 20:50:41.546 27760  4220 W ErrorProcessor: 	at java.io.InputStream.read(InputStream.java:101)
10-25 20:50:41.546 27760  4220 W ErrorProcessor: 	at com.google.android.apps.gsa.speech.audio.ao.run(SourceFile:17)
10-25 20:50:41.546 27760  4220 W ErrorProcessor: 	at com.google.android.apps.gsa.speech.audio.an.run(SourceFile:2)
10-25 20:50:41.546 27760  4220 W ErrorProcessor: 	at java.util.concurrent.Executors$RunnableAdapter.call(Executors.java:458)
10-25 20:50:41.546 27760  4220 W ErrorProcessor: 	... 10 more
10-25 20:50:41.546 27760  4220 I AudioController: internalShutdown
10-25 20:50:41.547 27760 27760 I MicroDetector: Keeping mic open: false
10-25 20:50:41.547 27760 27760 I MicroDetectionWorker: #onError(false)
10-25 20:50:41.547 27760 10767 I DeviceStateChecker: DeviceStateChecker cancelled
10-25 20:50:41.793  1907  2026 I GnssLocationProvider: WakeLock acquired by sendMessage(REPORT_SV_STATUS, 0, com.android.server.location.GnssLocationProvider$SvStatusInfo@e69f347)
10-25 20:50:41.793  1907  1928 I GnssLocationProvider: WakeLock released by handleMessage(REPORT_SV_STATUS, 0, com.android.server.location.GnssLocationProvider$SvStatusInfo@e69f347)
10-25 20:50:42.793  1907  2026 I GnssLocationProvider: WakeLock acquired by sendMessage(REPORT_SV_STATUS, 0, com.android.server.location.GnssLocationProvider$SvStatusInfo@b266774)
10-25 20:50:42.793  1907  1928 I GnssLocationProvider: WakeLock released by handleMessage(REPORT_SV_STATUS, 0, com.android.server.location.GnssLocationProvider$SvStatusInfo@b266774)
10-25 20:50:43.469  2051  2329 D EGL_emulation: eglMakeCurrent: 0x732d1d03bb80: ver 2 0 (tinfo 0x732d1d06b160)
10-25 20:50:43.485  2051  2329 I chatty  : uid=10028(com.android.systemui) RenderThread identical 1 line
10-25 20:50:43.492  2051  2329 D EGL_emulation: eglMakeCurrent: 0x732d1d03bb80: ver 2 0 (tinfo 0x732d1d06b160)
10-25 20:50:43.502  1627  1627 W audio_hw_generic: Not supplying enough data to HAL, expected position 63930428 , only wrote 63778320
10-25 20:50:43.511  2051  2329 D EGL_emulation: eglMakeCurrent: 0x732d1d03bb80: ver 2 0 (tinfo 0x732d1d06b160)
10-25 20:50:43.628  2051  2329 I chatty  : uid=10028(com.android.systemui) RenderThread identical 5 lines
10-25 20:50:43.653  2051  2329 D EGL_emulation: eglMakeCurrent: 0x732d1d03bb80: ver 2 0 (tinfo 0x732d1d06b160)
10-25 20:50:43.735  2034  2034 I GoogleInputMethod: onFinishInput() : Dummy InputConnection bound
10-25 20:50:43.743  2034  2034 I GoogleInputMethod: onStartInput() : Dummy InputConnection bound
10-25 20:50:43.793  1907  2026 I GnssLocationProvider: WakeLock acquired by sendMessage(REPORT_SV_STATUS, 0, com.android.server.location.GnssLocationProvider$SvStatusInfo@404d12)
10-25 20:50:43.794  1907  1928 I GnssLocationProvider: WakeLock released by handleMessage(REPORT_SV_STATUS, 0, com.android.server.location.GnssLocationProvider$SvStatusInfo@404d12)
10-25 20:50:44.803  1907  2026 I GnssLocationProvider: WakeLock acquired by sendMessage(REPORT_SV_STATUS, 0, com.android.server.location.GnssLocationProvider$SvStatusInfo@c87ce3)
10-25 20:50:44.804  1907  1928 I GnssLocationProvider: WakeLock released by handleMessage(REPORT_SV_STATUS, 0, com.android.server.location.GnssLocationProvider$SvStatusInfo@c87ce3)
10-25 20:50:45.093  1638  1702 D gralloc_ranchu: gralloc_alloc: Creating ashmem region of size 98304
10-25 20:50:45.099  2543  2726 D EGL_emulation: eglMakeCurrent: 0x732d1d044f40: ver 2 0 (tinfo 0x732d1d0832e0)
10-25 20:50:45.104  1638  1702 D gralloc_ranchu: gralloc_alloc: Creating ashmem region of size 98304
10-25 20:50:45.107  2543  2726 D EGL_emulation: eglMakeCurrent: 0x732d1d044f40: ver 2 0 (tinfo 0x732d1d0832e0)
10-25 20:50:45.129  2543  2726 D EGL_emulation: eglMakeCurrent: 0x732d1d044f40: ver 2 0 (tinfo 0x732d1d0832e0)
10-25 20:50:45.449  2051  2329 D EGL_emulation: eglMakeCurrent: 0x732d1d03bb80: ver 2 0 (tinfo 0x732d1d06b160)
10-25 20:50:45.575  2051  2329 I chatty  : uid=10028(com.android.systemui) RenderThread identical 8 lines
10-25 20:50:45.600  2051  2329 D EGL_emulation: eglMakeCurrent: 0x732d1d03bb80: ver 2 0 (tinfo 0x732d1d06b160)
10-25 20:50:45.795  1907  2026 I GnssLocationProvider: WakeLock acquired by sendMessage(REPORT_SV_STATUS, 0, com.android.server.location.GnssLocationProvider$SvStatusInfo@5fc86e0)
10-25 20:50:45.795  1907  1928 I GnssLocationProvider: WakeLock released by handleMessage(REPORT_SV_STATUS, 0, com.android.server.location.GnssLocationProvider$SvStatusInfo@5fc86e0)
10-25 20:50:45.958  1907  1933 E BatteryExternalStatsWorker: no controller energy info supplied for wifi
10-25 20:50:46.552 27760 27760 I MicroDetectionWorker: #startMicroDetector [speakerMode: 0]
10-25 20:50:46.552 27760 27760 I AudioController: Using mInputStreamFactoryBuilder
10-25 20:50:46.552 27760 27760 I AudioController: Created new AudioSource
10-25 20:50:46.553 27760 27760 I MicroDetectionWorker: onReady
10-25 20:50:46.563 27760  4220 I MicroRecognitionRunner: Starting detection.
10-25 20:50:46.564 27760 22138 I MicrophoneInputStream: mic_starting  SR : 16000 CC : 16 SO : 6
10-25 20:50:46.565  1646 30784 E         : Request requires android.permission.RECORD_AUDIO
10-25 20:50:46.566  1646 30784 E AudioPolicyIntefaceImpl: getInputForAttr permission denied: recording not allowed for uid 10027 pid 27760
10-25 20:50:46.566  1646 30784 E AudioFlinger: createRecord() checkRecordThread_l failed
10-25 20:50:46.566 27760 22138 E IAudioFlinger: createRecord returned error -22
10-25 20:50:46.566 27760 22138 E AudioRecord: AudioFlinger could not create record track, status: -22
10-25 20:50:46.566 27760 22138 E AudioRecord-JNI: Error creating AudioRecord instance: initialization check failed with status -22.
10-25 20:50:46.567 27760 22138 E android.media.AudioRecord: Error code -20 when initializing native AudioRecord object.
10-25 20:50:46.567 27760 22138 I MicrophoneInputStream: mic_started  SR : 16000 CC : 16 SO : 6
10-25 20:50:46.568 27760 22138 E ActivityThread: Failed to find provider info for com.google.android.apps.gsa.testing.ui.audio.recorded
10-25 20:50:46.568 27760 27760 I MicroDetectionWorker: onReady
10-25 20:50:46.586 27760 22138 I MicrophoneInputStream: mic_close  SR : 16000 CC : 16 SO : 6
10-25 20:50:46.587 27760  4220 I MicroRecognitionRunner: Detection finished
10-25 20:50:46.587 27760  4220 W ErrorReporter: reportError [type: 211, code: 524300]: Error reading from input stream
10-25 20:50:46.587 27760  4234 I MicroRecognitionRunner: Stopping hotword detection.
10-25 20:50:46.587 27760  4220 W ErrorProcessor: onFatalError, processing error from engine(4)
10-25 20:50:46.587 27760  4220 W ErrorProcessor: com.google.android.apps.gsa.shared.speech.b.g: Error reading from input stream
10-25 20:50:46.587 27760  4220 W ErrorProcessor: 	at com.google.android.apps.gsa.staticplugins.microdetection.d.k.a(SourceFile:91)
10-25 20:50:46.587 27760  4220 W ErrorProcessor: 	at com.google.android.apps.gsa.staticplugins.microdetection.d.l.run(Unknown Source:14)
10-25 20:50:46.587 27760  4220 W ErrorProcessor: 	at com.google.android.libraries.gsa.runner.a.a.b(SourceFile:32)
10-25 20:50:46.587 27760  4220 W ErrorProcessor: 	at com.google.android.libraries.gsa.runner.a.c.call(Unknown Source:4)
10-25 20:50:46.587 27760  4220 W ErrorProcessor: 	at java.util.concurrent.FutureTask.run(FutureTask.java:266)
10-25 20:50:46.587 27760  4220 W ErrorProcessor: 	at java.util.concurrent.Executors$RunnableAdapter.call(Executors.java:458)
10-25 20:50:46.587 27760  4220 W ErrorProcessor: 	at java.util.concurrent.FutureTask.run(FutureTask.java:266)
10-25 20:50:46.587 27760  4220 W ErrorProcessor: 	at com.google.android.apps.gsa.shared.util.concurrent.b.g.run(Unknown Source:4)
10-25 20:50:46.587 27760  4220 W ErrorProcessor: 	at com.google.android.apps.gsa.shared.util.concurrent.b.aw.run(SourceFile:4)
10-25 20:50:46.587 27760  4220 W ErrorProcessor: 	at com.google.android.apps.gsa.shared.util.concurrent.b.aw.run(SourceFile:4)
10-25 20:50:46.587 27760  4220 W ErrorProcessor: 	at java.util.concurrent.ThreadPoolExecutor.runWorker(ThreadPoolExecutor.java:1167)
10-25 20:50:46.587 27760  4220 W ErrorProcessor: 	at java.util.concurrent.ThreadPoolExecutor$Worker.run(ThreadPoolExecutor.java:641)
10-25 20:50:46.587 27760  4220 W ErrorProcessor: 	at java.lang.Thread.run(Thread.java:764)
10-25 20:50:46.587 27760  4220 W ErrorProcessor: 	at com.google.android.apps.gsa.shared.util.concurrent.b.i.run(SourceFile:6)
10-25 20:50:46.587 27760  4220 W ErrorProcessor: Caused by: com.google.android.apps.gsa.shared.exception.GsaIOException: Error code: 393238 | Buffer overflow, no available space.
10-25 20:50:46.587 27760  4220 W ErrorProcessor: 	at com.google.android.apps.gsa.speech.audio.Tee.j(SourceFile:103)
10-25 20:50:46.587 27760  4220 W ErrorProcessor: 	at com.google.android.apps.gsa.speech.audio.au.read(SourceFile:2)
10-25 20:50:46.587 27760  4220 W ErrorProcessor: 	at java.io.InputStream.read(InputStream.java:101)
10-25 20:50:46.587 27760  4220 W ErrorProcessor: 	at com.google.android.apps.gsa.speech.audio.ao.run(SourceFile:17)
10-25 20:50:46.587 27760  4220 W ErrorProcessor: 	at com.google.android.apps.gsa.speech.audio.an.run(SourceFile:2)
10-25 20:50:46.587 27760  4220 W ErrorProcessor: 	at java.util.concurrent.Executors$RunnableAdapter.call(Executors.java:458)
10-25 20:50:46.587 27760  4220 W ErrorProcessor: 	... 10 more
10-25 20:50:46.588 27760  4220 I AudioController: internalShutdown
10-25 20:50:46.590 27760 27760 I MicroDetector: Keeping mic open: false
10-25 20:50:46.590 27760 27760 I MicroDetectionWorker: #onError(false)
10-25 20:50:46.590 27760 10767 I DeviceStateChecker: DeviceStateChecker cancelled
10-25 20:50:46.793  1907  2026 I GnssLocationProvider: WakeLock acquired by sendMessage(REPORT_SV_STATUS, 0, com.android.server.location.GnssLocationProvider$SvStatusInfo@edddd99)
10-25 20:50:46.794  1907  1928 I GnssLocationProvider: WakeLock released by handleMessage(REPORT_SV_STATUS, 0, com.android.server.location.GnssLocationProvider$SvStatusInfo@edddd99)
10-25 20:50:46.842  1907 22789 I ActivityManager: START u0 {act=android.intent.action.DELETE dat=package:com.companyname.mauiappr8error flg=0x10800000 cmp=com.google.android.packageinstaller/com.android.packageinstaller.UninstallerActivity (has extras)} from uid 10022
10-25 20:50:46.873 21955 21955 W ActivityThread: handleWindowVisibility: no activity for token android.os.BinderProxy@b714799
10-25 20:50:46.968  1638  1702 D gralloc_ranchu: gralloc_alloc: Creating ashmem region of size 3424256
10-25 20:50:46.997  1638  5603 D gralloc_ranchu: gralloc_alloc: Creating ashmem region of size 3424256
10-25 20:50:46.999  1638  1702 D gralloc_ranchu: gralloc_alloc: Creating ashmem region of size 3424256
10-25 20:50:47.031  1745  1745 D SurfaceFlinger: duplicate layer name: changing com.google.android.packageinstaller/com.android.packageinstaller.UninstallerActivity to com.google.android.packageinstaller/com.android.packageinstaller.UninstallerActivity#1
10-25 20:50:47.062  1638  1702 D gralloc_ranchu: gralloc_alloc: Creating ashmem region of size 4096
10-25 20:50:47.063  1638  5603 D gralloc_ranchu: gralloc_alloc: Creating ashmem region of size 4096
10-25 20:50:47.065  1638  1701 D gralloc_ranchu: gralloc_alloc: Creating ashmem region of size 4096
10-25 20:50:47.127 21955 21979 D EGL_emulation: eglMakeCurrent: 0x732d1d045040: ver 2 0 (tinfo 0x732d1d00dbc0)
10-25 20:50:47.151  1907  1937 I ActivityManager: Displayed com.google.android.packageinstaller/com.android.packageinstaller.UninstallerActivity: +271ms (total +5m24s452ms)
10-25 20:50:47.794  1907  2026 I GnssLocationProvider: WakeLock acquired by sendMessage(REPORT_SV_STATUS, 0, com.android.server.location.GnssLocationProvider$SvStatusInfo@e58c41a)
10-25 20:50:47.795  1907  1928 I GnssLocationProvider: WakeLock released by handleMessage(REPORT_SV_STATUS, 0, com.android.server.location.GnssLocationProvider$SvStatusInfo@e58c41a)
10-25 20:50:48.346 21955 21955 I UninstallerActivity: Uninstalling extras=Bundle[{com.android.packageinstaller.extra.APP_LABEL=MauiAppR8Error, com.android.packageinstaller.applicationInfo=ApplicationInfo{ada02c3 com.companyname.mauiappr8error}, android.intent.extra.UNINSTALL_ALL_USERS=false, com.android.packageinstaller.extra.UNINSTALL_ID=-2147483619}]
10-25 20:50:48.347  1627  3754 W audio_hw_generic: Not supplying enough data to HAL, expected position 63778530 , only wrote 63778320
10-25 20:50:48.348  1907  1929 I ActivityManager: Force stopping com.companyname.mauiappr8error appid=10158 user=0: deletePackageX
10-25 20:50:48.373 21955 21979 D EGL_emulation: eglMakeCurrent: 0x732d1d045040: ver 2 0 (tinfo 0x732d1d00dbc0)
10-25 20:50:48.376 21955 21979 D OpenGLRenderer: endAllActiveAnimators on 0x732d19dbdf00 (RippleDrawable) with handle 0x732d1d00d1c0
10-25 20:50:48.391  2034  2034 I GoogleInputMethod: onFinishInput() : Dummy InputConnection bound
10-25 20:50:48.392  2034  2034 I GoogleInputMethod: onStartInput() : Dummy InputConnection bound
10-25 20:50:48.392  2034  2034 I GoogleInputMethod: onFinishInput() : Dummy InputConnection bound
10-25 20:50:48.392  2034  2034 I GoogleInputMethod: onStartInput() : Dummy InputConnection bound
10-25 20:50:48.395  1638  5603 D gralloc_ranchu: gralloc_alloc: Creating ashmem region of size 10108928
10-25 20:50:48.398  1907  1944 I PackageManager: Removing old permission tree: com.companyname.mauiappr8error.DYNAMIC_RECEIVER_NOT_EXPORTED_PERMISSION from package com.companyname.mauiappr8error
10-25 20:50:48.426  1907  4945 D HostConnection: HostConnection::get() New Host Connection established 0x732cf729a5a0, tid 4945
10-25 20:50:48.426  1907  4945 D HostConnection: HostComposition ext ANDROID_EMU_CHECKSUM_HELPER_v1 ANDROID_EMU_dma_v1 ANDROID_EMU_YUV420_888_to_NV21 ANDROID_EMU_YUV_Cache ANDROID_EMU_sync_buffer_data GL_OES_vertex_array_object GL_KHR_texture_compression_astc_ldr ANDROID_EMU_host_side_tracing ANDROID_EMU_gles_max_version_2 
10-25 20:50:48.446  1907  4945 I ConfigStore: android::hardware::configstore::V1_0::ISurfaceFlingerConfigs::hasWideColorDisplay retrieved: 0
10-25 20:50:48.446  1907  4945 I ConfigStore: android::hardware::configstore::V1_0::ISurfaceFlingerConfigs::hasHDRDisplay retrieved: 0
10-25 20:50:48.446  1907  4945 I OpenGLRenderer: Initialized EGL, version 1.4
10-25 20:50:48.446  1907  4945 D OpenGLRenderer: Swap behavior 1
10-25 20:50:48.447  1907  4945 W OpenGLRenderer: Failed to choose config with EGL_SWAP_BEHAVIOR_PRESERVED, retrying without...
10-25 20:50:48.447  1907  4945 D OpenGLRenderer: Swap behavior 0
10-25 20:50:48.459  1907  4945 D eglCodecCommon: setVertexArrayObject: set vao to 0 (0) 0 0
10-25 20:50:48.459  1907  4945 D EGL_emulation: eglCreateContext: 0x732cf729a780: maj 2 min 0 rcv 2
10-25 20:50:48.489  1907  4945 D EGL_emulation: eglMakeCurrent: 0x732cf729a780: ver 2 0 (tinfo 0x732cfaf2a6e0)
10-25 20:50:48.537  1752  1752 I keystore: clear_uid 10158
10-25 20:50:48.542  1907  1944 D PackageManager: Instant App installer not found with android.intent.action.INSTALL_INSTANT_APP_PACKAGE
10-25 20:50:48.542  1907  1944 D PackageManager: Clear ephemeral installer activity
10-25 20:50:48.543  1907  1944 I system_server: Waiting for a blocking GC Explicit
10-25 20:50:48.558 27760 27760 I MicroDetectionWorker: #startMicroDetector [speakerMode: 0]
10-25 20:50:48.558 27760 27760 I AudioController: Using mInputStreamFactoryBuilder
10-25 20:50:48.558 27760 27760 I AudioController: Created new AudioSource
10-25 20:50:48.562  1745  1986 W SurfaceFlinger: Attempting to set client state on removed layer: com.google.android.packageinstaller/com.android.packageinstaller.UninstallerActivity#0
10-25 20:50:48.562  1745  1986 W SurfaceFlinger: Attempting to destroy on removed layer: com.google.android.packageinstaller/com.android.packageinstaller.UninstallerActivity#0
10-25 20:50:48.587 27760 27760 I MicroDetectionWorker: onReady
10-25 20:50:48.587  1745  1745 W SurfaceFlinger: couldn't log to binary event log: overflow.
10-25 20:50:48.611  2543  2553 W System  : A resource failed to call release. 
10-25 20:50:48.611  2543  2553 W System  : A resource failed to call release. 
10-25 20:50:48.619 27760 10767 I MicroRecognitionRunner: Starting detection.
10-25 20:50:48.620 27760 22138 I MicrophoneInputStream: mic_starting  SR : 16000 CC : 16 SO : 6
10-25 20:50:48.622  1646 30784 E         : Request requires android.permission.RECORD_AUDIO
10-25 20:50:48.622  1646 30784 E AudioPolicyIntefaceImpl: getInputForAttr permission denied: recording not allowed for uid 10027 pid 27760
10-25 20:50:48.622  1646 30784 E AudioFlinger: createRecord() checkRecordThread_l failed
10-25 20:50:48.623 27760 22138 E IAudioFlinger: createRecord returned error -22
10-25 20:50:48.623 27760 22138 E AudioRecord: AudioFlinger could not create record track, status: -22
10-25 20:50:48.625 27760 22138 E AudioRecord-JNI: Error creating AudioRecord instance: initialization check failed with status -22.
10-25 20:50:48.625 27760 22138 E android.media.AudioRecord: Error code -20 when initializing native AudioRecord object.
10-25 20:50:48.625 27760 22138 I MicrophoneInputStream: mic_started  SR : 16000 CC : 16 SO : 6
10-25 20:50:48.627 27760 22138 E ActivityThread: Failed to find provider info for com.google.android.apps.gsa.testing.ui.audio.recorded
10-25 20:50:48.627 27760 27760 I MicroDetectionWorker: onReady
10-25 20:50:48.629 27760 22138 I MicrophoneInputStream: mic_close  SR : 16000 CC : 16 SO : 6
10-25 20:50:48.630 27760 10767 I MicroRecognitionRunner: Detection finished
10-25 20:50:48.630 27760 10767 W ErrorReporter: reportError [type: 211, code: 524300]: Error reading from input stream
10-25 20:50:48.632 27760  4234 I MicroRecognitionRunner: Stopping hotword detection.
10-25 20:50:48.633  1907  1918 I system_server: NativeAlloc concurrent copying GC freed 53975(2MB) AllocSpace objects, 6(248KB) LOS objects, 16% free, 31MB/37MB, paused 576us total 180.541ms
10-25 20:50:48.634 27760 10767 W ErrorProcessor: onFatalError, processing error from engine(4)
10-25 20:50:48.634 27760 10767 W ErrorProcessor: com.google.android.apps.gsa.shared.speech.b.g: Error reading from input stream
10-25 20:50:48.634 27760 10767 W ErrorProcessor: 	at com.google.android.apps.gsa.staticplugins.microdetection.d.k.a(SourceFile:91)
10-25 20:50:48.634 27760 10767 W ErrorProcessor: 	at com.google.android.apps.gsa.staticplugins.microdetection.d.l.run(Unknown Source:14)
10-25 20:50:48.634 27760 10767 W ErrorProcessor: 	at com.google.android.libraries.gsa.runner.a.a.b(SourceFile:32)
10-25 20:50:48.634 27760 10767 W ErrorProcessor: 	at com.google.android.libraries.gsa.runner.a.c.call(Unknown Source:4)
10-25 20:50:48.634 27760 10767 W ErrorProcessor: 	at java.util.concurrent.FutureTask.run(FutureTask.java:266)
10-25 20:50:48.634 27760 10767 W ErrorProcessor: 	at java.util.concurrent.Executors$RunnableAdapter.call(Executors.java:458)
10-25 20:50:48.634 27760 10767 W ErrorProcessor: 	at java.util.concurrent.FutureTask.run(FutureTask.java:266)
10-25 20:50:48.634 27760 10767 W ErrorProcessor: 	at com.google.android.apps.gsa.shared.util.concurrent.b.g.run(Unknown Source:4)
10-25 20:50:48.634 27760 10767 W ErrorProcessor: 	at com.google.android.apps.gsa.shared.util.concurrent.b.aw.run(SourceFile:4)
10-25 20:50:48.634 27760 10767 W ErrorProcessor: 	at com.google.android.apps.gsa.shared.util.concurrent.b.aw.run(SourceFile:4)
10-25 20:50:48.634 27760 10767 W ErrorProcessor: 	at java.util.concurrent.ThreadPoolExecutor.runWorker(ThreadPoolExecutor.java:1167)
10-25 20:50:48.634 27760 10767 W ErrorProcessor: 	at java.util.concurrent.ThreadPoolExecutor$Worker.run(ThreadPoolExecutor.java:641)
10-25 20:50:48.634 27760 10767 W ErrorProcessor: 	at java.lang.Thread.run(Thread.java:764)
10-25 20:50:48.634 27760 10767 W ErrorProcessor: 	at com.google.android.apps.gsa.shared.util.concurrent.b.i.run(SourceFile:6)
10-25 20:50:48.634 27760 10767 W ErrorProcessor: Caused by: com.google.android.apps.gsa.shared.exception.GsaIOException: Error code: 393238 | Buffer overflow, no available space.
10-25 20:50:48.634 27760 10767 W ErrorProcessor: 	at com.google.android.apps.gsa.speech.audio.Tee.j(SourceFile:103)
10-25 20:50:48.634 27760 10767 W ErrorProcessor: 	at com.google.android.apps.gsa.speech.audio.au.read(SourceFile:2)
10-25 20:50:48.634 27760 10767 W ErrorProcessor: 	at java.io.InputStream.read(InputStream.java:101)
10-25 20:50:48.634 27760 10767 W ErrorProcessor: 	at com.google.android.apps.gsa.speech.audio.ao.run(SourceFile:17)
10-25 20:50:48.634 27760 10767 W ErrorProcessor: 	at com.google.android.apps.gsa.speech.audio.an.run(SourceFile:2)
10-25 20:50:48.634 27760 10767 W ErrorProcessor: 	at java.util.concurrent.Executors$RunnableAdapter.call(Executors.java:458)
10-25 20:50:48.634 27760 10767 W ErrorProcessor: 	... 10 more
10-25 20:50:48.634  1907  1944 I system_server: WaitForGcToComplete blocked Explicit on HeapTrim for 91.671ms
10-25 20:50:48.642 27760 10767 I AudioController: internalShutdown
10-25 20:50:48.688  1848  1848 E netmgr  : Failed to open QEMU pipe 'qemud:network': Invalid argument
10-25 20:50:48.688  1848  1848 E netmgr  : WifiForwarder unable to open QEMU pipe: Invalid argument
10-25 20:50:48.748 27760 27760 I MicroDetector: Keeping mic open: false
10-25 20:50:48.749 27760 27760 I MicroDetectionWorker: #onError(false)
10-25 20:50:48.749 27760  4220 I DeviceStateChecker: DeviceStateChecker cancelled
10-25 20:50:48.760  1745  1771 W SurfaceFlinger: Attempting to set client state on removed layer: com.google.android.packageinstaller/com.android.packageinstaller.UninstallerActivity#1
10-25 20:50:48.760  1745  1771 W SurfaceFlinger: Attempting to destroy on removed layer: com.google.android.packageinstaller/com.android.packageinstaller.UninstallerActivity#1
10-25 20:50:48.765  1745  1771 W SurfaceFlinger: Attempting to destroy on removed layer: Task=1010#0
10-25 20:50:48.780  2051  2329 D EGL_emulation: eglMakeCurrent: 0x732d1d03bb80: ver 2 0 (tinfo 0x732d1d06b160)
10-25 20:50:48.794  1907  2026 I GnssLocationProvider: WakeLock acquired by sendMessage(REPORT_SV_STATUS, 0, com.android.server.location.GnssLocationProvider$SvStatusInfo@f6ac8b3)
10-25 20:50:48.795  1907  1928 I GnssLocationProvider: WakeLock released by handleMessage(REPORT_SV_STATUS, 0, com.android.server.location.GnssLocationProvider$SvStatusInfo@f6ac8b3)
10-25 20:50:48.851  1907  1944 I system_server: Explicit concurrent copying GC freed 15780(842KB) AllocSpace objects, 5(228KB) LOS objects, 16% free, 30MB/36MB, paused 1.301ms total 210.547ms
10-25 20:50:48.852  1907  1918 I system_server: WaitForGcToComplete blocked NativeAlloc on HeapTrim for 94.083ms
10-25 20:50:48.879 21955 21955 I UninstallFinish: Uninstall finished extras=Bundle[{android.content.pm.extra.STATUS=0, android.content.pm.extra.PACKAGE_NAME=com.companyname.mauiappr8error, com.android.packageinstaller.extra.APP_LABEL=MauiAppR8Error, com.android.packageinstaller.applicationInfo=ApplicationInfo{8ca9896 com.companyname.mauiappr8error}, android.intent.extra.UNINSTALL_ALL_USERS=false, android.content.pm.extra.LEGACY_STATUS=1, com.android.packageinstaller.extra.UNINSTALL_ID=-2147483619, android.content.pm.extra.STATUS_MESSAGE=DELETE_SUCCEEDED}]
10-25 20:50:48.880  1907  1944 I ActivityManager: Force stopping com.companyname.mauiappr8error appid=10158 user=0: pkg removed
10-25 20:50:48.897  1907  1929 W BroadcastQueue: Background execution not allowed: receiving Intent { act=android.intent.action.PACKAGE_REMOVED dat=package:com.companyname.mauiappr8error flg=0x4000010 (has extras) } to com.android.musicfx/.Compatibility$Receiver
10-25 20:50:48.897  1907  1929 W BroadcastQueue: Background execution not allowed: receiving Intent { act=android.intent.action.PACKAGE_REMOVED dat=package:com.companyname.mauiappr8error flg=0x4000010 (has extras) } to com.google.android.gms/.games.chimera.GamesSystemBroadcastReceiverProxy
10-25 20:50:48.898  1907  1929 W BroadcastQueue: Background execution not allowed: receiving Intent { act=android.intent.action.PACKAGE_REMOVED dat=package:com.companyname.mauiappr8error flg=0x4000010 (has extras) } to com.google.android.gms/.chimera.GmsIntentOperationService$PersistentTrustedReceiver
10-25 20:50:48.900  1907  1929 W BroadcastQueue: Background execution not allowed: receiving Intent { act=android.intent.action.PACKAGE_REMOVED dat=package:com.companyname.mauiappr8error flg=0x4000010 (has extras) } to com.google.android.googlequicksearchbox/com.google.android.apps.gsa.googlequicksearchbox.GelStubAppWatcher
10-25 20:50:48.935  2359  2359 I GeofencerStateMachine: removeGeofences: removeRequest=RemoveGeofencingRequest[REMOVE_ALL packageName=com.companyname.mauiappr8error]
10-25 20:50:48.949 15123 15123 E CarrierServices: [2] btx.a: Invalid signature found for com.android.contacts: E39B7BFBE0A67D78292F6CC62E06CA27A2EBF255
10-25 20:50:48.972  1638  5603 D gralloc_ranchu: gralloc_alloc: Creating ashmem region of size 335872
10-25 20:50:48.982  1638  1702 D gralloc_ranchu: gralloc_alloc: Creating ashmem region of size 335872
10-25 20:50:48.984  1638  1701 D gralloc_ranchu: gralloc_alloc: Creating ashmem region of size 335872
10-25 20:50:49.008 15123 15123 E CarrierServices: [2] btx.a: Invalid signature found for com.android.contacts: E39B7BFBE0A67D78292F6CC62E06CA27A2EBF255
10-25 20:50:49.014  2181  2181 D CarrierSvcBindHelper: No carrier app for: 0
10-25 20:50:49.032 21955 21979 D EGL_emulation: eglMakeCurrent: 0x732d1d045040: ver 2 0 (tinfo 0x732d1d00dbc0)
10-25 20:50:49.075 13204 23041 I ProvidersCache: Provider returned no roots. Possibly naughty: com.google.android.apps.docs.storage
10-25 20:50:49.086  1907  1993 I InputReader: Reconfiguring input devices.  changes=0x00000010
10-25 20:50:49.095  1907  1907 W Looper  : Slow dispatch took 163ms main h=android.app.ActivityThread$H c=android.app.-$$Lambda$LoadedApk$ReceiverDispatcher$Args$_BumDX2UKsnxLVrE6UJsJZkotuA@7760c91 m=0
10-25 20:50:49.095  1907  1907 W Looper  : Slow delivery took 208ms main h=android.app.ActivityThread$H c=android.app.-$$Lambda$LoadedApk$ReceiverDispatcher$Args$_BumDX2UKsnxLVrE6UJsJZkotuA@1828664 m=0
10-25 20:50:49.110  1907  1907 D ZenLog  : config: removeAutomaticZenRules,ZenModeConfig[user=0,allowAlarms=true,allowMedia=true,allowSystem=false,allowReminders=false,allowEvents=false,allowCalls=true,allowRepeatCallers=true,allowMessages=false,allowCallsFrom=stars,allowMessagesFrom=contacts,suppressedVisualEffects=511,areChannelsBypassingDnd=false,automaticRules={EVENTS_DEFAULT_RULE=ZenRule[enabled=false,snoozing=false,name=Event,zenMode=ZEN_MODE_IMPORTANT_INTERRUPTIONS,conditionId=condition://android/event?userId=-10000&calendar=&reply=1,condition=Condition[id=condition://android/event?userId=-10000&calendar=&reply=1,summary=...,line1=...,line2=...,icon=0,state=STATE_FALSE,flags=2],component=ComponentInfo{android/com.android.server.notification.EventConditionProvider},id=EVENTS_DEFAULT_RULE,creationTime=1691170892988,enabler=null], EVERY_NIGHT_DEFAULT_RULE=ZenRule[enabled=false,snoozing=false,name=Sleeping,zenMode=ZEN_MODE_IMPORTANT_INTERRUPTIONS,conditionId=condition://android/schedule?days=1.2.3.4.5.6.7&start=22.0&end=7.0&exitAtAlarm=true,condition=Condition[id=condition://android/schedule?days=1.2.3.4.5.6.7&start=22.0&end=7.0&exitAtAlarm=true,summary=...,line1=...,line2=...,icon=0,state=STATE_FALSE,flags=2],component=ComponentInfo{android/com.android.server.notification.ScheduleConditionProvider},id=EVERY_NIGHT_DEFAULT_RULE,creationTime=1691170892988,enabler=null]},manualRule=null],Diff[]
10-25 20:50:49.110  1907  1907 I ConditionProviders: Disallowing condition provider com.companyname.mauiappr8error
10-25 20:50:49.149  1907  1918 I system_server: NativeAlloc concurrent copying GC freed 1069(215KB) AllocSpace objects, 1(20KB) LOS objects, 15% free, 31MB/37MB, paused 1.412ms total 275.624ms
10-25 20:50:49.152  2359 23049 I Fitness : FitCleanupIntentOperation received Intent android.intent.action.PACKAGE_REMOVED [CONTEXT service_id=17 ]
10-25 20:50:49.168  2501 22468 I ContentMaintenance: Internal cache bytes used: 0; limit: 100000000; download size: 0
10-25 20:50:49.176  2359  2370 I .gms.persisten: Background concurrent copying GC freed 139278(5MB) AllocSpace objects, 9(432KB) LOS objects, 34% free, 11MB/17MB, paused 5.037ms total 223.253ms
10-25 20:50:49.185  2501 23063 I Icing   : doRemovePackageData com.companyname.mauiappr8error
10-25 20:50:49.211  2501 22468 I RealtimeCacheCleanup: Beginning Realtime garbage collection.
10-25 20:50:49.219  2501 22468 I RealtimeCacheCleanup: Finished Realtime garbage collection.
10-25 20:50:49.234  2501  3823 I Icing   : IndexChimeraService.getServiceInterface callingPackage=com.google.android.gms componentName=AppsCorpus serviceId=36
10-25 20:50:49.262  2501 22468 I Icing   : Usage reports ok 0, Failed Usage reports 0, indexed 0, rejected 0
10-25 20:50:49.280  2501 22468 I Icing   : Indexing com.google.android.gms-apps from com.google.android.gms
10-25 20:50:49.297  1907  1907 W Looper  : Slow dispatch took 182ms main h=android.app.ActivityThread$H c=android.app.-$$Lambda$LoadedApk$ReceiverDispatcher$Args$_BumDX2UKsnxLVrE6UJsJZkotuA@be74ab6 m=0
10-25 20:50:49.299  1907  2008 D WifiConfigManager: Remove all networks for app ApplicationInfo{90273b7 com.companyname.mauiappr8error}
10-25 20:50:49.305  1907  1928 D AutofillManagerServiceImpl: Set component for user 0 as AutofillServiceInfo[ServiceInfo{f409453 com.google.android.gms.autofill.service.AutofillService}, settings:com.google.android.gms.autofill.ui.AutofillSettingsActivity, hasCompatPckgs:false]
10-25 20:50:49.307  1907  1930 D AutofillUI: destroySaveUiUiThread(): already destroyed
10-25 20:50:49.309  1907  1907 D ZenLog  : set_zen_mode: off,removeAutomaticZenRules
10-25 20:50:49.360  2501 22468 I Icing   : Indexing done com.google.android.gms-apps
10-25 20:50:49.366  2501  3823 I Icing   : IndexChimeraService.getServiceInterface callingPackage=com.google.android.gms componentName=null serviceId=30
10-25 20:50:49.372  1907  1907 W Looper  : Drained
10-25 20:50:49.413  2501 22468 I Icing   : Usage reports ok 0, Failed Usage reports 0, indexed 0, rejected 0
